Archive member included to satisfy reference by file (symbol)

/usr/local/mcuxpressoide-11.1.0_3209/ide/plugins/com.nxp.mcuxpresso.tools.linux_11.1.0.201909161352/tools/bin/../lib/gcc/arm-none-eabi/8.3.1/../../../../arm-none-eabi/lib/thumb/v6-m/nofp/libcr_semihost_nf.a(_cr__main.o)
                              ./startup/startup_mkl25z4.o (__main)
/usr/local/mcuxpressoide-11.1.0_3209/ide/plugins/com.nxp.mcuxpresso.tools.linux_11.1.0.201909161352/tools/bin/../lib/gcc/arm-none-eabi/8.3.1/../../../../arm-none-eabi/lib/thumb/v6-m/nofp/libcr_semihost_nf.a(_cr_assert.o)
                              ./drivers/fsl_clock.o (__assertion_failed)
/usr/local/mcuxpressoide-11.1.0_3209/ide/plugins/com.nxp.mcuxpresso.tools.linux_11.1.0.201909161352/tools/bin/../lib/gcc/arm-none-eabi/8.3.1/../../../../arm-none-eabi/lib/thumb/v6-m/nofp/libcr_semihost_nf.a(__ciob.o)
                              /usr/local/mcuxpressoide-11.1.0_3209/ide/plugins/com.nxp.mcuxpresso.tools.linux_11.1.0.201909161352/tools/bin/../lib/gcc/arm-none-eabi/8.3.1/../../../../arm-none-eabi/lib/thumb/v6-m/nofp/libcr_semihost_nf.a(_cr_assert.o) (__Ciob)
/usr/local/mcuxpressoide-11.1.0_3209/ide/plugins/com.nxp.mcuxpresso.tools.linux_11.1.0.201909161352/tools/bin/../lib/gcc/arm-none-eabi/8.3.1/../../../../arm-none-eabi/lib/thumb/v6-m/nofp/libcr_semihost_nf.a(__sys_appexit.o)
                              /usr/local/mcuxpressoide-11.1.0_3209/ide/plugins/com.nxp.mcuxpresso.tools.linux_11.1.0.201909161352/tools/bin/../lib/gcc/arm-none-eabi/8.3.1/../../../../arm-none-eabi/lib/thumb/v6-m/nofp/libcr_semihost_nf.a(_cr_assert.o) (__sys_appexit)
/usr/local/mcuxpressoide-11.1.0_3209/ide/plugins/com.nxp.mcuxpresso.tools.linux_11.1.0.201909161352/tools/bin/../lib/gcc/arm-none-eabi/8.3.1/../../../../arm-none-eabi/lib/thumb/v6-m/nofp/libcr_c.a(memcpy.o)
                              ./drivers/fsl_flash.o (memcpy)
/usr/local/mcuxpressoide-11.1.0_3209/ide/plugins/com.nxp.mcuxpresso.tools.linux_11.1.0.201909161352/tools/bin/../lib/gcc/arm-none-eabi/8.3.1/../../../../arm-none-eabi/lib/thumb/v6-m/nofp/libcr_c.a(memset.o)
                              ./drivers/fsl_flash.o (memset)
/usr/local/mcuxpressoide-11.1.0_3209/ide/plugins/com.nxp.mcuxpresso.tools.linux_11.1.0.201909161352/tools/bin/../lib/gcc/arm-none-eabi/8.3.1/../../../../arm-none-eabi/lib/thumb/v6-m/nofp/libcr_c.a(_deferredlazyseek.o)
                              /usr/local/mcuxpressoide-11.1.0_3209/ide/plugins/com.nxp.mcuxpresso.tools.linux_11.1.0.201909161352/tools/bin/../lib/gcc/arm-none-eabi/8.3.1/../../../../arm-none-eabi/lib/thumb/v6-m/nofp/libcr_semihost_nf.a(_cr_assert.o) (__flsbuf)
/usr/local/mcuxpressoide-11.1.0_3209/ide/plugins/com.nxp.mcuxpresso.tools.linux_11.1.0.201909161352/tools/bin/../lib/gcc/arm-none-eabi/8.3.1/../../../../arm-none-eabi/lib/thumb/v6-m/nofp/libcr_c.a(_fflush.o)
                              /usr/local/mcuxpressoide-11.1.0_3209/ide/plugins/com.nxp.mcuxpresso.tools.linux_11.1.0.201909161352/tools/bin/../lib/gcc/arm-none-eabi/8.3.1/../../../../arm-none-eabi/lib/thumb/v6-m/nofp/libcr_c.a(_deferredlazyseek.o) (_fflush)
/usr/local/mcuxpressoide-11.1.0_3209/ide/plugins/com.nxp.mcuxpresso.tools.linux_11.1.0.201909161352/tools/bin/../lib/gcc/arm-none-eabi/8.3.1/../../../../arm-none-eabi/lib/thumb/v6-m/nofp/libcr_c.a(_writebuf.o)
                              /usr/local/mcuxpressoide-11.1.0_3209/ide/plugins/com.nxp.mcuxpresso.tools.linux_11.1.0.201909161352/tools/bin/../lib/gcc/arm-none-eabi/8.3.1/../../../../arm-none-eabi/lib/thumb/v6-m/nofp/libcr_c.a(_deferredlazyseek.o) (_Cwritebuf)
/usr/local/mcuxpressoide-11.1.0_3209/ide/plugins/com.nxp.mcuxpresso.tools.linux_11.1.0.201909161352/tools/bin/../lib/gcc/arm-none-eabi/8.3.1/../../../../arm-none-eabi/lib/thumb/v6-m/nofp/libcr_c.a(alloc.o)
                              /usr/local/mcuxpressoide-11.1.0_3209/ide/plugins/com.nxp.mcuxpresso.tools.linux_11.1.0.201909161352/tools/bin/../lib/gcc/arm-none-eabi/8.3.1/../../../../arm-none-eabi/lib/thumb/v6-m/nofp/libcr_c.a(_deferredlazyseek.o) (_Csys_alloc)
/usr/local/mcuxpressoide-11.1.0_3209/ide/plugins/com.nxp.mcuxpresso.tools.linux_11.1.0.201909161352/tools/bin/../lib/gcc/arm-none-eabi/8.3.1/../../../../arm-none-eabi/lib/thumb/v6-m/nofp/libcr_c.a(fputs.o)
                              /usr/local/mcuxpressoide-11.1.0_3209/ide/plugins/com.nxp.mcuxpresso.tools.linux_11.1.0.201909161352/tools/bin/../lib/gcc/arm-none-eabi/8.3.1/../../../../arm-none-eabi/lib/thumb/v6-m/nofp/libcr_semihost_nf.a(_cr_assert.o) (fputs)
/usr/local/mcuxpressoide-11.1.0_3209/ide/plugins/com.nxp.mcuxpresso.tools.linux_11.1.0.201909161352/tools/bin/../lib/gcc/arm-none-eabi/8.3.1/../../../../arm-none-eabi/lib/thumb/v6-m/nofp/libcr_c.a(fseek.o)
                              /usr/local/mcuxpressoide-11.1.0_3209/ide/plugins/com.nxp.mcuxpresso.tools.linux_11.1.0.201909161352/tools/bin/../lib/gcc/arm-none-eabi/8.3.1/../../../../arm-none-eabi/lib/thumb/v6-m/nofp/libcr_c.a(_deferredlazyseek.o) (fseek)
[...]
Memory Configuration

Name             Origin             Length             Attributes
PROGRAM_FLASH    0x0000000000000000 0x0000000000020000 xr
SRAM             0x000000001ffff000 0x0000000000004000 xrw
*default*        0x0000000000000000 0xffffffffffffffff

Linker script and memory map

LOAD ./utilities/fsl_debug_console.o
LOAD ./startup/startup_mkl25z4.o
LOAD ./source/PES_Project_2.o
LOAD ./source/gpio.o
LOAD ./source/led.o
LOAD ./source/log.o
LOAD ./source/mtb.o
LOAD ./source/semihost_hardfault.o
LOAD ./source/timer.o
LOAD ./source/touch_sen.o
LOAD ./drivers/fsl_clock.o
LOAD ./drivers/fsl_common.o
LOAD ./drivers/fsl_flash.o
LOAD ./drivers/fsl_gpio.o
LOAD ./drivers/fsl_lpsci.o
LOAD ./drivers/fsl_smc.o
LOAD ./drivers/fsl_uart.o
LOAD ./board/board.o
LOAD ./board/clock_config.o
LOAD ./board/peripherals.o
LOAD ./board/pin_mux.o
LOAD ./CMSIS/system_MKL25Z4.o
START GROUP
LOAD /usr/local/mcuxpressoide-11.1.0_3209/ide/plugins/com.nxp.mcuxpresso.tools.linux_11.1.0.201909161352/tools/bin/../lib/gcc/arm-none-eabi/8.3.1/../../../../arm-none-eabi/lib/thumb/v6-m/nofp/libcr_semihost_nf.a
LOAD /usr/local/mcuxpressoide-11.1.0_3209/ide/plugins/com.nxp.mcuxpresso.tools.linux_11.1.0.201909161352/tools/bin/../lib/gcc/arm-none-eabi/8.3.1/../../../../arm-none-eabi/lib/thumb/v6-m/nofp/libcr_c.a
LOAD /usr/local/mcuxpressoide-11.1.0_3209/ide/plugins/com.nxp.mcuxpresso.tools.linux_11.1.0.201909161352/tools/bin/../lib/gcc/arm-none-eabi/8.3.1/thumb/v6-m/nofp/libcr_eabihelpers.a
LOAD /usr/local/mcuxpressoide-11.1.0_3209/ide/plugins/com.nxp.mcuxpresso.tools.linux_11.1.0.201909161352/tools/bin/../lib/gcc/arm-none-eabi/8.3.1/thumb/v6-m/nofp/libgcc.a
END GROUP
                0x0000000000000000                __base_PROGRAM_FLASH = 0x0
                0x0000000000000000                __base_Flash = 0x0
                0x0000000000020000                __top_PROGRAM_FLASH = 0x20000
                0x0000000000020000                __top_Flash = 0x20000
                0x000000001ffff000                __base_SRAM = 0x1ffff000
                0x000000001ffff000                __base_RAM = 0x1ffff000
                0x0000000020003000                __top_SRAM = 0x20003000
                0x0000000020003000                __top_RAM = 0x20003000

.text           0x0000000000000000     0x3bc0
 FILL mask 0xff
                0x0000000000000000                __vectors_start__ = ABSOLUTE (.)
 *(SORT_BY_ALIGNMENT(.isr_vector))
 .isr_vector    0x0000000000000000       0xc0 ./startup/startup_mkl25z4.o
                0x0000000000000000                __Vectors
                0x0000000000000000                g_pfnVectors
                0x00000000000000c0                . = ALIGN (0x4)
                0x00000000000000c0                __section_table_start = .
                0x00000000000000c0                __data_section_table = .
                0x00000000000000c0        0x4 LONG 0x3bc0 LOADADDR (.data)
                0x00000000000000c4        0x4 LONG 0x1ffff080 ADDR (.data)
                0x00000000000000c8        0x4 LONG 0x20 SIZEOF (.data)
                0x00000000000000cc                __data_section_table_end = .
                0x00000000000000cc                __bss_section_table = .
                0x00000000000000cc        0x4 LONG 0x1ffff0a0 ADDR (.bss)
                0x00000000000000d0        0x4 LONG 0xf0 SIZEOF (.bss)
                0x00000000000000d4                __bss_section_table_end = .
                0x00000000000000d4                __section_table_end = .
 *(SORT_BY_ALIGNMENT(.after_vectors*))
 .after_vectors.reset
                0x00000000000000d4       0x4c ./startup/startup_mkl25z4.o
                0x00000000000000d4                ResetISR
 .after_vectors.init_data
                0x0000000000000120       0x12 ./startup/startup_mkl25z4.o
                0x0000000000000120                data_init
 .after_vectors.init_bss
                0x0000000000000132       0x10 ./startup/startup_mkl25z4.o
                0x0000000000000132                bss_init
 .after_vectors
                0x0000000000000142      0x10c ./startup/startup_mkl25z4.o
                0x0000000000000142                NMI_Handler
                0x0000000000000146                SVC_Handler
                0x0000000000000148                PendSV_Handler
                0x000000000000014a                SysTick_Handler
                0x000000000000014c                PIT_DriverIRQHandler
                0x000000000000014c                Reserved39_DriverIRQHandler
                0x000000000000014c                DMA0_DriverIRQHandler
                0x000000000000014c                SPI1_DriverIRQHandler
                0x000000000000014c                LPTMR0_DriverIRQHandler
                0x000000000000014c                TPM2_DriverIRQHandler
                0x000000000000014c                TSI0_DriverIRQHandler
                0x000000000000014c                RTC_Seconds_DriverIRQHandler
                0x000000000000014c                LLWU_DriverIRQHandler
                0x000000000000014c                MCG_DriverIRQHandler
                0x000000000000014c                FTFA_DriverIRQHandler
                0x000000000000014c                IntDefaultHandler
                0x000000000000014c                USB0_DriverIRQHandler
                0x000000000000014c                DAC0_DriverIRQHandler
                0x000000000000014c                LVD_LVW_DriverIRQHandler
                0x000000000000014c                TPM0_DriverIRQHandler
                0x000000000000014c                Reserved20_DriverIRQHandler
                0x000000000000014c                DMA3_DriverIRQHandler
                0x000000000000014c                Reserved45_DriverIRQHandler
                0x000000000000014c                PORTA_DriverIRQHandler
                0x000000000000014c                TPM1_DriverIRQHandler
                0x000000000000014c                RTC_DriverIRQHandler
                0x000000000000014c                DMA1_DriverIRQHandler
                0x000000000000014c                I2C1_DriverIRQHandler
                0x000000000000014c                SPI0_DriverIRQHandler
                0x000000000000014c                ADC0_DriverIRQHandler
                0x000000000000014c                CMP0_DriverIRQHandler
                0x000000000000014c                DMA2_DriverIRQHandler
                0x000000000000014c                PORTD_DriverIRQHandler
                0x000000000000014c                I2C0_DriverIRQHandler
                0x000000000000014e                DMA0_IRQHandler
                0x0000000000000156                DMA1_IRQHandler
                0x000000000000015e                DMA2_IRQHandler
                0x0000000000000166                DMA3_IRQHandler
                0x000000000000016e                Reserved20_IRQHandler
                0x0000000000000176                FTFA_IRQHandler
                0x000000000000017e                LVD_LVW_IRQHandler
                0x0000000000000186                LLWU_IRQHandler
                0x000000000000018e                I2C0_IRQHandler
                0x0000000000000196                I2C1_IRQHandler
                0x000000000000019e                SPI0_IRQHandler
                0x00000000000001a6                SPI1_IRQHandler
                0x00000000000001ae                UART0_IRQHandler
                0x00000000000001b6                UART1_IRQHandler
                0x00000000000001be                UART2_IRQHandler
                0x00000000000001c6                ADC0_IRQHandler
                0x00000000000001ce                CMP0_IRQHandler
                0x00000000000001d6                TPM0_IRQHandler
                0x00000000000001de                TPM1_IRQHandler
                0x00000000000001e6                TPM2_IRQHandler
                0x00000000000001ee                RTC_IRQHandler
                0x00000000000001f6                RTC_Seconds_IRQHandler
                0x00000000000001fe                PIT_IRQHandler
                0x0000000000000206                Reserved39_IRQHandler
                0x000000000000020e                USB0_IRQHandler
                0x0000000000000216                DAC0_IRQHandler
                0x000000000000021e                TSI0_IRQHandler
                0x0000000000000226                MCG_IRQHandler
                0x000000000000022e                LPTMR0_IRQHandler
                0x0000000000000236                Reserved45_IRQHandler
                0x000000000000023e                PORTA_IRQHandler
                0x0000000000000246                PORTD_IRQHandler
                0x0000000000000400                . = 0x400
 *fill*         0x000000000000024e      0x1b2 ff
                0x0000000000000400                PROVIDE (__FLASH_CONFIG_START__ = .)
 *(SORT_BY_ALIGNMENT(.FlashConfig))
 .FlashConfig   0x0000000000000400       0x10 ./startup/startup_mkl25z4.o
                0x0000000000000400                Flash_Config
                0x0000000000000410                PROVIDE (__FLASH_CONFIG_END__ = .)
                0x0000000000000001                ASSERT (! ((__FLASH_CONFIG_START__ == __FLASH_CONFIG_END__)), Linker Flash Config Support Enabled, but no .FlashConfig section provided within application)
 *(SORT_BY_ALIGNMENT(.text*))
 .text.DbgConsole_Init
                0x0000000000000410       0xf0 ./utilities/fsl_debug_console.o
                0x0000000000000410                DbgConsole_Init
 .text.main     0x0000000000000500       0x30 ./source/PES_Project_2.o
                0x0000000000000500                main
 .text.init_LED
                0x0000000000000530       0x38 ./source/led.o
                0x0000000000000530                init_LED
 .text.turn_LED_project2_pattern
                0x0000000000000568       0xec ./source/led.o
                0x0000000000000568                turn_LED_project2_pattern
 .text.turn_LED
                0x0000000000000654       0x6c ./source/led.o
                0x0000000000000654                turn_LED
 .text.change_LED_color
                0x00000000000006c0       0x20 ./source/led.o
                0x00000000000006c0                change_LED_color
 .text.turn_LED_red
                0x00000000000006e0       0x98 ./source/led.o
                0x00000000000006e0                turn_LED_red
 .text.turn_LED_green
                0x0000000000000778       0x98 ./source/led.o
                0x0000000000000778                turn_LED_green
 .text.turn_LED_blue
                0x0000000000000810       0x98 ./source/led.o
                0x0000000000000810                turn_LED_blue
 .text.HardFault_Handler
                0x00000000000008a8       0x30 ./source/semihost_hardfault.o
                0x00000000000008a8                HardFault_Handler
 .text.delay_ms
                0x00000000000008d8       0xac ./source/timer.o
                0x00000000000008d8                delay_ms
 .text.Touch_Init
                0x0000000000000984       0x30 ./source/touch_sen.o
                0x0000000000000984                Touch_Init
 .text.Touch_Scan_LH
                0x00000000000009b4       0x4c ./source/touch_sen.o
                0x00000000000009b4                Touch_Scan_LH
 .text.Touch_Scan_HL
                0x0000000000000a00       0x4c ./source/touch_sen.o
                0x0000000000000a00                Touch_Scan_HL
 .text.Touch_Scan_Position
                0x0000000000000a4c       0xf8 ./source/touch_sen.o
                0x0000000000000a4c                Touch_Scan_Position
 .text.CLOCK_SetEr32kClock
                0x0000000000000b44       0x34 ./drivers/fsl_clock.o
 .text.CLOCK_SetPllFllSelClock
                0x0000000000000b78       0x38 ./drivers/fsl_clock.o
 .text.CLOCK_GetMcgExtClkFreq
                0x0000000000000bb0       0x28 ./drivers/fsl_clock.o
 .text.CLOCK_GetFllExtRefClkFreq
                0x0000000000000bd8       0xa4 ./drivers/fsl_clock.o
 .text.CLOCK_GetFllRefClkFreq
                0x0000000000000c7c       0x2c ./drivers/fsl_clock.o
 .text.CLOCK_GetOscRangeFromFreq
                0x0000000000000ca8       0x4c ./drivers/fsl_clock.o
 .text.CLOCK_GetPllFllSelClkFreq
                0x0000000000000cf4       0x4c ./drivers/fsl_clock.o
                0x0000000000000cf4                CLOCK_GetPllFllSelClkFreq
 .text.CLOCK_SetSimConfig
                0x0000000000000d40       0x38 ./drivers/fsl_clock.o
                0x0000000000000d40                CLOCK_SetSimConfig
 .text.CLOCK_GetFllFreq
                0x0000000000000d78       0x84 ./drivers/fsl_clock.o
                0x0000000000000d78                CLOCK_GetFllFreq
 .text.CLOCK_GetPll0Freq
                0x0000000000000dfc       0x70 ./drivers/fsl_clock.o
                0x0000000000000dfc                CLOCK_GetPll0Freq
 .text.CLOCK_SetInternalRefClkConfig
                0x0000000000000e6c      0x124 ./drivers/fsl_clock.o
                0x0000000000000e6c                CLOCK_SetInternalRefClkConfig
 .text.CLOCK_EnablePll0
                0x0000000000000f90       0x90 ./drivers/fsl_clock.o
                0x0000000000000f90                CLOCK_EnablePll0
 .text.CLOCK_InitOsc0
                0x0000000000001020       0x94 ./drivers/fsl_clock.o
                0x0000000000001020                CLOCK_InitOsc0
 .text.CLOCK_SetPbeMode
                0x00000000000010b4       0xb0 ./drivers/fsl_clock.o
                0x00000000000010b4                CLOCK_SetPbeMode
 .text.CLOCK_BootToPeeMode
                0x0000000000001164       0x70 ./drivers/fsl_clock.o
                0x0000000000001164                CLOCK_BootToPeeMode
 .text.CLOCK_EnableClock
                0x00000000000011d4       0x34 ./drivers/fsl_lpsci.o
 .text.LPSCI_GetInstance
                0x0000000000001208       0x48 ./drivers/fsl_lpsci.o
                0x0000000000001208                LPSCI_GetInstance
 .text.LPSCI_Init
                0x0000000000001250      0x258 ./drivers/fsl_lpsci.o
                0x0000000000001250                LPSCI_Init
 .text.LPSCI_GetDefaultConfig
                0x00000000000014a8       0x44 ./drivers/fsl_lpsci.o
                0x00000000000014a8                LPSCI_GetDefaultConfig
 .text.LPSCI_ClearStatusFlags
                0x00000000000014ec       0x94 ./drivers/fsl_lpsci.o
                0x00000000000014ec                LPSCI_ClearStatusFlags
 .text.LPSCI_WriteBlocking
                0x0000000000001580       0x4c ./drivers/fsl_lpsci.o
                0x0000000000001580                LPSCI_WriteBlocking
 .text.LPSCI_ReadBlocking
                0x00000000000015cc       0xc0 ./drivers/fsl_lpsci.o
                0x00000000000015cc                LPSCI_ReadBlocking
 .text.UART0_DriverIRQHandler
                0x000000000000168c       0x24 ./drivers/fsl_lpsci.o
                0x000000000000168c                UART0_DriverIRQHandler
 .text.CLOCK_EnableClock
                0x00000000000016b0       0x34 ./drivers/fsl_uart.o
 .text.UART_GetInstance
                0x00000000000016e4       0x54 ./drivers/fsl_uart.o
                0x00000000000016e4                UART_GetInstance
 .text.UART_Init
                0x0000000000001738      0x1e0 ./drivers/fsl_uart.o
                0x0000000000001738                UART_Init
 .text.UART_GetDefaultConfig
                0x0000000000001918       0x44 ./drivers/fsl_uart.o
                0x0000000000001918                UART_GetDefaultConfig
 .text.UART_ReadBlocking
                0x000000000000195c       0x98 ./drivers/fsl_uart.o
                0x000000000000195c                UART_ReadBlocking
 .text.UART1_DriverIRQHandler
                0x00000000000019f4       0x24 ./drivers/fsl_uart.o
                0x00000000000019f4                UART1_DriverIRQHandler
 .text.UART2_DriverIRQHandler
                0x0000000000001a18       0x24 ./drivers/fsl_uart.o
                0x0000000000001a18                UART2_DriverIRQHandler
 .text.CLOCK_SetLpsci0Clock
                0x0000000000001a3c       0x38 ./board/board.o
 .text.BOARD_InitDebugConsole
                0x0000000000001a74       0x30 ./board/board.o
                0x0000000000001a74                BOARD_InitDebugConsole
 .text.CLOCK_SetSimSafeDivs
                0x0000000000001aa4       0x20 ./board/clock_config.o
 .text.CLOCK_SetXtal0Freq
                0x0000000000001ac4       0x1c ./board/clock_config.o
 .text.CLOCK_CONFIG_SetFllExtRefDiv
                0x0000000000001ae0       0x3c ./board/clock_config.o
 .text.BOARD_BootClockRUN
                0x0000000000001b1c       0x64 ./board/clock_config.o
                0x0000000000001b1c                BOARD_BootClockRUN
 .text.CLOCK_EnableClock
                0x0000000000001b80       0x34 ./board/pin_mux.o
 .text.PORT_SetPinMux
                0x0000000000001bb4       0x40 ./board/pin_mux.o
 .text.BOARD_InitPins
                0x0000000000001bf4       0xa8 ./board/pin_mux.o
                0x0000000000001bf4                BOARD_InitPins
 .text.SystemInit
                0x0000000000001c9c       0x18 ./CMSIS/system_MKL25Z4.o
                0x0000000000001c9c                SystemInit
 .text.__assertion_failed
                0x0000000000001cb4       0x4c /usr/local/mcuxpressoide-11.1.0_3209/ide/plugins/com.nxp.mcuxpresso.tools.linux_11.1.0.201909161352/tools/bin/../lib/gcc/arm-none-eabi/8.3.1/../../../../arm-none-eabi/lib/thumb/v6-m/nofp/libcr_semihost_nf.a(_cr_assert.o)
                0x0000000000001cb4                __assertion_failed
 .text.__sys_appexit
                0x0000000000001d00        0xc /usr/local/mcuxpressoide-11.1.0_3209/ide/plugins/com.nxp.mcuxpresso.tools.linux_11.1.0.201909161352/tools/bin/../lib/gcc/arm-none-eabi/8.3.1/../../../../arm-none-eabi/lib/thumb/v6-m/nofp/libcr_semihost_nf.a(__sys_appexit.o)
                0x0000000000001d00                __exit
                0x0000000000001d00                __sys_appexit
 .text._deferredlazyseek
                0x0000000000001d0c       0x40 /usr/local/mcuxpressoide-11.1.0_3209/ide/plugins/com.nxp.mcuxpresso.tools.linux_11.1.0.201909161352/tools/bin/../lib/gcc/arm-none-eabi/8.3.1/../../../../arm-none-eabi/lib/thumb/v6-m/nofp/libcr_c.a(_deferredlazyseek.o)
                0x0000000000001d0c                _deferredlazyseek
 .text.__flsbuf
                0x0000000000001d4c      0x14c /usr/local/mcuxpressoide-11.1.0_3209/ide/plugins/com.nxp.mcuxpresso.tools.linux_11.1.0.201909161352/tools/bin/../lib/gcc/arm-none-eabi/8.3.1/../../../../arm-none-eabi/lib/thumb/v6-m/nofp/libcr_c.a(_deferredlazyseek.o)
                0x0000000000001d4c                __flsbuf
 .text._fflush  0x0000000000001e98       0x5c /usr/local/mcuxpressoide-11.1.0_3209/ide/plugins/com.nxp.mcuxpresso.tools.linux_11.1.0.201909161352/tools/bin/../lib/gcc/arm-none-eabi/8.3.1/../../../../arm-none-eabi/lib/thumb/v6-m/nofp/libcr_c.a(_fflush.o)
                0x0000000000001e98                _fflush
 .text._Cwritebuf
                0x0000000000001ef4       0x68 /usr/local/mcuxpressoide-11.1.0_3209/ide/plugins/com.nxp.mcuxpresso.tools.linux_11.1.0.201909161352/tools/bin/../lib/gcc/arm-none-eabi/8.3.1/../../../../arm-none-eabi/lib/thumb/v6-m/nofp/libcr_c.a(_writebuf.o)
                0x0000000000001ef4                _Cwritebuf
 .text.malloc   0x0000000000001f5c       0xcc /usr/local/mcuxpressoide-11.1.0_3209/ide/plugins/com.nxp.mcuxpresso.tools.linux_11.1.0.201909161352/tools/bin/../lib/gcc/arm-none-eabi/8.3.1/../../../../arm-none-eabi/lib/thumb/v6-m/nofp/libcr_c.a(alloc.o)
                0x0000000000001f5c                malloc
 .text._Csys_alloc
                0x0000000000002028       0x20 /usr/local/mcuxpressoide-11.1.0_3209/ide/plugins/com.nxp.mcuxpresso.tools.linux_11.1.0.201909161352/tools/bin/../lib/gcc/arm-none-eabi/8.3.1/../../../../arm-none-eabi/lib/thumb/v6-m/nofp/libcr_c.a(alloc.o)
                0x0000000000002028                _Csys_alloc
 .text.fseek    0x0000000000002048       0xf0 /usr/local/mcuxpressoide-11.1.0_3209/ide/plugins/com.nxp.mcuxpresso.tools.linux_11.1.0.201909161352/tools/bin/../lib/gcc/arm-none-eabi/8.3.1/../../../../arm-none-eabi/lib/thumb/v6-m/nofp/libcr_c.a(fseek.o)
                0x0000000000002048                fseek
 .text.ftell    0x0000000000002138       0x48 /usr/local/mcuxpressoide-11.1.0_3209/ide/plugins/com.nxp.mcuxpresso.tools.linux_11.1.0.201909161352/tools/bin/../lib/gcc/arm-none-eabi/8.3.1/../../../../arm-none-eabi/lib/thumb/v6-m/nofp/libcr_c.a(ftell.o)
                0x0000000000002138                ftell
 .text._initio  0x0000000000002180       0x7c /usr/local/mcuxpressoide-11.1.0_3209/ide/plugins/com.nxp.mcuxpresso.tools.linux_11.1.0.201909161352/tools/bin/../lib/gcc/arm-none-eabi/8.3.1/../../../../arm-none-eabi/lib/thumb/v6-m/nofp/libcr_c.a(initio.o)
                0x0000000000002180                _initio
 .text.__vfprintf
                0x00000000000021fc      0xcd8 /usr/local/mcuxpressoide-11.1.0_3209/ide/plugins/com.nxp.mcuxpresso.tools.linux_11.1.0.201909161352/tools/bin/../lib/gcc/arm-none-eabi/8.3.1/../../../../arm-none-eabi/lib/thumb/v6-m/nofp/libcr_c.a(printf.o)
                0x00000000000021fc                __vfprintf
 .text._vsnprintf
                0x0000000000002ed4       0x70 /usr/local/mcuxpressoide-11.1.0_3209/ide/plugins/com.nxp.mcuxpresso.tools.linux_11.1.0.201909161352/tools/bin/../lib/gcc/arm-none-eabi/8.3.1/../../../../arm-none-eabi/lib/thumb/v6-m/nofp/libcr_c.a(printf.o)
                0x0000000000002ed4                _vsnprintf
 .text._printf  0x0000000000002f44       0x50 /usr/local/mcuxpressoide-11.1.0_3209/ide/plugins/com.nxp.mcuxpresso.tools.linux_11.1.0.201909161352/tools/bin/../lib/gcc/arm-none-eabi/8.3.1/../../../../arm-none-eabi/lib/thumb/v6-m/nofp/libcr_c.a(printf.o)
                0x0000000000002f44                _printf
 .text.setvbuf  0x0000000000002f94       0x4c /usr/local/mcuxpressoide-11.1.0_3209/ide/plugins/com.nxp.mcuxpresso.tools.linux_11.1.0.201909161352/tools/bin/../lib/gcc/arm-none-eabi/8.3.1/../../../../arm-none-eabi/lib/thumb/v6-m/nofp/libcr_c.a(setvbuf.o)
                0x0000000000002f94                setvbuf
 .text.strlen   0x0000000000002fe0       0x58 /usr/local/mcuxpressoide-11.1.0_3209/ide/plugins/com.nxp.mcuxpresso.tools.linux_11.1.0.201909161352/tools/bin/../lib/gcc/arm-none-eabi/8.3.1/../../../../arm-none-eabi/lib/thumb/v6-m/nofp/libcr_c.a(strlen.o)
                0x0000000000002fe0                strlen
 .text._sbrk    0x0000000000003038       0x40 /usr/local/mcuxpressoide-11.1.0_3209/ide/plugins/com.nxp.mcuxpresso.tools.linux_11.1.0.201909161352/tools/bin/../lib/gcc/arm-none-eabi/8.3.1/../../../../arm-none-eabi/lib/thumb/v6-m/nofp/libcr_c.a(_cr_sbrk.o)
                0x0000000000003038                _sbrk
 .text._fdopen  0x0000000000003078       0x74 /usr/local/mcuxpressoide-11.1.0_3209/ide/plugins/com.nxp.mcuxpresso.tools.linux_11.1.0.201909161352/tools/bin/../lib/gcc/arm-none-eabi/8.3.1/../../../../arm-none-eabi/lib/thumb/v6-m/nofp/libcr_c.a(_fdopen.o)
                0x0000000000003078                _fdopen
 .text.fclose   0x00000000000030ec       0x5c /usr/local/mcuxpressoide-11.1.0_3209/ide/plugins/com.nxp.mcuxpresso.tools.linux_11.1.0.201909161352/tools/bin/../lib/gcc/arm-none-eabi/8.3.1/../../../../arm-none-eabi/lib/thumb/v6-m/nofp/libcr_c.a(fclose.o)
                0x00000000000030ec                fclose
 .text.fflush   0x0000000000003148       0x44 /usr/local/mcuxpressoide-11.1.0_3209/ide/plugins/com.nxp.mcuxpresso.tools.linux_11.1.0.201909161352/tools/bin/../lib/gcc/arm-none-eabi/8.3.1/../../../../arm-none-eabi/lib/thumb/v6-m/nofp/libcr_c.a(fflush.o)
                0x0000000000003148                fflush
 .text.__check_heap_overflow
                0x000000000000318c       0x14 /usr/local/mcuxpressoide-11.1.0_3209/ide/plugins/com.nxp.mcuxpresso.tools.linux_11.1.0.201909161352/tools/bin/../lib/gcc/arm-none-eabi/8.3.1/../../../../arm-none-eabi/lib/thumb/v6-m/nofp/libcr_c.a(_cr_check_heap.o)
                0x000000000000318c                __check_heap_overflow
 .text._do_fflush
                0x00000000000031a0       0x44 /usr/local/mcuxpressoide-11.1.0_3209/ide/plugins/com.nxp.mcuxpresso.tools.linux_11.1.0.201909161352/tools/bin/../lib/gcc/arm-none-eabi/8.3.1/../../../../arm-none-eabi/lib/thumb/v6-m/nofp/libcr_c.a(_do_fflush.o)
                0x00000000000031a0                _do_fflush
 .text.UART_EnableTx
                0x00000000000031e4       0x40 ./utilities/fsl_debug_console.o
 .text.UART_EnableRx
                0x0000000000003224       0x40 ./utilities/fsl_debug_console.o
 .text.LPSCI_EnableTx
                0x0000000000003264       0x40 ./utilities/fsl_debug_console.o
 .text.LPSCI_EnableRx
                0x00000000000032a4       0x40 ./utilities/fsl_debug_console.o
 .text.set_GPIO_Pinout
                0x00000000000032e4       0x20 ./source/gpio.o
                0x00000000000032e4                set_GPIO_Pinout
 .text.clear_GPIO_Pinout
                0x0000000000003304       0x20 ./source/gpio.o
                0x0000000000003304                clear_GPIO_Pinout
 .text.toggle_GPIO_Pinout
                0x0000000000003324       0x20 ./source/gpio.o
                0x0000000000003324                toggle_GPIO_Pinout
 .text.init_GPIO_Pin
                0x0000000000003344       0x78 ./source/gpio.o
                0x0000000000003344                init_GPIO_Pin
 .text.OSC_SetExtRefClkConfig
                0x00000000000033bc       0x3e ./drivers/fsl_clock.o
 .text.OSC_SetCapLoad
                0x00000000000033fa       0x42 ./drivers/fsl_clock.o
 .text.CLOCK_GetPll0RefFreq
                0x000000000000343c       0x10 ./drivers/fsl_clock.o
 .text.CLOCK_SetExternalRefClkConfig
                0x000000000000344c       0x16 ./drivers/fsl_clock.o
                0x000000000000344c                CLOCK_SetExternalRefClkConfig
 .text.LPSCI_GetStatusFlags
                0x0000000000003462       0x26 ./drivers/fsl_lpsci.o
                0x0000000000003462                LPSCI_GetStatusFlags
 .text.UART_GetStatusFlags
                0x0000000000003488       0x26 ./drivers/fsl_uart.o
                0x0000000000003488                UART_GetStatusFlags
 .text.UART_WriteBlocking
                0x00000000000034ae       0x3a ./drivers/fsl_uart.o
                0x00000000000034ae                UART_WriteBlocking
 .text.BOARD_InitBootClocks
                0x00000000000034e8        0xe ./board/clock_config.o
                0x00000000000034e8                BOARD_InitBootClocks
 .text.BOARD_InitBootPeripherals
                0x00000000000034f6        0xa ./board/peripherals.o
                0x00000000000034f6                BOARD_InitBootPeripherals
 .text.BOARD_InitBootPins
                0x0000000000003500        0xe ./board/pin_mux.o
                0x0000000000003500                BOARD_InitBootPins
 .text.__main   0x000000000000350e        0xc /usr/local/mcuxpressoide-11.1.0_3209/ide/plugins/com.nxp.mcuxpresso.tools.linux_11.1.0.201909161352/tools/bin/../lib/gcc/arm-none-eabi/8.3.1/../../../../arm-none-eabi/lib/thumb/v6-m/nofp/libcr_semihost_nf.a(_cr__main.o)
                0x000000000000350e                __main
                0x000000000000350e                __CR_SEMIHOST
 .text.memset   0x000000000000351a        0x8 /usr/local/mcuxpressoide-11.1.0_3209/ide/plugins/com.nxp.mcuxpresso.tools.linux_11.1.0.201909161352/tools/bin/../lib/gcc/arm-none-eabi/8.3.1/../../../../arm-none-eabi/lib/thumb/v6-m/nofp/libcr_c.a(memset.o)
                0x000000000000351a                memset
 .text.free     0x0000000000003522       0x2c /usr/local/mcuxpressoide-11.1.0_3209/ide/plugins/com.nxp.mcuxpresso.tools.linux_11.1.0.201909161352/tools/bin/../lib/gcc/arm-none-eabi/8.3.1/../../../../arm-none-eabi/lib/thumb/v6-m/nofp/libcr_c.a(alloc.o)
                0x0000000000003522                free
 .text.fputs    0x000000000000354e       0x2e /usr/local/mcuxpressoide-11.1.0_3209/ide/plugins/com.nxp.mcuxpresso.tools.linux_11.1.0.201909161352/tools/bin/../lib/gcc/arm-none-eabi/8.3.1/../../../../arm-none-eabi/lib/thumb/v6-m/nofp/libcr_c.a(fputs.o)
                0x000000000000354e                fputs
 .text.no_fp_display
                0x000000000000357c        0x4 /usr/local/mcuxpressoide-11.1.0_3209/ide/plugins/com.nxp.mcuxpresso.tools.linux_11.1.0.201909161352/tools/bin/../lib/gcc/arm-none-eabi/8.3.1/../../../../arm-none-eabi/lib/thumb/v6-m/nofp/libcr_c.a(printf.o)
 .text.remove   0x0000000000003580       0x12 /usr/local/mcuxpressoide-11.1.0_3209/ide/plugins/com.nxp.mcuxpresso.tools.linux_11.1.0.201909161352/tools/bin/../lib/gcc/arm-none-eabi/8.3.1/../../../../arm-none-eabi/lib/thumb/v6-m/nofp/libcr_c.a(remove.o)
                0x0000000000003580                remove
 .text.__aeabi_division_idivmod
                0x0000000000003592       0x78 /usr/local/mcuxpressoide-11.1.0_3209/ide/plugins/com.nxp.mcuxpresso.tools.linux_11.1.0.201909161352/tools/bin/../lib/gcc/arm-none-eabi/8.3.1/thumb/v6-m/nofp/libcr_eabihelpers.a(division_32.o)
                0x0000000000003592                __aeabi_idiv
                0x0000000000003592                __aeabi_idivmod
                0x0000000000003598                __aeabi_uidiv
                0x0000000000003598                __aeabi_uidivmod
 .text.__aeabi_division_idiv0
                0x000000000000360a        0x2 /usr/local/mcuxpressoide-11.1.0_3209/ide/plugins/com.nxp.mcuxpresso.tools.linux_11.1.0.201909161352/tools/bin/../lib/gcc/arm-none-eabi/8.3.1/thumb/v6-m/nofp/libcr_eabihelpers.a(division_idiv0.o)
                0x000000000000360a                __aeabi_idiv0
 .text.__aeabi_llong_lmul
                0x000000000000360c       0x2e /usr/local/mcuxpressoide-11.1.0_3209/ide/plugins/com.nxp.mcuxpresso.tools.linux_11.1.0.201909161352/tools/bin/../lib/gcc/arm-none-eabi/8.3.1/thumb/v6-m/nofp/libcr_eabihelpers.a(llong.o)
                0x000000000000360c                __aeabi_lmul
 .text.__aeabi_memset_lowlevel
                0x000000000000363a       0x2a /usr/local/mcuxpressoide-11.1.0_3209/ide/plugins/com.nxp.mcuxpresso.tools.linux_11.1.0.201909161352/tools/bin/../lib/gcc/arm-none-eabi/8.3.1/thumb/v6-m/nofp/libcr_eabihelpers.a(memcpy.o)
                0x000000000000363a                __aeabi_lowlevel_memset
 .text.__sys_close
                0x0000000000003664        0xc /usr/local/mcuxpressoide-11.1.0_3209/ide/plugins/com.nxp.mcuxpresso.tools.linux_11.1.0.201909161352/tools/bin/../lib/gcc/arm-none-eabi/8.3.1/../../../../arm-none-eabi/lib/thumb/v6-m/nofp/libcr_semihost_nf.a(__sys_close.o)
                0x0000000000003664                __sys_close
 .text.__sys_flen
                0x0000000000003670        0xc /usr/local/mcuxpressoide-11.1.0_3209/ide/plugins/com.nxp.mcuxpresso.tools.linux_11.1.0.201909161352/tools/bin/../lib/gcc/arm-none-eabi/8.3.1/../../../../arm-none-eabi/lib/thumb/v6-m/nofp/libcr_semihost_nf.a(__sys_flen.o)
                0x0000000000003670                __sys_flen
 .text.__sys_istty
                0x000000000000367c        0xc /usr/local/mcuxpressoide-11.1.0_3209/ide/plugins/com.nxp.mcuxpresso.tools.linux_11.1.0.201909161352/tools/bin/../lib/gcc/arm-none-eabi/8.3.1/../../../../arm-none-eabi/lib/thumb/v6-m/nofp/libcr_semihost_nf.a(__sys_istty.o)
                0x000000000000367c                __sys_istty
 .text.__sys_remove
                0x0000000000003688        0xc /usr/local/mcuxpressoide-11.1.0_3209/ide/plugins/com.nxp.mcuxpresso.tools.linux_11.1.0.201909161352/tools/bin/../lib/gcc/arm-none-eabi/8.3.1/../../../../arm-none-eabi/lib/thumb/v6-m/nofp/libcr_semihost_nf.a(__sys_remove.o)
                0x0000000000003688                __sys_remove
 .text.__sys_seek
                0x0000000000003694        0xc /usr/local/mcuxpressoide-11.1.0_3209/ide/plugins/com.nxp.mcuxpresso.tools.linux_11.1.0.201909161352/tools/bin/../lib/gcc/arm-none-eabi/8.3.1/../../../../arm-none-eabi/lib/thumb/v6-m/nofp/libcr_semihost_nf.a(__sys_seek.o)
                0x0000000000003694                __sys_seek
 .text.__sys_tmpnam
                0x00000000000036a0        0xc /usr/local/mcuxpressoide-11.1.0_3209/ide/plugins/com.nxp.mcuxpresso.tools.linux_11.1.0.201909161352/tools/bin/../lib/gcc/arm-none-eabi/8.3.1/../../../../arm-none-eabi/lib/thumb/v6-m/nofp/libcr_semihost_nf.a(__sys_tmpnam.o)
                0x00000000000036a0                __sys_tmpnam
 .text.__sys_write
                0x00000000000036ac        0xc /usr/local/mcuxpressoide-11.1.0_3209/ide/plugins/com.nxp.mcuxpresso.tools.linux_11.1.0.201909161352/tools/bin/../lib/gcc/arm-none-eabi/8.3.1/../../../../arm-none-eabi/lib/thumb/v6-m/nofp/libcr_semihost_nf.a(__sys_write.o)
                0x00000000000036ac                __sys_write
 *(SORT_BY_ALIGNMENT(.rodata) SORT_BY_ALIGNMENT(.rodata.*) SORT_BY_ALIGNMENT(.constdata) SORT_BY_ALIGNMENT(.constdata.*))
 .rodata.main.str1.4
                0x00000000000036b8        0xd ./source/PES_Project_2.o
 *fill*         0x00000000000036c5        0x3 ff
 .rodata.str1.4
                0x00000000000036c8        0xf ./source/led.o
 *fill*         0x00000000000036d7        0x1 ff
 .rodata.turn_LED_project2_pattern.str1.4
                0x00000000000036d8       0x5a ./source/led.o
 *fill*         0x0000000000003732        0x2 ff
 .rodata        0x0000000000003734       0x20 ./source/led.o
 .rodata.turn_LED.str1.4
                0x0000000000003754       0x28 ./source/led.o
 .rodata.turn_LED_red.str1.4
                0x000000000000377c       0x21 ./source/led.o
 *fill*         0x000000000000379d        0x3 ff
 .rodata.turn_LED_green.str1.4
                0x00000000000037a0       0x1b ./source/led.o
 *fill*         0x00000000000037bb        0x1 ff
 .rodata.turn_LED_blue.str1.4
                0x00000000000037bc       0x1a ./source/led.o
 *fill*         0x00000000000037d6        0x2 ff
 .rodata.__func__.5350
                0x00000000000037d8        0x9 ./source/led.o
 *fill*         0x00000000000037e1        0x3 ff
 .rodata.__func__.5357
                0x00000000000037e4        0xd ./source/led.o
 *fill*         0x00000000000037f1        0x3 ff
 .rodata.__func__.5361
                0x00000000000037f4        0xf ./source/led.o
 *fill*         0x0000000000003803        0x1 ff
 .rodata.__func__.5365
                0x0000000000003804        0xe ./source/led.o
 *fill*         0x0000000000003812        0x2 ff
 .rodata.delay_ms.str1.4
                0x0000000000003814       0x64 ./source/timer.o
                                         0x74 (size before relaxing)
 .rodata.__func__.5278
                0x0000000000003878        0x9 ./source/timer.o
 *fill*         0x0000000000003881        0x3 ff
 .rodata.str1.4
                0x0000000000003884       0x16 ./source/touch_sen.o
 *fill*         0x000000000000389a        0x2 ff
 .rodata.Touch_Scan_Position.str1.4
                0x000000000000389c       0x60 ./source/touch_sen.o
                                         0x68 (size before relaxing)
 .rodata.__func__.5302
                0x00000000000038fc       0x14 ./source/touch_sen.o
 .rodata.CLOCK_GetMcgExtClkFreq.str1.4
                0x0000000000003910       0x1f ./drivers/fsl_clock.o
 *fill*         0x000000000000392f        0x1 ff
 .rodata.CLOCK_GetPll0Freq.str1.4
                0x0000000000003930       0x1e ./drivers/fsl_clock.o
 *fill*         0x000000000000394e        0x2 ff
 .rodata.CLOCK_EnablePll0.str1.4
                0x0000000000003950       0x1a ./drivers/fsl_clock.o
 *fill*         0x000000000000396a        0x2 ff
 .rodata.CLOCK_SetPbeMode.str1.4
                0x000000000000396c       0x1b ./drivers/fsl_clock.o
 *fill*         0x0000000000003987        0x1 ff
 .rodata.CLOCK_BootToPeeMode.str1.4
                0x0000000000003988       0x1b ./drivers/fsl_clock.o
 *fill*         0x00000000000039a3        0x1 ff
 .rodata.fllFactorTable.5230
                0x00000000000039a4       0x10 ./drivers/fsl_clock.o
 .rodata.LPSCI_GetInstance.str1.4
                0x00000000000039b4       0x37 ./drivers/fsl_lpsci.o
 *fill*         0x00000000000039eb        0x1 ff
 .rodata.LPSCI_Init.str1.4
                0x00000000000039ec       0x44 ./drivers/fsl_lpsci.o
 .rodata.LPSCI_GetDefaultConfig.str1.4
                0x0000000000003a30       0x1a ./drivers/fsl_lpsci.o
 *fill*         0x0000000000003a4a        0x2 ff
 .rodata.LPSCI_WriteBlocking.str1.4
                0x0000000000003a4c       0x18 ./drivers/fsl_lpsci.o
 .rodata.LPSCI_ReadBlocking.str1.4
                0x0000000000003a64       0x18 ./drivers/fsl_lpsci.o
 .rodata.s_uartBases
                0x0000000000003a7c        0xc ./drivers/fsl_uart.o
 .rodata.s_uartClock
                0x0000000000003a88        0xc ./drivers/fsl_uart.o
 .rodata.UART_GetInstance.str1.4
                0x0000000000003a94       0x2c ./drivers/fsl_uart.o
 .rodata.UART_Init.str1.4
                0x0000000000003ac0       0x43 ./drivers/fsl_uart.o
 *fill*         0x0000000000003b03        0x1 ff
 .rodata.UART_GetDefaultConfig.str1.4
                0x0000000000003b04       0x19 ./drivers/fsl_uart.o
 *fill*         0x0000000000003b1d        0x3 ff
 .rodata.UART_ReadBlocking.str1.4
                0x0000000000003b20       0x18 ./drivers/fsl_uart.o
                                         0x17 (size before relaxing)
 .rodata.mcgConfig_BOARD_BootClockRUN
                0x0000000000003b38        0xa ./board/clock_config.o
                0x0000000000003b38                mcgConfig_BOARD_BootClockRUN
 *fill*         0x0000000000003b42        0x2 ff
 .rodata.simConfig_BOARD_BootClockRUN
                0x0000000000003b44        0x8 ./board/clock_config.o
                0x0000000000003b44                simConfig_BOARD_BootClockRUN
 .rodata.oscConfig_BOARD_BootClockRUN
                0x0000000000003b4c        0x8 ./board/clock_config.o
                0x0000000000003b4c                oscConfig_BOARD_BootClockRUN
 .rodata.__num_Ciob_streams
                0x0000000000003b54        0x4 /usr/local/mcuxpressoide-11.1.0_3209/ide/plugins/com.nxp.mcuxpresso.tools.linux_11.1.0.201909161352/tools/bin/../lib/gcc/arm-none-eabi/8.3.1/../../../../arm-none-eabi/lib/thumb/v6-m/nofp/libcr_semihost_nf.a(__ciob.o)
                0x0000000000003b54                __num_Ciob_streams
 .rodata.__assertion_failed.str1.1
                0x0000000000003b58       0x15 /usr/local/mcuxpressoide-11.1.0_3209/ide/plugins/com.nxp.mcuxpresso.tools.linux_11.1.0.201909161352/tools/bin/../lib/gcc/arm-none-eabi/8.3.1/../../../../arm-none-eabi/lib/thumb/v6-m/nofp/libcr_semihost_nf.a(_cr_assert.o)
 .rodata._Csys_alloc.str1.1
                0x0000000000003b6d       0x18 /usr/local/mcuxpressoide-11.1.0_3209/ide/plugins/com.nxp.mcuxpresso.tools.linux_11.1.0.201909161352/tools/bin/../lib/gcc/arm-none-eabi/8.3.1/../../../../arm-none-eabi/lib/thumb/v6-m/nofp/libcr_c.a(alloc.o)
 .rodata._initio.str1.1
                0x0000000000003b85        0x4 /usr/local/mcuxpressoide-11.1.0_3209/ide/plugins/com.nxp.mcuxpresso.tools.linux_11.1.0.201909161352/tools/bin/../lib/gcc/arm-none-eabi/8.3.1/../../../../arm-none-eabi/lib/thumb/v6-m/nofp/libcr_c.a(initio.o)
 .rodata.__vfprintf.str1.1
                0x0000000000003b89       0x35 /usr/local/mcuxpressoide-11.1.0_3209/ide/plugins/com.nxp.mcuxpresso.tools.linux_11.1.0.201909161352/tools/bin/../lib/gcc/arm-none-eabi/8.3.1/../../../../arm-none-eabi/lib/thumb/v6-m/nofp/libcr_c.a(printf.o)
                                         0x38 (size before relaxing)
                0x0000000000003bc0                . = ALIGN (0x4)
 *fill*         0x0000000000003bbe        0x2 ff

.glue_7         0x0000000000003bc0        0x0
 .glue_7        0x0000000000003bc0        0x0 linker stubs

.glue_7t        0x0000000000003bc0        0x0
 .glue_7t       0x0000000000003bc0        0x0 linker stubs

.vfp11_veneer   0x0000000000003bc0        0x0
 .vfp11_veneer  0x0000000000003bc0        0x0 linker stubs

.v4_bx          0x0000000000003bc0        0x0
 .v4_bx         0x0000000000003bc0        0x0 linker stubs

.iplt           0x0000000000003bc0        0x0
 .iplt          0x0000000000003bc0        0x0 ./utilities/fsl_debug_console.o

.rel.dyn        0x0000000000003bc0        0x0
 .rel.iplt      0x0000000000003bc0        0x0 ./utilities/fsl_debug_console.o

.ARM.extab
 *(SORT_BY_ALIGNMENT(.ARM.extab*) SORT_BY_ALIGNMENT(.gnu.linkonce.armextab.*))
                0x0000000000003bc0                __exidx_start = .

.ARM.exidx
 *(SORT_BY_ALIGNMENT(.ARM.exidx*) SORT_BY_ALIGNMENT(.gnu.linkonce.armexidx.*))
                0x0000000000003bc0                __exidx_end = .
                0x0000000000003bc0                _etext = .

.m_usb_data
 *(SORT_BY_ALIGNMENT(m_usb_bdt))

.mtb_buffer_default
                0x000000001ffff000       0x80
 *(SORT_BY_ALIGNMENT(.mtb*))
 .mtb.$RAM1     0x000000001ffff000       0x80 ./source/mtb.o
                0x000000001ffff000                __mtb_buffer__

.uninit_RESERVED
                0x000000001ffff080        0x0
                0x000000001ffff080                _start_uninit_RESERVED = .
 *(SORT_BY_ALIGNMENT(.bss.$RESERVED*))
                0x000000001ffff080                . = ALIGN (0x4)
                0x000000001ffff080                _end_uninit_RESERVED = .

.data           0x000000001ffff080       0x20 load address 0x0000000000003bc0
 FILL mask 0xff
                0x000000001ffff080                _data = .
                [!provide]                        PROVIDE (__start_data_RAM = .)
                [!provide]                        PROVIDE (__start_data_SRAM = .)
 *(SORT_BY_ALIGNMENT(vtable))
 *(SORT_BY_ALIGNMENT(.ramfunc*))
 *(SORT_BY_ALIGNMENT(CodeQuickAccess))
 *(SORT_BY_ALIGNMENT(DataQuickAccess))
 *(SORT_BY_ALIGNMENT(RamFunction))
 *(SORT_BY_ALIGNMENT(.data*))
 .data.led_color_string
                0x000000001ffff080        0xc ./source/led.o
                0x000000001ffff080                led_color_string
 .data.position_string
                0x000000001ffff08c        0xc ./source/touch_sen.o
                0x000000001ffff08c                position_string
 .data.s_slowIrcFreq
                0x000000001ffff098        0x4 ./drivers/fsl_clock.o
 .data.SystemCoreClock
                0x000000001ffff09c        0x4 ./CMSIS/system_MKL25Z4.o
                0x000000001ffff09c                SystemCoreClock
                0x000000001ffff0a0                . = ALIGN (0x4)
                0x000000001ffff0a0                _edata = .
                [!provide]                        PROVIDE (__end_data_RAM = .)
                [!provide]                        PROVIDE (__end_data_SRAM = .)

.igot.plt       0x000000001ffff0a0        0x0 load address 0x0000000000003be0
 .igot.plt      0x000000001ffff0a0        0x0 ./utilities/fsl_debug_console.o

.bss            0x000000001ffff0a0       0xf0
                0x000000001ffff0a0                _bss = .
                [!provide]                        PROVIDE (__start_bss_RAM = .)
                [!provide]                        PROVIDE (__start_bss_SRAM = .)
 *(SORT_BY_ALIGNMENT(.bss*))
 .bss.s_debugConsole
                0x000000001ffff0a0       0x10 ./utilities/fsl_debug_console.o
 .bss.g_xtal0Freq
                0x000000001ffff0b0        0x4 ./drivers/fsl_clock.o
                0x000000001ffff0b0                g_xtal0Freq
 .bss.s_lpsciHandle
                0x000000001ffff0b4        0x4 ./drivers/fsl_lpsci.o
 .bss.s_lpsciIsr
                0x000000001ffff0b8        0x4 ./drivers/fsl_lpsci.o
 .bss.s_uartHandle
                0x000000001ffff0bc        0xc ./drivers/fsl_uart.o
 .bss.s_uartIsr
                0x000000001ffff0c8        0x4 ./drivers/fsl_uart.o
 .bss.__Ciob    0x000000001ffff0cc       0xb4 /usr/local/mcuxpressoide-11.1.0_3209/ide/plugins/com.nxp.mcuxpresso.tools.linux_11.1.0.201909161352/tools/bin/../lib/gcc/arm-none-eabi/8.3.1/../../../../arm-none-eabi/lib/thumb/v6-m/nofp/libcr_semihost_nf.a(__ciob.o)
                0x000000001ffff0cc                __Ciob
 .bss.__end_of_heap
                0x000000001ffff180        0x4 /usr/local/mcuxpressoide-11.1.0_3209/ide/plugins/com.nxp.mcuxpresso.tools.linux_11.1.0.201909161352/tools/bin/../lib/gcc/arm-none-eabi/8.3.1/../../../../arm-none-eabi/lib/thumb/v6-m/nofp/libcr_c.a(__init_alloc.o)
                0x000000001ffff180                __end_of_heap
 .bss.__heaps   0x000000001ffff184        0x4 /usr/local/mcuxpressoide-11.1.0_3209/ide/plugins/com.nxp.mcuxpresso.tools.linux_11.1.0.201909161352/tools/bin/../lib/gcc/arm-none-eabi/8.3.1/../../../../arm-none-eabi/lib/thumb/v6-m/nofp/libcr_c.a(__init_alloc.o)
                0x000000001ffff184                __heaps
 .bss.errno     0x000000001ffff188        0x4 /usr/local/mcuxpressoide-11.1.0_3209/ide/plugins/com.nxp.mcuxpresso.tools.linux_11.1.0.201909161352/tools/bin/../lib/gcc/arm-none-eabi/8.3.1/../../../../arm-none-eabi/lib/thumb/v6-m/nofp/libcr_c.a(errno.o)
                0x000000001ffff188                errno
 .bss.color     0x000000001ffff18c        0x1 ./source/led.o
                0x000000001ffff18c                color
 .bss.position  0x000000001ffff18d        0x1 ./source/touch_sen.o
                0x000000001ffff18d                position
 *(SORT_BY_ALIGNMENT(COMMON))
                0x000000001ffff190                . = ALIGN (0x4)
 *fill*         0x000000001ffff18e        0x2 
                0x000000001ffff190                _ebss = .
                [!provide]                        PROVIDE (__end_bss_RAM = .)
                [!provide]                        PROVIDE (__end_bss_SRAM = .)
                [!provide]                        PROVIDE (end = .)

.noinit         0x000000001ffff190        0x0
                0x000000001ffff190                _noinit = .
                [!provide]                        PROVIDE (__start_noinit_RAM = .)
                [!provide]                        PROVIDE (__start_noinit_SRAM = .)
 *(SORT_BY_ALIGNMENT(.noinit*))
                0x000000001ffff190                . = ALIGN (0x4)
                0x000000001ffff190                _end_noinit = .
                [!provide]                        PROVIDE (__end_noinit_RAM = .)
                [!provide]                        PROVIDE (__end_noinit_SRAM = .)
                0x0000000000000400                _HeapSize = 0x400

.heap           0x000000001ffff190      0x400
                0x000000001ffff190                _pvHeapStart = .
                0x000000001ffff590                . = (. + _HeapSize)
 *fill*         0x000000001ffff190      0x400 
                0x000000001ffff590                . = ALIGN (0x4)
                0x000000001ffff590                _pvHeapLimit = .
                0x0000000000000400                _StackSize = 0x400

.heap2stackfill
                0x000000001ffff590      0x400
                0x000000001ffff990                . = (. + _StackSize)
 *fill*         0x000000001ffff590      0x400 

.stack          0x0000000020002c00        0x0
                0x0000000020002c00                _vStackBase = .
                0x0000000020002c00                . = ALIGN (0x4)
                0x0000000020003000                _vStackTop = (. + _StackSize)
                0x0000000000000000                _image_start = LOADADDR (.text)
                0x0000000000003be0                _image_end = (LOADADDR (.data) + SIZEOF (.data))
                0x0000000000003be0                _image_size = (_image_end - _image_start)
OUTPUT(PES_Project_2.axf elf32-littlearm)

.debug_info     0x0000000000000000     0x88ec
 .debug_info    0x0000000000000000      0x9b5 ./utilities/fsl_debug_console.o
 .debug_info    0x00000000000009b5      0x4df ./startup/startup_mkl25z4.o
 .debug_info    0x0000000000000e94      0x515 ./source/PES_Project_2.o
 .debug_info    0x00000000000013a9      0x372 ./source/gpio.o
 .debug_info    0x000000000000171b      0x653 ./source/led.o
 .debug_info    0x0000000000001d6e       0x53 ./source/mtb.o
 .debug_info    0x0000000000001dc1       0x3c ./source/semihost_hardfault.o
 .debug_info    0x0000000000001dfd      0x3ea ./source/timer.o
 .debug_info    0x00000000000021e7      0x6da ./source/touch_sen.o
 .debug_info    0x00000000000028c1     0x1a97 ./drivers/fsl_clock.o
 .debug_info    0x0000000000004358     0x1469 ./drivers/fsl_lpsci.o
 .debug_info    0x00000000000057c1     0x140a ./drivers/fsl_uart.o
 .debug_info    0x0000000000006bcb      0x80b ./board/board.o
 .debug_info    0x00000000000073d6      0xafe ./board/clock_config.o
 .debug_info    0x0000000000007ed4       0x3c ./board/peripherals.o
 .debug_info    0x0000000000007f10      0x5a3 ./board/pin_mux.o
 .debug_info    0x00000000000084b3      0x439 ./CMSIS/system_MKL25Z4.o

.debug_abbrev   0x0000000000000000     0x1c05
 .debug_abbrev  0x0000000000000000      0x21b ./utilities/fsl_debug_console.o
 .debug_abbrev  0x000000000000021b      0x18d ./startup/startup_mkl25z4.o
 .debug_abbrev  0x00000000000003a8      0x12e ./source/PES_Project_2.o
 .debug_abbrev  0x00000000000004d6      0x17a ./source/gpio.o
 .debug_abbrev  0x0000000000000650      0x1b4 ./source/led.o
 .debug_abbrev  0x0000000000000804       0x46 ./source/mtb.o
 .debug_abbrev  0x000000000000084a       0x31 ./source/semihost_hardfault.o
 .debug_abbrev  0x000000000000087b      0x13f ./source/timer.o
 .debug_abbrev  0x00000000000009ba      0x1b6 ./source/touch_sen.o
 .debug_abbrev  0x0000000000000b70      0x36f ./drivers/fsl_clock.o
 .debug_abbrev  0x0000000000000edf      0x309 ./drivers/fsl_lpsci.o
 .debug_abbrev  0x00000000000011e8      0x323 ./drivers/fsl_uart.o
 .debug_abbrev  0x000000000000150b      0x1a7 ./board/board.o
 .debug_abbrev  0x00000000000016b2      0x211 ./board/clock_config.o
 .debug_abbrev  0x00000000000018c3       0x31 ./board/peripherals.o
 .debug_abbrev  0x00000000000018f4      0x1bb ./board/pin_mux.o
 .debug_abbrev  0x0000000000001aaf      0x156 ./CMSIS/system_MKL25Z4.o

.debug_aranges  0x0000000000000000      0x800
 .debug_aranges
                0x0000000000000000       0x48 ./utilities/fsl_debug_console.o
 .debug_aranges
                0x0000000000000048      0x160 ./startup/startup_mkl25z4.o
 .debug_aranges
                0x00000000000001a8       0x20 ./source/PES_Project_2.o
 .debug_aranges
                0x00000000000001c8       0x38 ./source/gpio.o
 .debug_aranges
                0x0000000000000200       0x50 ./source/led.o
 .debug_aranges
                0x0000000000000250       0x18 ./source/mtb.o
 .debug_aranges
                0x0000000000000268       0x20 ./source/semihost_hardfault.o
 .debug_aranges
                0x0000000000000288       0x20 ./source/timer.o
 .debug_aranges
                0x00000000000002a8       0x38 ./source/touch_sen.o
 .debug_aranges
                0x00000000000002e0      0x1d8 ./drivers/fsl_clock.o
 .debug_aranges
                0x00000000000004b8      0x118 ./drivers/fsl_lpsci.o
 .debug_aranges
                0x00000000000005d0      0x130 ./drivers/fsl_uart.o
 .debug_aranges
                0x0000000000000700       0x28 ./board/board.o
 .debug_aranges
                0x0000000000000728       0x58 ./board/clock_config.o
 .debug_aranges
                0x0000000000000780       0x20 ./board/peripherals.o
 .debug_aranges
                0x00000000000007a0       0x38 ./board/pin_mux.o
 .debug_aranges
                0x00000000000007d8       0x28 ./CMSIS/system_MKL25Z4.o

.debug_ranges   0x0000000000000000      0x6e8
 .debug_ranges  0x0000000000000000       0x38 ./utilities/fsl_debug_console.o
 .debug_ranges  0x0000000000000038      0x150 ./startup/startup_mkl25z4.o
 .debug_ranges  0x0000000000000188       0x10 ./source/PES_Project_2.o
 .debug_ranges  0x0000000000000198       0x28 ./source/gpio.o
 .debug_ranges  0x00000000000001c0       0x40 ./source/led.o
 .debug_ranges  0x0000000000000200       0x10 ./source/semihost_hardfault.o
 .debug_ranges  0x0000000000000210       0x10 ./source/timer.o
 .debug_ranges  0x0000000000000220       0x28 ./source/touch_sen.o
 .debug_ranges  0x0000000000000248      0x1c8 ./drivers/fsl_clock.o
 .debug_ranges  0x0000000000000410      0x108 ./drivers/fsl_lpsci.o
 .debug_ranges  0x0000000000000518      0x120 ./drivers/fsl_uart.o
 .debug_ranges  0x0000000000000638       0x18 ./board/board.o
 .debug_ranges  0x0000000000000650       0x48 ./board/clock_config.o
 .debug_ranges  0x0000000000000698       0x10 ./board/peripherals.o
 .debug_ranges  0x00000000000006a8       0x28 ./board/pin_mux.o
 .debug_ranges  0x00000000000006d0       0x18 ./CMSIS/system_MKL25Z4.o

.debug_macro    0x0000000000000000     0x91ad
 .debug_macro   0x0000000000000000      0x13a ./utilities/fsl_debug_console.o
 .debug_macro   0x000000000000013a      0xaba ./utilities/fsl_debug_console.o
 .debug_macro   0x0000000000000bf4       0x10 ./utilities/fsl_debug_console.o
 .debug_macro   0x0000000000000c04       0x16 ./utilities/fsl_debug_console.o
 .debug_macro   0x0000000000000c1a       0x10 ./utilities/fsl_debug_console.o
 .debug_macro   0x0000000000000c2a      0x12e ./utilities/fsl_debug_console.o
 .debug_macro   0x0000000000000d58       0x28 ./utilities/fsl_debug_console.o
 .debug_macro   0x0000000000000d80       0xc4 ./utilities/fsl_debug_console.o
 .debug_macro   0x0000000000000e44       0x16 ./utilities/fsl_debug_console.o
 .debug_macro   0x0000000000000e5a       0x22 ./utilities/fsl_debug_console.o
 .debug_macro   0x0000000000000e7c      0x5b3 ./utilities/fsl_debug_console.o
 .debug_macro   0x000000000000142f       0x10 ./utilities/fsl_debug_console.o
 .debug_macro   0x000000000000143f       0x3f ./utilities/fsl_debug_console.o
 .debug_macro   0x000000000000147e       0x3a ./utilities/fsl_debug_console.o
 .debug_macro   0x00000000000014b8       0x26 ./utilities/fsl_debug_console.o
 .debug_macro   0x00000000000014de      0x329 ./utilities/fsl_debug_console.o
 .debug_macro   0x0000000000001807       0x30 ./utilities/fsl_debug_console.o
 .debug_macro   0x0000000000001837     0x51e2 ./utilities/fsl_debug_console.o
 .debug_macro   0x0000000000006a19     0x1352 ./utilities/fsl_debug_console.o
 .debug_macro   0x0000000000007d6b       0x3a ./utilities/fsl_debug_console.o
 .debug_macro   0x0000000000007da5       0xf4 ./utilities/fsl_debug_console.o
 .debug_macro   0x0000000000007e99       0x35 ./utilities/fsl_debug_console.o
 .debug_macro   0x0000000000007ece       0xd2 ./utilities/fsl_debug_console.o
 .debug_macro   0x0000000000007fa0       0x2e ./utilities/fsl_debug_console.o
 .debug_macro   0x0000000000007fce       0x10 ./utilities/fsl_debug_console.o
 .debug_macro   0x0000000000007fde       0x10 ./utilities/fsl_debug_console.o
 .debug_macro   0x0000000000007fee       0x29 ./startup/startup_mkl25z4.o
 .debug_macro   0x0000000000008017      0x15b ./source/PES_Project_2.o
 .debug_macro   0x0000000000008172       0xd8 ./source/PES_Project_2.o
 .debug_macro   0x000000000000824a       0x16 ./source/PES_Project_2.o
 .debug_macro   0x0000000000008260       0x10 ./source/PES_Project_2.o
 .debug_macro   0x0000000000008270      0x112 ./source/PES_Project_2.o
 .debug_macro   0x0000000000008382       0x8e ./source/PES_Project_2.o
 .debug_macro   0x0000000000008410       0x34 ./source/PES_Project_2.o
 .debug_macro   0x0000000000008444       0x2e ./source/PES_Project_2.o
 .debug_macro   0x0000000000008472       0x16 ./source/PES_Project_2.o
 .debug_macro   0x0000000000008488       0x16 ./source/PES_Project_2.o
 .debug_macro   0x000000000000849e       0xa3 ./source/gpio.o
 .debug_macro   0x0000000000008541      0x13a ./source/led.o
 .debug_macro   0x000000000000867b       0x2e ./source/led.o
 .debug_macro   0x00000000000086a9       0x2f ./source/mtb.o
 .debug_macro   0x00000000000086d8       0x82 ./source/mtb.o
 .debug_macro   0x000000000000875a       0x10 ./source/mtb.o
 .debug_macro   0x000000000000876a       0x11 ./source/semihost_hardfault.o
 .debug_macro   0x000000000000877b      0x11f ./source/timer.o
 .debug_macro   0x000000000000889a      0x120 ./source/touch_sen.o
 .debug_macro   0x00000000000089ba       0x34 ./source/touch_sen.o
 .debug_macro   0x00000000000089ee       0x34 ./source/touch_sen.o
 .debug_macro   0x0000000000008a22      0x196 ./drivers/fsl_clock.o
 .debug_macro   0x0000000000008bb8       0x1c ./drivers/fsl_clock.o
 .debug_macro   0x0000000000008bd4       0xec ./drivers/fsl_lpsci.o
 .debug_macro   0x0000000000008cc0       0xf2 ./drivers/fsl_uart.o
 .debug_macro   0x0000000000008db2      0x12b ./board/board.o
 .debug_macro   0x0000000000008edd      0x123 ./board/clock_config.o
 .debug_macro   0x0000000000009000       0x1b ./board/peripherals.o
 .debug_macro   0x000000000000901b       0xee ./board/pin_mux.o
 .debug_macro   0x0000000000009109       0x10 ./board/pin_mux.o
 .debug_macro   0x0000000000009119       0x94 ./CMSIS/system_MKL25Z4.o

.debug_line     0x0000000000000000     0x5747
 .debug_line    0x0000000000000000      0x47e ./utilities/fsl_debug_console.o
 .debug_line    0x000000000000047e      0x1e7 ./startup/startup_mkl25z4.o
 .debug_line    0x0000000000000665      0x3fc ./source/PES_Project_2.o
 .debug_line    0x0000000000000a61      0x2b8 ./source/gpio.o
 .debug_line    0x0000000000000d19      0x50a ./source/led.o
 .debug_line    0x0000000000001223       0xd5 ./source/mtb.o
 .debug_line    0x00000000000012f8       0x5a ./source/semihost_hardfault.o
 .debug_line    0x0000000000001352      0x37b ./source/timer.o
 .debug_line    0x00000000000016cd      0x423 ./source/touch_sen.o
 .debug_line    0x0000000000001af0     0x12ef ./drivers/fsl_clock.o
 .debug_line    0x0000000000002ddf      0xd70 ./drivers/fsl_lpsci.o
 .debug_line    0x0000000000003b4f      0xd5f ./drivers/fsl_uart.o
 .debug_line    0x00000000000048ae      0x398 ./board/board.o
 .debug_line    0x0000000000004c46      0x3e7 ./board/clock_config.o
 .debug_line    0x000000000000502d       0x5c ./board/peripherals.o
 .debug_line    0x0000000000005089      0x377 ./board/pin_mux.o
 .debug_line    0x0000000000005400      0x347 ./CMSIS/system_MKL25Z4.o

.debug_str      0x0000000000000000    0x363f2
 .debug_str     0x0000000000000000    0x315dd ./utilities/fsl_debug_console.o
                                      0x31832 (size before relaxing)
 .debug_str     0x00000000000315dd      0x3e1 ./startup/startup_mkl25z4.o
                                       0x31f6 (size before relaxing)
 .debug_str     0x00000000000319be     0x1180 ./source/PES_Project_2.o
                                      0x31aa2 (size before relaxing)
 .debug_str     0x0000000000032b3e       0xd3 ./source/gpio.o
                                      0x291b9 (size before relaxing)
 .debug_str     0x0000000000032c11      0x259 ./source/led.o
                                      0x3115c (size before relaxing)
 .debug_str     0x0000000000032e6a      0x532 ./source/mtb.o
                                       0x3302 (size before relaxing)
 .debug_str     0x000000000003339c       0x1f ./source/semihost_hardfault.o
                                       0x2def (size before relaxing)
 .debug_str     0x00000000000333bb       0xbb ./source/timer.o
                                      0x30fbe (size before relaxing)
 .debug_str     0x0000000000033476      0x196 ./source/touch_sen.o
                                      0x310e6 (size before relaxing)
 .debug_str     0x000000000003360c     0x14e0 ./drivers/fsl_clock.o
                                      0x322fd (size before relaxing)
 .debug_str     0x0000000000034aec      0xb62 ./drivers/fsl_lpsci.o
                                      0x31905 (size before relaxing)
 .debug_str     0x000000000003564e      0x832 ./drivers/fsl_uart.o
                                      0x31928 (size before relaxing)
 .debug_str     0x0000000000035e80       0x4c ./board/board.o
                                      0x31775 (size before relaxing)
 .debug_str     0x0000000000035ecc      0x300 ./board/clock_config.o
                                      0x3122b (size before relaxing)
 .debug_str     0x00000000000361cc       0x31 ./board/peripherals.o
                                       0x2e00 (size before relaxing)
 .debug_str     0x00000000000361fd      0x1a6 ./board/pin_mux.o
                                      0x30c50 (size before relaxing)
 .debug_str     0x00000000000363a3       0x4f ./CMSIS/system_MKL25Z4.o
                                      0x2fc67 (size before relaxing)

.comment        0x0000000000000000       0x76
 .comment       0x0000000000000000       0x76 ./utilities/fsl_debug_console.o
                                         0x77 (size before relaxing)
 .comment       0x0000000000000076       0x77 ./startup/startup_mkl25z4.o
 .comment       0x0000000000000076       0x77 ./source/PES_Project_2.o
 .comment       0x0000000000000076       0x77 ./source/gpio.o
 .comment       0x0000000000000076       0x77 ./source/led.o
 .comment       0x0000000000000076       0x77 ./source/mtb.o
 .comment       0x0000000000000076       0x77 ./source/semihost_hardfault.o
 .comment       0x0000000000000076       0x77 ./source/timer.o
 .comment       0x0000000000000076       0x77 ./source/touch_sen.o
 .comment       0x0000000000000076       0x77 ./drivers/fsl_clock.o
 .comment       0x0000000000000076       0x77 ./drivers/fsl_lpsci.o
 .comment       0x0000000000000076       0x77 ./drivers/fsl_uart.o
 .comment       0x0000000000000076       0x77 ./board/board.o
 .comment       0x0000000000000076       0x77 ./board/clock_config.o
 .comment       0x0000000000000076       0x77 ./board/peripherals.o
 .comment       0x0000000000000076       0x77 ./board/pin_mux.o
 .comment       0x0000000000000076       0x77 ./CMSIS/system_MKL25Z4.o
 .comment       0x0000000000000076       0x77 /usr/local/mcuxpressoide-11.1.0_3209/ide/plugins/com.nxp.mcuxpresso.tools.linux_11.1.0.201909161352/tools/bin/../lib/gcc/arm-none-eabi/8.3.1/../../../../arm-none-eabi/lib/thumb/v6-m/nofp/libcr_semihost_nf.a(_cr__main.o)
 .comment       0x0000000000000076       0x77 /usr/local/mcuxpressoide-11.1.0_3209/ide/plugins/com.nxp.mcuxpresso.tools.linux_11.1.0.201909161352/tools/bin/../lib/gcc/arm-none-eabi/8.3.1/../../../../arm-none-eabi/lib/thumb/v6-m/nofp/libcr_semihost_nf.a(_cr_assert.o)
 .comment       0x0000000000000076       0x77 /usr/local/mcuxpressoide-11.1.0_3209/ide/plugins/com.nxp.mcuxpresso.tools.linux_11.1.0.201909161352/tools/bin/../lib/gcc/arm-none-eabi/8.3.1/../../../../arm-none-eabi/lib/thumb/v6-m/nofp/libcr_semihost_nf.a(__ciob.o)
 .comment       0x0000000000000076       0x77 /usr/local/mcuxpressoide-11.1.0_3209/ide/plugins/com.nxp.mcuxpresso.tools.linux_11.1.0.201909161352/tools/bin/../lib/gcc/arm-none-eabi/8.3.1/../../../../arm-none-eabi/lib/thumb/v6-m/nofp/libcr_c.a(memset.o)
 .comment       0x0000000000000076       0x77 /usr/local/mcuxpressoide-11.1.0_3209/ide/plugins/com.nxp.mcuxpresso.tools.linux_11.1.0.201909161352/tools/bin/../lib/gcc/arm-none-eabi/8.3.1/../../../../arm-none-eabi/lib/thumb/v6-m/nofp/libcr_c.a(_deferredlazyseek.o)
 .comment       0x0000000000000076       0x77 /usr/local/mcuxpressoide-11.1.0_3209/ide/plugins/com.nxp.mcuxpresso.tools.linux_11.1.0.201909161352/tools/bin/../lib/gcc/arm-none-eabi/8.3.1/../../../../arm-none-eabi/lib/thumb/v6-m/nofp/libcr_c.a(_fflush.o)
 .comment       0x0000000000000076       0x77 /usr/local/mcuxpressoide-11.1.0_3209/ide/plugins/com.nxp.mcuxpresso.tools.linux_11.1.0.201909161352/tools/bin/../lib/gcc/arm-none-eabi/8.3.1/../../../../arm-none-eabi/lib/thumb/v6-m/nofp/libcr_c.a(_writebuf.o)
 .comment       0x0000000000000076       0x77 /usr/local/mcuxpressoide-11.1.0_3209/ide/plugins/com.nxp.mcuxpresso.tools.linux_11.1.0.201909161352/tools/bin/../lib/gcc/arm-none-eabi/8.3.1/../../../../arm-none-eabi/lib/thumb/v6-m/nofp/libcr_c.a(alloc.o)
 .comment       0x0000000000000076       0x77 /usr/local/mcuxpressoide-11.1.0_3209/ide/plugins/com.nxp.mcuxpresso.tools.linux_11.1.0.201909161352/tools/bin/../lib/gcc/arm-none-eabi/8.3.1/../../../../arm-none-eabi/lib/thumb/v6-m/nofp/libcr_c.a(fputs.o)
 .comment       0x0000000000000076       0x77 /usr/local/mcuxpressoide-11.1.0_3209/ide/plugins/com.nxp.mcuxpresso.tools.linux_11.1.0.201909161352/tools/bin/../lib/gcc/arm-none-eabi/8.3.1/../../../../arm-none-eabi/lib/thumb/v6-m/nofp/libcr_c.a(fseek.o)
 .comment       0x0000000000000076       0x77 /usr/local/mcuxpressoide-11.1.0_3209/ide/plugins/com.nxp.mcuxpresso.tools.linux_11.1.0.201909161352/tools/bin/../lib/gcc/arm-none-eabi/8.3.1/../../../../arm-none-eabi/lib/thumb/v6-m/nofp/libcr_c.a(ftell.o)
 .comment       0x0000000000000076       0x77 /usr/local/mcuxpressoide-11.1.0_3209/ide/plugins/com.nxp.mcuxpresso.tools.linux_11.1.0.201909161352/tools/bin/../lib/gcc/arm-none-eabi/8.3.1/../../../../arm-none-eabi/lib/thumb/v6-m/nofp/libcr_c.a(initio.o)
 .comment       0x0000000000000076       0x77 /usr/local/mcuxpressoide-11.1.0_3209/ide/plugins/com.nxp.mcuxpresso.tools.linux_11.1.0.201909161352/tools/bin/../lib/gcc/arm-none-eabi/8.3.1/../../../../arm-none-eabi/lib/thumb/v6-m/nofp/libcr_c.a(printf.o)
 .comment       0x0000000000000076       0x77 /usr/local/mcuxpressoide-11.1.0_3209/ide/plugins/com.nxp.mcuxpresso.tools.linux_11.1.0.201909161352/tools/bin/../lib/gcc/arm-none-eabi/8.3.1/../../../../arm-none-eabi/lib/thumb/v6-m/nofp/libcr_c.a(setvbuf.o)
 .comment       0x0000000000000076       0x77 /usr/local/mcuxpressoide-11.1.0_3209/ide/plugins/com.nxp.mcuxpresso.tools.linux_11.1.0.201909161352/tools/bin/../lib/gcc/arm-none-eabi/8.3.1/../../../../arm-none-eabi/lib/thumb/v6-m/nofp/libcr_c.a(strlen.o)
 .comment       0x0000000000000076       0x77 /usr/local/mcuxpressoide-11.1.0_3209/ide/plugins/com.nxp.mcuxpresso.tools.linux_11.1.0.201909161352/tools/bin/../lib/gcc/arm-none-eabi/8.3.1/../../../../arm-none-eabi/lib/thumb/v6-m/nofp/libcr_c.a(__init_alloc.o)
 .comment       0x0000000000000076       0x77 /usr/local/mcuxpressoide-11.1.0_3209/ide/plugins/com.nxp.mcuxpresso.tools.linux_11.1.0.201909161352/tools/bin/../lib/gcc/arm-none-eabi/8.3.1/../../../../arm-none-eabi/lib/thumb/v6-m/nofp/libcr_c.a(_cr_sbrk.o)
 .comment       0x0000000000000076       0x77 /usr/local/mcuxpressoide-11.1.0_3209/ide/plugins/com.nxp.mcuxpresso.tools.linux_11.1.0.201909161352/tools/bin/../lib/gcc/arm-none-eabi/8.3.1/../../../../arm-none-eabi/lib/thumb/v6-m/nofp/libcr_c.a(_fdopen.o)
 .comment       0x0000000000000076       0x77 /usr/local/mcuxpressoide-11.1.0_3209/ide/plugins/com.nxp.mcuxpresso.tools.linux_11.1.0.201909161352/tools/bin/../lib/gcc/arm-none-eabi/8.3.1/../../../../arm-none-eabi/lib/thumb/v6-m/nofp/libcr_c.a(errno.o)
 .comment       0x0000000000000076       0x77 /usr/local/mcuxpressoide-11.1.0_3209/ide/plugins/com.nxp.mcuxpresso.tools.linux_11.1.0.201909161352/tools/bin/../lib/gcc/arm-none-eabi/8.3.1/../../../../arm-none-eabi/lib/thumb/v6-m/nofp/libcr_c.a(fclose.o)
 .comment       0x0000000000000076       0x77 /usr/local/mcuxpressoide-11.1.0_3209/ide/plugins/com.nxp.mcuxpresso.tools.linux_11.1.0.201909161352/tools/bin/../lib/gcc/arm-none-eabi/8.3.1/../../../../arm-none-eabi/lib/thumb/v6-m/nofp/libcr_c.a(fflush.o)
 .comment       0x0000000000000076       0x77 /usr/local/mcuxpressoide-11.1.0_3209/ide/plugins/com.nxp.mcuxpresso.tools.linux_11.1.0.201909161352/tools/bin/../lib/gcc/arm-none-eabi/8.3.1/../../../../arm-none-eabi/lib/thumb/v6-m/nofp/libcr_c.a(remove.o)
 .comment       0x0000000000000076       0x77 /usr/local/mcuxpressoide-11.1.0_3209/ide/plugins/com.nxp.mcuxpresso.tools.linux_11.1.0.201909161352/tools/bin/../lib/gcc/arm-none-eabi/8.3.1/../../../../arm-none-eabi/lib/thumb/v6-m/nofp/libcr_c.a(_cr_check_heap.o)
 .comment       0x0000000000000076       0x77 /usr/local/mcuxpressoide-11.1.0_3209/ide/plugins/com.nxp.mcuxpresso.tools.linux_11.1.0.201909161352/tools/bin/../lib/gcc/arm-none-eabi/8.3.1/../../../../arm-none-eabi/lib/thumb/v6-m/nofp/libcr_c.a(_do_fflush.o)

.ARM.attributes
                0x0000000000000000       0x2a
 .ARM.attributes
                0x0000000000000000       0x2c ./utilities/fsl_debug_console.o
 .ARM.attributes
                0x000000000000002c       0x2c ./startup/startup_mkl25z4.o
 .ARM.attributes
                0x0000000000000058       0x2c ./source/PES_Project_2.o
 .ARM.attributes
                0x0000000000000084       0x2c ./source/gpio.o
 .ARM.attributes
                0x00000000000000b0       0x2c ./source/led.o
 .ARM.attributes
                0x00000000000000dc       0x32 ./source/mtb.o
 .ARM.attributes
                0x000000000000010e       0x2c ./source/semihost_hardfault.o
 .ARM.attributes
                0x000000000000013a       0x2c ./source/timer.o
 .ARM.attributes
                0x0000000000000166       0x2c ./source/touch_sen.o
 .ARM.attributes
                0x0000000000000192       0x2c ./drivers/fsl_clock.o
 .ARM.attributes
                0x00000000000001be       0x2c ./drivers/fsl_lpsci.o
 .ARM.attributes
                0x00000000000001ea       0x2c ./drivers/fsl_uart.o
 .ARM.attributes
                0x0000000000000216       0x2c ./board/board.o
 .ARM.attributes
                0x0000000000000242       0x2c ./board/clock_config.o
 .ARM.attributes
                0x000000000000026e       0x2c ./board/peripherals.o
 .ARM.attributes
                0x000000000000029a       0x2c ./board/pin_mux.o
 .ARM.attributes
                0x00000000000002c6       0x2c ./CMSIS/system_MKL25Z4.o
 .ARM.attributes
                0x00000000000002f2       0x2c /usr/local/mcuxpressoide-11.1.0_3209/ide/plugins/com.nxp.mcuxpresso.tools.linux_11.1.0.201909161352/tools/bin/../lib/gcc/arm-none-eabi/8.3.1/../../../../arm-none-eabi/lib/thumb/v6-m/nofp/libcr_semihost_nf.a(_cr__main.o)
 .ARM.attributes
                0x000000000000031e       0x2c /usr/local/mcuxpressoide-11.1.0_3209/ide/plugins/com.nxp.mcuxpresso.tools.linux_11.1.0.201909161352/tools/bin/../lib/gcc/arm-none-eabi/8.3.1/../../../../arm-none-eabi/lib/thumb/v6-m/nofp/libcr_semihost_nf.a(_cr_assert.o)
 .ARM.attributes
                0x000000000000034a       0x31 /usr/local/mcuxpressoide-11.1.0_3209/ide/plugins/com.nxp.mcuxpresso.tools.linux_11.1.0.201909161352/tools/bin/../lib/gcc/arm-none-eabi/8.3.1/../../../../arm-none-eabi/lib/thumb/v6-m/nofp/libcr_semihost_nf.a(__ciob.o)
 .ARM.attributes
                0x000000000000037b       0x1c /usr/local/mcuxpressoide-11.1.0_3209/ide/plugins/com.nxp.mcuxpresso.tools.linux_11.1.0.201909161352/tools/bin/../lib/gcc/arm-none-eabi/8.3.1/../../../../arm-none-eabi/lib/thumb/v6-m/nofp/libcr_semihost_nf.a(__sys_appexit.o)
 .ARM.attributes
                0x0000000000000397       0x2c /usr/local/mcuxpressoide-11.1.0_3209/ide/plugins/com.nxp.mcuxpresso.tools.linux_11.1.0.201909161352/tools/bin/../lib/gcc/arm-none-eabi/8.3.1/../../../../arm-none-eabi/lib/thumb/v6-m/nofp/libcr_c.a(memset.o)
 .ARM.attributes
                0x00000000000003c3       0x2c /usr/local/mcuxpressoide-11.1.0_3209/ide/plugins/com.nxp.mcuxpresso.tools.linux_11.1.0.201909161352/tools/bin/../lib/gcc/arm-none-eabi/8.3.1/../../../../arm-none-eabi/lib/thumb/v6-m/nofp/libcr_c.a(_deferredlazyseek.o)
 .ARM.attributes
                0x00000000000003ef       0x2c /usr/local/mcuxpressoide-11.1.0_3209/ide/plugins/com.nxp.mcuxpresso.tools.linux_11.1.0.201909161352/tools/bin/../lib/gcc/arm-none-eabi/8.3.1/../../../../arm-none-eabi/lib/thumb/v6-m/nofp/libcr_c.a(_fflush.o)
 .ARM.attributes
                0x000000000000041b       0x2c /usr/local/mcuxpressoide-11.1.0_3209/ide/plugins/com.nxp.mcuxpresso.tools.linux_11.1.0.201909161352/tools/bin/../lib/gcc/arm-none-eabi/8.3.1/../../../../arm-none-eabi/lib/thumb/v6-m/nofp/libcr_c.a(_writebuf.o)
 .ARM.attributes
                0x0000000000000447       0x2c /usr/local/mcuxpressoide-11.1.0_3209/ide/plugins/com.nxp.mcuxpresso.tools.linux_11.1.0.201909161352/tools/bin/../lib/gcc/arm-none-eabi/8.3.1/../../../../arm-none-eabi/lib/thumb/v6-m/nofp/libcr_c.a(alloc.o)
 .ARM.attributes
                0x0000000000000473       0x2c /usr/local/mcuxpressoide-11.1.0_3209/ide/plugins/com.nxp.mcuxpresso.tools.linux_11.1.0.201909161352/tools/bin/../lib/gcc/arm-none-eabi/8.3.1/../../../../arm-none-eabi/lib/thumb/v6-m/nofp/libcr_c.a(fputs.o)
 .ARM.attributes
                0x000000000000049f       0x2c /usr/local/mcuxpressoide-11.1.0_3209/ide/plugins/com.nxp.mcuxpresso.tools.linux_11.1.0.201909161352/tools/bin/../lib/gcc/arm-none-eabi/8.3.1/../../../../arm-none-eabi/lib/thumb/v6-m/nofp/libcr_c.a(fseek.o)
 .ARM.attributes
                0x00000000000004cb       0x2c /usr/local/mcuxpressoide-11.1.0_3209/ide/plugins/com.nxp.mcuxpresso.tools.linux_11.1.0.201909161352/tools/bin/../lib/gcc/arm-none-eabi/8.3.1/../../../../arm-none-eabi/lib/thumb/v6-m/nofp/libcr_c.a(ftell.o)
 .ARM.attributes
                0x00000000000004f7       0x2c /usr/local/mcuxpressoide-11.1.0_3209/ide/plugins/com.nxp.mcuxpresso.tools.linux_11.1.0.201909161352/tools/bin/../lib/gcc/arm-none-eabi/8.3.1/../../../../arm-none-eabi/lib/thumb/v6-m/nofp/libcr_c.a(initio.o)
 .ARM.attributes
                0x0000000000000523       0x2c /usr/local/mcuxpressoide-11.1.0_3209/ide/plugins/com.nxp.mcuxpresso.tools.linux_11.1.0.201909161352/tools/bin/../lib/gcc/arm-none-eabi/8.3.1/../../../../arm-none-eabi/lib/thumb/v6-m/nofp/libcr_c.a(printf.o)
 .ARM.attributes
                0x000000000000054f       0x2c /usr/local/mcuxpressoide-11.1.0_3209/ide/plugins/com.nxp.mcuxpresso.tools.linux_11.1.0.201909161352/tools/bin/../lib/gcc/arm-none-eabi/8.3.1/../../../../arm-none-eabi/lib/thumb/v6-m/nofp/libcr_c.a(setvbuf.o)
 .ARM.attributes
                0x000000000000057b       0x2c /usr/local/mcuxpressoide-11.1.0_3209/ide/plugins/com.nxp.mcuxpresso.tools.linux_11.1.0.201909161352/tools/bin/../lib/gcc/arm-none-eabi/8.3.1/../../../../arm-none-eabi/lib/thumb/v6-m/nofp/libcr_c.a(strlen.o)
 .ARM.attributes
                0x00000000000005a7       0x2c /usr/local/mcuxpressoide-11.1.0_3209/ide/plugins/com.nxp.mcuxpresso.tools.linux_11.1.0.201909161352/tools/bin/../lib/gcc/arm-none-eabi/8.3.1/../../../../arm-none-eabi/lib/thumb/v6-m/nofp/libcr_c.a(__init_alloc.o)
 .ARM.attributes
                0x00000000000005d3       0x2c /usr/local/mcuxpressoide-11.1.0_3209/ide/plugins/com.nxp.mcuxpresso.tools.linux_11.1.0.201909161352/tools/bin/../lib/gcc/arm-none-eabi/8.3.1/../../../../arm-none-eabi/lib/thumb/v6-m/nofp/libcr_c.a(_cr_sbrk.o)
 .ARM.attributes
                0x00000000000005ff       0x2c /usr/local/mcuxpressoide-11.1.0_3209/ide/plugins/com.nxp.mcuxpresso.tools.linux_11.1.0.201909161352/tools/bin/../lib/gcc/arm-none-eabi/8.3.1/../../../../arm-none-eabi/lib/thumb/v6-m/nofp/libcr_c.a(_fdopen.o)
 .ARM.attributes
                0x000000000000062b       0x31 /usr/local/mcuxpressoide-11.1.0_3209/ide/plugins/com.nxp.mcuxpresso.tools.linux_11.1.0.201909161352/tools/bin/../lib/gcc/arm-none-eabi/8.3.1/../../../../arm-none-eabi/lib/thumb/v6-m/nofp/libcr_c.a(errno.o)
 .ARM.attributes
                0x000000000000065c       0x2c /usr/local/mcuxpressoide-11.1.0_3209/ide/plugins/com.nxp.mcuxpresso.tools.linux_11.1.0.201909161352/tools/bin/../lib/gcc/arm-none-eabi/8.3.1/../../../../arm-none-eabi/lib/thumb/v6-m/nofp/libcr_c.a(fclose.o)
 .ARM.attributes
                0x0000000000000688       0x2c /usr/local/mcuxpressoide-11.1.0_3209/ide/plugins/com.nxp.mcuxpresso.tools.linux_11.1.0.201909161352/tools/bin/../lib/gcc/arm-none-eabi/8.3.1/../../../../arm-none-eabi/lib/thumb/v6-m/nofp/libcr_c.a(fflush.o)
 .ARM.attributes
                0x00000000000006b4       0x2c /usr/local/mcuxpressoide-11.1.0_3209/ide/plugins/com.nxp.mcuxpresso.tools.linux_11.1.0.201909161352/tools/bin/../lib/gcc/arm-none-eabi/8.3.1/../../../../arm-none-eabi/lib/thumb/v6-m/nofp/libcr_c.a(remove.o)
 .ARM.attributes
                0x00000000000006e0       0x2c /usr/local/mcuxpressoide-11.1.0_3209/ide/plugins/com.nxp.mcuxpresso.tools.linux_11.1.0.201909161352/tools/bin/../lib/gcc/arm-none-eabi/8.3.1/../../../../arm-none-eabi/lib/thumb/v6-m/nofp/libcr_c.a(_cr_check_heap.o)
 .ARM.attributes
                0x000000000000070c       0x2c /usr/local/mcuxpressoide-11.1.0_3209/ide/plugins/com.nxp.mcuxpresso.tools.linux_11.1.0.201909161352/tools/bin/../lib/gcc/arm-none-eabi/8.3.1/../../../../arm-none-eabi/lib/thumb/v6-m/nofp/libcr_c.a(_do_fflush.o)
 .ARM.attributes
                0x0000000000000738       0x1c /usr/local/mcuxpressoide-11.1.0_3209/ide/plugins/com.nxp.mcuxpresso.tools.linux_11.1.0.201909161352/tools/bin/../lib/gcc/arm-none-eabi/8.3.1/thumb/v6-m/nofp/libcr_eabihelpers.a(division_32.o)
 .ARM.attributes
                0x0000000000000754       0x1c /usr/local/mcuxpressoide-11.1.0_3209/ide/plugins/com.nxp.mcuxpresso.tools.linux_11.1.0.201909161352/tools/bin/../lib/gcc/arm-none-eabi/8.3.1/thumb/v6-m/nofp/libcr_eabihelpers.a(division_idiv0.o)
 .ARM.attributes
                0x0000000000000770       0x1c /usr/local/mcuxpressoide-11.1.0_3209/ide/plugins/com.nxp.mcuxpresso.tools.linux_11.1.0.201909161352/tools/bin/../lib/gcc/arm-none-eabi/8.3.1/thumb/v6-m/nofp/libcr_eabihelpers.a(llong.o)
 .ARM.attributes
                0x000000000000078c       0x1c /usr/local/mcuxpressoide-11.1.0_3209/ide/plugins/com.nxp.mcuxpresso.tools.linux_11.1.0.201909161352/tools/bin/../lib/gcc/arm-none-eabi/8.3.1/thumb/v6-m/nofp/libcr_eabihelpers.a(memcpy.o)
 .ARM.attributes
                0x00000000000007a8       0x1c /usr/local/mcuxpressoide-11.1.0_3209/ide/plugins/com.nxp.mcuxpresso.tools.linux_11.1.0.201909161352/tools/bin/../lib/gcc/arm-none-eabi/8.3.1/../../../../arm-none-eabi/lib/thumb/v6-m/nofp/libcr_semihost_nf.a(__sys_close.o)
 .ARM.attributes
                0x00000000000007c4       0x1c /usr/local/mcuxpressoide-11.1.0_3209/ide/plugins/com.nxp.mcuxpresso.tools.linux_11.1.0.201909161352/tools/bin/../lib/gcc/arm-none-eabi/8.3.1/../../../../arm-none-eabi/lib/thumb/v6-m/nofp/libcr_semihost_nf.a(__sys_flen.o)
 .ARM.attributes
                0x00000000000007e0       0x1c /usr/local/mcuxpressoide-11.1.0_3209/ide/plugins/com.nxp.mcuxpresso.tools.linux_11.1.0.201909161352/tools/bin/../lib/gcc/arm-none-eabi/8.3.1/../../../../arm-none-eabi/lib/thumb/v6-m/nofp/libcr_semihost_nf.a(__sys_istty.o)
 .ARM.attributes
                0x00000000000007fc       0x1c /usr/local/mcuxpressoide-11.1.0_3209/ide/plugins/com.nxp.mcuxpresso.tools.linux_11.1.0.201909161352/tools/bin/../lib/gcc/arm-none-eabi/8.3.1/../../../../arm-none-eabi/lib/thumb/v6-m/nofp/libcr_semihost_nf.a(__sys_remove.o)
 .ARM.attributes
                0x0000000000000818       0x1c /usr/local/mcuxpressoide-11.1.0_3209/ide/plugins/com.nxp.mcuxpresso.tools.linux_11.1.0.201909161352/tools/bin/../lib/gcc/arm-none-eabi/8.3.1/../../../../arm-none-eabi/lib/thumb/v6-m/nofp/libcr_semihost_nf.a(__sys_seek.o)
 .ARM.attributes
                0x0000000000000834       0x1c /usr/local/mcuxpressoide-11.1.0_3209/ide/plugins/com.nxp.mcuxpresso.tools.linux_11.1.0.201909161352/tools/bin/../lib/gcc/arm-none-eabi/8.3.1/../../../../arm-none-eabi/lib/thumb/v6-m/nofp/libcr_semihost_nf.a(__sys_tmpnam.o)
 .ARM.attributes
                0x0000000000000850       0x1c /usr/local/mcuxpressoide-11.1.0_3209/ide/plugins/com.nxp.mcuxpresso.tools.linux_11.1.0.201909161352/tools/bin/../lib/gcc/arm-none-eabi/8.3.1/../../../../arm-none-eabi/lib/thumb/v6-m/nofp/libcr_semihost_nf.a(__sys_write.o)

.debug_frame    0x0000000000000000     0x18b0
 .debug_frame   0x0000000000000000       0xcc ./utilities/fsl_debug_console.o
 .debug_frame   0x00000000000000cc      0x3b0 ./startup/startup_mkl25z4.o
 .debug_frame   0x000000000000047c       0x2c ./source/PES_Project_2.o
 .debug_frame   0x00000000000004a8       0x90 ./source/gpio.o
 .debug_frame   0x0000000000000538       0xec ./source/led.o
 .debug_frame   0x0000000000000624       0x20 ./source/semihost_hardfault.o
 .debug_frame   0x0000000000000644       0x30 ./source/timer.o
 .debug_frame   0x0000000000000674       0x8c ./source/touch_sen.o
 .debug_frame   0x0000000000000700      0x6e0 ./drivers/fsl_clock.o
 .debug_frame   0x0000000000000de0      0x418 ./drivers/fsl_lpsci.o
 .debug_frame   0x00000000000011f8      0x468 ./drivers/fsl_uart.o
 .debug_frame   0x0000000000001660       0x50 ./board/board.o
 .debug_frame   0x00000000000016b0      0x100 ./board/clock_config.o
 .debug_frame   0x00000000000017b0       0x2c ./board/peripherals.o
 .debug_frame   0x00000000000017dc       0x88 ./board/pin_mux.o
 .debug_frame   0x0000000000001864       0x4c ./CMSIS/system_MKL25Z4.o

Cross Reference Table

Symbol                                            File
ADC0_DriverIRQHandler                             ./startup/startup_mkl25z4.o
ADC0_IRQHandler                                   ./startup/startup_mkl25z4.o
BOARD_BootClockRUN                                ./board/clock_config.o
BOARD_BootClockVLPR                               ./board/clock_config.o
BOARD_InitBootClocks                              ./board/clock_config.o
                                                  ./source/PES_Project_2.o
BOARD_InitBootPeripherals                         ./board/peripherals.o
                                                  ./source/PES_Project_2.o
BOARD_InitBootPins                                ./board/pin_mux.o
                                                  ./source/PES_Project_2.o
BOARD_InitDebugConsole                            ./board/board.o
                                                  ./source/PES_Project_2.o
BOARD_InitPins                                    ./board/pin_mux.o
CLOCK_BootToBlpeMode                              ./drivers/fsl_clock.o
CLOCK_BootToBlpiMode                              ./drivers/fsl_clock.o
                                                  ./board/clock_config.o
CLOCK_BootToFeeMode                               ./drivers/fsl_clock.o
CLOCK_BootToFeiMode                               ./drivers/fsl_clock.o
CLOCK_BootToPeeMode                               ./drivers/fsl_clock.o
                                                  ./board/clock_config.o
CLOCK_CalcPllDiv                                  ./drivers/fsl_clock.o
CLOCK_ClearStatusFlags                            ./drivers/fsl_clock.o
CLOCK_DeinitOsc0                                  ./drivers/fsl_clock.o
CLOCK_EnablePll0                                  ./drivers/fsl_clock.o
CLOCK_EnableUsbfs0Clock                           ./drivers/fsl_clock.o
CLOCK_ExternalModeToFbeModeQuick                  ./drivers/fsl_clock.o
CLOCK_FllStableDelay                              ./drivers/fsl_clock.o
CLOCK_GetBusClkFreq                               ./drivers/fsl_clock.o
CLOCK_GetCoreSysClkFreq                           ./drivers/fsl_clock.o
CLOCK_GetEr32kClkFreq                             ./drivers/fsl_clock.o
CLOCK_GetFixedFreqClkFreq                         ./drivers/fsl_clock.o
CLOCK_GetFlashClkFreq                             ./drivers/fsl_clock.o
CLOCK_GetFllFreq                                  ./drivers/fsl_clock.o
CLOCK_GetFreq                                     ./drivers/fsl_clock.o
CLOCK_GetInternalRefClkFreq                       ./drivers/fsl_clock.o
CLOCK_GetMode                                     ./drivers/fsl_clock.o
CLOCK_GetOsc0ErClkFreq                            ./drivers/fsl_clock.o
CLOCK_GetOutClkFreq                               ./drivers/fsl_clock.o
CLOCK_GetPlatClkFreq                              ./drivers/fsl_clock.o
CLOCK_GetPll0Freq                                 ./drivers/fsl_clock.o
CLOCK_GetPllFllSelClkFreq                         ./drivers/fsl_clock.o
                                                  ./board/board.o
CLOCK_GetStatusFlags                              ./drivers/fsl_clock.o
CLOCK_InitOsc0                                    ./drivers/fsl_clock.o
                                                  ./board/clock_config.o
CLOCK_InternalModeToFbiModeQuick                  ./drivers/fsl_clock.o
CLOCK_SetBlpeMode                                 ./drivers/fsl_clock.o
CLOCK_SetBlpiMode                                 ./drivers/fsl_clock.o
CLOCK_SetExternalRefClkConfig                     ./drivers/fsl_clock.o
CLOCK_SetFbeMode                                  ./drivers/fsl_clock.o
CLOCK_SetFbiMode                                  ./drivers/fsl_clock.o
CLOCK_SetFeeMode                                  ./drivers/fsl_clock.o
CLOCK_SetFeiMode                                  ./drivers/fsl_clock.o
CLOCK_SetInternalRefClkConfig                     ./drivers/fsl_clock.o
                                                  ./board/clock_config.o
CLOCK_SetMcgConfig                                ./drivers/fsl_clock.o
CLOCK_SetOsc0MonitorMode                          ./drivers/fsl_clock.o
CLOCK_SetPbeMode                                  ./drivers/fsl_clock.o
CLOCK_SetPeeMode                                  ./drivers/fsl_clock.o
CLOCK_SetPll0MonitorMode                          ./drivers/fsl_clock.o
CLOCK_SetSimConfig                                ./drivers/fsl_clock.o
                                                  ./board/clock_config.o
CLOCK_TrimInternalRefClk                          ./drivers/fsl_clock.o
CMP0_DriverIRQHandler                             ./startup/startup_mkl25z4.o
CMP0_IRQHandler                                   ./startup/startup_mkl25z4.o
DAC0_DriverIRQHandler                             ./startup/startup_mkl25z4.o
DAC0_IRQHandler                                   ./startup/startup_mkl25z4.o
DMA0_DriverIRQHandler                             ./startup/startup_mkl25z4.o
DMA0_IRQHandler                                   ./startup/startup_mkl25z4.o
DMA1_DriverIRQHandler                             ./startup/startup_mkl25z4.o
DMA1_IRQHandler                                   ./startup/startup_mkl25z4.o
DMA2_DriverIRQHandler                             ./startup/startup_mkl25z4.o
DMA2_IRQHandler                                   ./startup/startup_mkl25z4.o
DMA3_DriverIRQHandler                             ./startup/startup_mkl25z4.o
DMA3_IRQHandler                                   ./startup/startup_mkl25z4.o
DbgConsole_Deinit                                 ./utilities/fsl_debug_console.o
DbgConsole_Init                                   ./utilities/fsl_debug_console.o
                                                  ./board/board.o
FLASH_Erase                                       ./drivers/fsl_flash.o
FLASH_EraseAll                                    ./drivers/fsl_flash.o
FLASH_EraseAllExecuteOnlySegments                 ./drivers/fsl_flash.o
FLASH_GetProperty                                 ./drivers/fsl_flash.o
FLASH_GetSecurityState                            ./drivers/fsl_flash.o
FLASH_Init                                        ./drivers/fsl_flash.o
FLASH_IsExecuteOnly                               ./drivers/fsl_flash.o
FLASH_IsProtected                                 ./drivers/fsl_flash.o
FLASH_PflashGetPrefetchSpeculation                ./drivers/fsl_flash.o
FLASH_PflashGetProtection                         ./drivers/fsl_flash.o
FLASH_PflashSetPrefetchSpeculation                ./drivers/fsl_flash.o
                                                  ./drivers/fsl_smc.o
FLASH_PflashSetProtection                         ./drivers/fsl_flash.o
FLASH_PrepareExecuteInRamFunctions                ./drivers/fsl_flash.o
FLASH_Program                                     ./drivers/fsl_flash.o
FLASH_ProgramOnce                                 ./drivers/fsl_flash.o
FLASH_ReadOnce                                    ./drivers/fsl_flash.o
FLASH_ReadResource                                ./drivers/fsl_flash.o
FLASH_SecurityBypass                              ./drivers/fsl_flash.o
FLASH_SetCallback                                 ./drivers/fsl_flash.o
FLASH_SetProperty                                 ./drivers/fsl_flash.o
FLASH_VerifyErase                                 ./drivers/fsl_flash.o
FLASH_VerifyEraseAll                              ./drivers/fsl_flash.o
FLASH_VerifyEraseAllExecuteOnlySegments           ./drivers/fsl_flash.o
FLASH_VerifyProgram                               ./drivers/fsl_flash.o
FTFA_DriverIRQHandler                             ./startup/startup_mkl25z4.o
FTFA_IRQHandler                                   ./startup/startup_mkl25z4.o
Flash_Config                                      ./startup/startup_mkl25z4.o
GPIO_ClearPinsInterruptFlags                      ./drivers/fsl_gpio.o
GPIO_GetPinsInterruptFlags                        ./drivers/fsl_gpio.o
GPIO_PinInit                                      ./drivers/fsl_gpio.o
HardFault_Handler                                 ./source/semihost_hardfault.o
                                                  ./startup/startup_mkl25z4.o
I2C0_DriverIRQHandler                             ./startup/startup_mkl25z4.o
I2C0_IRQHandler                                   ./startup/startup_mkl25z4.o
I2C1_DriverIRQHandler                             ./startup/startup_mkl25z4.o
I2C1_IRQHandler                                   ./startup/startup_mkl25z4.o
InstallIRQHandler                                 ./drivers/fsl_common.o
IntDefaultHandler                                 ./startup/startup_mkl25z4.o
LLWU_DriverIRQHandler                             ./startup/startup_mkl25z4.o
LLWU_IRQHandler                                   ./startup/startup_mkl25z4.o
LPSCI_ClearStatusFlags                            ./drivers/fsl_lpsci.o
LPSCI_Deinit                                      ./drivers/fsl_lpsci.o
                                                  ./utilities/fsl_debug_console.o
LPSCI_DisableInterrupts                           ./drivers/fsl_lpsci.o
LPSCI_EnableInterrupts                            ./drivers/fsl_lpsci.o
LPSCI_GetDefaultConfig                            ./drivers/fsl_lpsci.o
                                                  ./utilities/fsl_debug_console.o
LPSCI_GetEnabledInterrupts                        ./drivers/fsl_lpsci.o
LPSCI_GetInstance                                 ./drivers/fsl_lpsci.o
LPSCI_GetStatusFlags                              ./drivers/fsl_lpsci.o
LPSCI_Init                                        ./drivers/fsl_lpsci.o
                                                  ./utilities/fsl_debug_console.o
LPSCI_ReadBlocking                                ./drivers/fsl_lpsci.o
                                                  ./utilities/fsl_debug_console.o
LPSCI_SetBaudRate                                 ./drivers/fsl_lpsci.o
LPSCI_TransferAbortReceive                        ./drivers/fsl_lpsci.o
LPSCI_TransferAbortSend                           ./drivers/fsl_lpsci.o
LPSCI_TransferCreateHandle                        ./drivers/fsl_lpsci.o
LPSCI_TransferGetReceiveCount                     ./drivers/fsl_lpsci.o
LPSCI_TransferGetSendCount                        ./drivers/fsl_lpsci.o
LPSCI_TransferHandleErrorIRQ                      ./drivers/fsl_lpsci.o
LPSCI_TransferHandleIRQ                           ./drivers/fsl_lpsci.o
LPSCI_TransferReceiveNonBlocking                  ./drivers/fsl_lpsci.o
LPSCI_TransferSendNonBlocking                     ./drivers/fsl_lpsci.o
LPSCI_TransferStartRingBuffer                     ./drivers/fsl_lpsci.o
LPSCI_TransferStopRingBuffer                      ./drivers/fsl_lpsci.o
LPSCI_WriteBlocking                               ./drivers/fsl_lpsci.o
                                                  ./utilities/fsl_debug_console.o
LPTMR0_DriverIRQHandler                           ./startup/startup_mkl25z4.o
LPTMR0_IRQHandler                                 ./startup/startup_mkl25z4.o
LVD_LVW_DriverIRQHandler                          ./startup/startup_mkl25z4.o
LVD_LVW_IRQHandler                                ./startup/startup_mkl25z4.o
MCG_DriverIRQHandler                              ./startup/startup_mkl25z4.o
MCG_IRQHandler                                    ./startup/startup_mkl25z4.o
NMI_Handler                                       ./startup/startup_mkl25z4.o
PIT_DriverIRQHandler                              ./startup/startup_mkl25z4.o
PIT_IRQHandler                                    ./startup/startup_mkl25z4.o
PORTA_DriverIRQHandler                            ./startup/startup_mkl25z4.o
PORTA_IRQHandler                                  ./startup/startup_mkl25z4.o
PORTD_DriverIRQHandler                            ./startup/startup_mkl25z4.o
PORTD_IRQHandler                                  ./startup/startup_mkl25z4.o
PendSV_Handler                                    ./startup/startup_mkl25z4.o
RTC_DriverIRQHandler                              ./startup/startup_mkl25z4.o
RTC_IRQHandler                                    ./startup/startup_mkl25z4.o
RTC_Seconds_DriverIRQHandler                      ./startup/startup_mkl25z4.o
RTC_Seconds_IRQHandler                            ./startup/startup_mkl25z4.o
Reserved20_DriverIRQHandler                       ./startup/startup_mkl25z4.o
Reserved20_IRQHandler                             ./startup/startup_mkl25z4.o
Reserved39_DriverIRQHandler                       ./startup/startup_mkl25z4.o
Reserved39_IRQHandler                             ./startup/startup_mkl25z4.o
Reserved45_DriverIRQHandler                       ./startup/startup_mkl25z4.o
Reserved45_IRQHandler                             ./startup/startup_mkl25z4.o
ResetISR                                          ./startup/startup_mkl25z4.o
SMC_PostExitStopModes                             ./drivers/fsl_smc.o
SMC_PreEnterStopModes                             ./drivers/fsl_smc.o
SMC_SetPowerModeLls                               ./drivers/fsl_smc.o
SMC_SetPowerModeRun                               ./drivers/fsl_smc.o
SMC_SetPowerModeStop                              ./drivers/fsl_smc.o
SMC_SetPowerModeVlls                              ./drivers/fsl_smc.o
SMC_SetPowerModeVlpr                              ./drivers/fsl_smc.o
                                                  ./board/clock_config.o
SMC_SetPowerModeVlps                              ./drivers/fsl_smc.o
SMC_SetPowerModeVlpw                              ./drivers/fsl_smc.o
SMC_SetPowerModeWait                              ./drivers/fsl_smc.o
SPI0_DriverIRQHandler                             ./startup/startup_mkl25z4.o
SPI0_IRQHandler                                   ./startup/startup_mkl25z4.o
SPI1_DriverIRQHandler                             ./startup/startup_mkl25z4.o
SPI1_IRQHandler                                   ./startup/startup_mkl25z4.o
SVC_Handler                                       ./startup/startup_mkl25z4.o
SysTick_Handler                                   ./startup/startup_mkl25z4.o
SystemCoreClock                                   ./CMSIS/system_MKL25Z4.o
                                                  ./board/clock_config.o
SystemCoreClockUpdate                             ./CMSIS/system_MKL25Z4.o
SystemInit                                        ./CMSIS/system_MKL25Z4.o
                                                  ./startup/startup_mkl25z4.o
TPM0_DriverIRQHandler                             ./startup/startup_mkl25z4.o
TPM0_IRQHandler                                   ./startup/startup_mkl25z4.o
TPM1_DriverIRQHandler                             ./startup/startup_mkl25z4.o
TPM1_IRQHandler                                   ./startup/startup_mkl25z4.o
TPM2_DriverIRQHandler                             ./startup/startup_mkl25z4.o