Archive member included to satisfy reference by file (symbol)

/usr/local/mcuxpressoide-11.1.0_3209/ide/plugins/com.nxp.mcuxpresso.tools.linux_11.1.0.201909161352/tools/bin/../lib/gcc/arm-none-eabi/8.3.1/../../../../arm-none-eabi/lib/thumb/v6-m/nofp/libcr_semihost_nf.a(__ciob.o)
                              ./source/command_parser.o (__Ciob)
/usr/local/mcuxpressoide-11.1.0_3209/ide/plugins/com.nxp.mcuxpresso.tools.linux_11.1.0.201909161352/tools/bin/../lib/gcc/arm-none-eabi/8.3.1/../../../../arm-none-eabi/lib/thumb/v6-m/nofp/libcr_semihost_nf.a(_cr__main.o)
                              ./startup/startup_mkl25z4.o (__main)
/usr/local/mcuxpressoide-11.1.0_3209/ide/plugins/com.nxp.mcuxpresso.tools.linux_11.1.0.201909161352/tools/bin/../lib/gcc/arm-none-eabi/8.3.1/../../../../arm-none-eabi/lib/thumb/v6-m/nofp/libcr_semihost_nf.a(_cr_assert.o)
                              ./drivers/fsl_clock.o (__assertion_failed)
/usr/local/mcuxpressoide-11.1.0_3209/ide/plugins/com.nxp.mcuxpresso.tools.linux_11.1.0.201909161352/tools/bin/../lib/gcc/arm-none-eabi/8.3.1/../../../../arm-none-eabi/lib/thumb/v6-m/nofp/libcr_semihost_nf.a(__sys_appexit.o)
                              /usr/local/mcuxpressoide-11.1.0_3209/ide/plugins/com.nxp.mcuxpresso.tools.linux_11.1.0.201909161352/tools/bin/../lib/gcc/arm-none-eabi/8.3.1/../../../../arm-none-eabi/lib/thumb/v6-m/nofp/libcr_semihost_nf.a(_cr_assert.o) (__sys_appexit)
/usr/local/mcuxpressoide-11.1.0_3209/ide/plugins/com.nxp.mcuxpresso.tools.linux_11.1.0.201909161352/tools/bin/../lib/gcc/arm-none-eabi/8.3.1/../../../../arm-none-eabi/lib/thumb/v6-m/nofp/libcr_c.a(memcpy.o)
                              ./drivers/fsl_flash.o (memcpy)
/usr/local/mcuxpressoide-11.1.0_3209/ide/plugins/com.nxp.mcuxpresso.tools.linux_11.1.0.201909161352/tools/bin/../lib/gcc/arm-none-eabi/8.3.1/../../../../arm-none-eabi/lib/thumb/v6-m/nofp/libcr_c.a(memset.o)
                              ./source/command_parser.o (memset)
/usr/local/mcuxpressoide-11.1.0_3209/ide/plugins/com.nxp.mcuxpresso.tools.linux_11.1.0.201909161352/tools/bin/../lib/gcc/arm-none-eabi/8.3.1/../../../../arm-none-eabi/lib/thumb/v6-m/nofp/libcr_c.a(__fillbuf.o)
                              ./source/command_parser.o (__filbuf)
/usr/local/mcuxpressoide-11.1.0_3209/ide/plugins/com.nxp.mcuxpresso.tools.linux_11.1.0.201909161352/tools/bin/../lib/gcc/arm-none-eabi/8.3.1/../../../../arm-none-eabi/lib/thumb/v6-m/nofp/libcr_c.a(_deferredlazyseek.o)
                              /usr/local/mcuxpressoide-11.1.0_3209/ide/plugins/com.nxp.mcuxpresso.tools.linux_11.1.0.201909161352/tools/bin/../lib/gcc/arm-none-eabi/8.3.1/../../../../arm-none-eabi/lib/thumb/v6-m/nofp/libcr_c.a(__fillbuf.o) (_deferredlazyseek)
/usr/local/mcuxpressoide-11.1.0_3209/ide/plugins/com.nxp.mcuxpresso.tools.linux_11.1.0.201909161352/tools/bin/../lib/gcc/arm-none-eabi/8.3.1/../../../../arm-none-eabi/lib/thumb/v6-m/nofp/libcr_c.a(_fflush.o)
                              /usr/local/mcuxpressoide-11.1.0_3209/ide/plugins/com.nxp.mcuxpresso.tools.linux_11.1.0.201909161352/tools/bin/../lib/gcc/arm-none-eabi/8.3.1/../../../../arm-none-eabi/lib/thumb/v6-m/nofp/libcr_c.a(__fillbuf.o) (_fflush)
/usr/local/mcuxpressoide-11.1.0_3209/ide/plugins/com.nxp.mcuxpresso.tools.linux_11.1.0.201909161352/tools/bin/../lib/gcc/arm-none-eabi/8.3.1/../../../../arm-none-eabi/lib/thumb/v6-m/nofp/libcr_c.a(_writebuf.o)
                              /usr/local/mcuxpressoide-11.1.0_3209/ide/plugins/com.nxp.mcuxpresso.tools.linux_11.1.0.201909161352/tools/bin/../lib/gcc/arm-none-eabi/8.3.1/../../../../arm-none-eabi/lib/thumb/v6-m/nofp/libcr_c.a(_deferredlazyseek.o) (_Cwritebuf)
/usr/local/mcuxpressoide-11.1.0_3209/ide/plugins/com.nxp.mcuxpresso.tools.linux_11.1.0.201909161352/tools/bin/../lib/gcc/arm-none-eabi/8.3.1/../../../../arm-none-eabi/lib/thumb/v6-m/nofp/libcr_c.a(alloc.o)
                              ./source/buffer.o (malloc)
/usr/local/mcuxpressoide-11.1.0_3209/ide/plugins/com.nxp.mcuxpresso.tools.linux_11.1.0.201909161352/tools/bin/../lib/gcc/arm-none-eabi/8.3.1/../../../../arm-none-eabi/lib/thumb/v6-m/nofp/libcr_c.a(fputs.o)
                              /usr/local/mcuxpressoide-11.1.0_3209/ide/plugins/com.nxp.mcuxpresso.tools.linux_11.1.0.201909161352/tools/bin/../lib/gcc/arm-none-eabi/8.3.1/../../../../arm-none-eabi/lib/thumb/v6-m/nofp/libcr_semihost_nf.a(_cr_assert.o) (fputs)
/usr/local/mcuxpressoide-11.1.0_3209/ide/plugins/com.nxp.mcuxpresso.tools.linux_11.1.0.201909161352/tools/bin/../lib/gcc/arm-none-eabi/8.3.1/../../../../arm-none-eabi/lib/thumb/v6-m/nofp/libcr_c.a(fseek.o)
                              /usr/local/mcuxpressoide-11.1.0_3209/ide/plugins/com.nxp.mcuxpresso.tools.linux_11.1.0.201909161352/tools/bin/../lib/gcc/arm-none-eabi/8.3.1/../../../../arm-none-eabi/lib/thumb/v6-m/nofp/libcr_c.a(_deferredlazyseek.o) (fseek)
[...]
Memory Configuration

Name             Origin             Length             Attributes
PROGRAM_FLASH    0x0000000000000000 0x0000000000020000 xr
SRAM             0x000000001ffff000 0x0000000000004000 xrw
*default*        0x0000000000000000 0xffffffffffffffff

Linker script and memory map

LOAD ./utilities/fsl_debug_console.o
LOAD ./startup/startup_mkl25z4.o
LOAD ./source/System.o
LOAD ./source/buffer.o
LOAD ./source/command_parser.o
LOAD ./source/gpio.o
LOAD ./source/i2c.o
LOAD ./source/led.o
LOAD ./source/logger.o
LOAD ./source/mma8451.o
LOAD ./source/mtb.o
LOAD ./source/project_5.o
LOAD ./source/semihost_hardfault.o
LOAD ./source/state.o
LOAD ./source/test.o
LOAD ./source/timer.o
LOAD ./source/touch_sen.o
LOAD ./drivers/fsl_clock.o
LOAD ./drivers/fsl_common.o
LOAD ./drivers/fsl_flash.o
LOAD ./drivers/fsl_gpio.o
LOAD ./drivers/fsl_i2c.o
LOAD ./drivers/fsl_lpsci.o
LOAD ./drivers/fsl_smc.o
LOAD ./drivers/fsl_spi.o
LOAD ./drivers/fsl_uart.o
LOAD ./board/board.o
LOAD ./board/clock_config.o
LOAD ./board/peripherals.o
LOAD ./board/pin_mux.o
LOAD ./CMSIS/system_MKL25Z4.o
START GROUP
LOAD /usr/local/mcuxpressoide-11.1.0_3209/ide/plugins/com.nxp.mcuxpresso.tools.linux_11.1.0.201909161352/tools/bin/../lib/gcc/arm-none-eabi/8.3.1/../../../../arm-none-eabi/lib/thumb/v6-m/nofp/libcr_semihost_nf.a
LOAD /usr/local/mcuxpressoide-11.1.0_3209/ide/plugins/com.nxp.mcuxpresso.tools.linux_11.1.0.201909161352/tools/bin/../lib/gcc/arm-none-eabi/8.3.1/../../../../arm-none-eabi/lib/thumb/v6-m/nofp/libcr_c.a
LOAD /usr/local/mcuxpressoide-11.1.0_3209/ide/plugins/com.nxp.mcuxpresso.tools.linux_11.1.0.201909161352/tools/bin/../lib/gcc/arm-none-eabi/8.3.1/thumb/v6-m/nofp/libcr_eabihelpers.a
LOAD /usr/local/mcuxpressoide-11.1.0_3209/ide/plugins/com.nxp.mcuxpresso.tools.linux_11.1.0.201909161352/tools/bin/../lib/gcc/arm-none-eabi/8.3.1/thumb/v6-m/nofp/libgcc.a
END GROUP
                0x0000000000000000                __base_PROGRAM_FLASH = 0x0
                0x0000000000000000                __base_Flash = 0x0
                0x0000000000020000                __top_PROGRAM_FLASH = 0x20000
                0x0000000000020000                __top_Flash = 0x20000
                0x000000001ffff000                __base_SRAM = 0x1ffff000
                0x000000001ffff000                __base_RAM = 0x1ffff000
                0x0000000020003000                __top_SRAM = 0x20003000
                0x0000000020003000                __top_RAM = 0x20003000

.text           0x0000000000000000     0x4d84
 FILL mask 0xff
                0x0000000000000000                __vectors_start__ = ABSOLUTE (.)
 *(SORT_BY_ALIGNMENT(.isr_vector))
 .isr_vector    0x0000000000000000       0xc0 ./startup/startup_mkl25z4.o
                0x0000000000000000                __Vectors
                0x0000000000000000                g_pfnVectors
                0x00000000000000c0                . = ALIGN (0x4)
                0x00000000000000c0                __section_table_start = .
                0x00000000000000c0                __data_section_table = .
                0x00000000000000c0        0x4 LONG 0x4d84 LOADADDR (.data)
                0x00000000000000c4        0x4 LONG 0x1ffff080 ADDR (.data)
                0x00000000000000c8        0x4 LONG 0x14 SIZEOF (.data)
                0x00000000000000cc                __data_section_table_end = .
                0x00000000000000cc                __bss_section_table = .
                0x00000000000000cc        0x4 LONG 0x1ffff098 ADDR (.bss)
                0x00000000000000d0        0x4 LONG 0x13c SIZEOF (.bss)
                0x00000000000000d4                __bss_section_table_end = .
                0x00000000000000d4                __section_table_end = .
 *(SORT_BY_ALIGNMENT(.after_vectors*))
 .after_vectors.reset
                0x00000000000000d4       0x4c ./startup/startup_mkl25z4.o
                0x00000000000000d4                ResetISR
 .after_vectors.init_data
                0x0000000000000120       0x12 ./startup/startup_mkl25z4.o
                0x0000000000000120                data_init
 .after_vectors.init_bss
                0x0000000000000132       0x10 ./startup/startup_mkl25z4.o
                0x0000000000000132                bss_init
 .after_vectors
                0x0000000000000142      0x10c ./startup/startup_mkl25z4.o
                0x0000000000000142                NMI_Handler
                0x0000000000000146                SVC_Handler
                0x0000000000000148                PendSV_Handler
                0x000000000000014c                PIT_DriverIRQHandler
                0x000000000000014c                Reserved39_DriverIRQHandler
                0x000000000000014c                DMA0_DriverIRQHandler
                0x000000000000014c                LPTMR0_DriverIRQHandler
                0x000000000000014c                TPM2_DriverIRQHandler
                0x000000000000014c                TSI0_DriverIRQHandler
                0x000000000000014c                RTC_Seconds_DriverIRQHandler
                0x000000000000014c                LLWU_DriverIRQHandler
                0x000000000000014c                MCG_DriverIRQHandler
                0x000000000000014c                FTFA_DriverIRQHandler
                0x000000000000014c                IntDefaultHandler
                0x000000000000014c                USB0_DriverIRQHandler
                0x000000000000014c                DAC0_DriverIRQHandler
                0x000000000000014c                LVD_LVW_DriverIRQHandler
                0x000000000000014c                TPM0_DriverIRQHandler
                0x000000000000014c                Reserved20_DriverIRQHandler
                0x000000000000014c                DMA3_DriverIRQHandler
                0x000000000000014c                Reserved45_DriverIRQHandler
                0x000000000000014c                PORTA_DriverIRQHandler
                0x000000000000014c                TPM1_DriverIRQHandler
                0x000000000000014c                RTC_DriverIRQHandler
                0x000000000000014c                DMA1_DriverIRQHandler
                0x000000000000014c                ADC0_DriverIRQHandler
                0x000000000000014c                CMP0_DriverIRQHandler
                0x000000000000014c                DMA2_DriverIRQHandler
                0x000000000000014c                PORTD_DriverIRQHandler
                0x000000000000014e                DMA0_IRQHandler
                0x0000000000000156                DMA1_IRQHandler
                0x000000000000015e                DMA2_IRQHandler
                0x0000000000000166                DMA3_IRQHandler
                0x000000000000016e                Reserved20_IRQHandler
                0x0000000000000176                FTFA_IRQHandler
                0x000000000000017e                LVD_LVW_IRQHandler
                0x0000000000000186                LLWU_IRQHandler
                0x000000000000018e                I2C0_IRQHandler
                0x0000000000000196                I2C1_IRQHandler
                0x000000000000019e                SPI0_IRQHandler
                0x00000000000001a6                SPI1_IRQHandler
                0x00000000000001ae                UART0_IRQHandler
                0x00000000000001b6                UART1_IRQHandler
                0x00000000000001be                UART2_IRQHandler
                0x00000000000001c6                ADC0_IRQHandler
                0x00000000000001ce                CMP0_IRQHandler
                0x00000000000001d6                TPM0_IRQHandler
                0x00000000000001de                TPM1_IRQHandler
                0x00000000000001e6                TPM2_IRQHandler
                0x00000000000001ee                RTC_IRQHandler
                0x00000000000001f6                RTC_Seconds_IRQHandler
                0x00000000000001fe                PIT_IRQHandler
                0x0000000000000206                Reserved39_IRQHandler
                0x000000000000020e                USB0_IRQHandler
                0x0000000000000216                DAC0_IRQHandler
                0x000000000000021e                TSI0_IRQHandler
                0x0000000000000226                MCG_IRQHandler
                0x000000000000022e                LPTMR0_IRQHandler
                0x0000000000000236                Reserved45_IRQHandler
                0x000000000000023e                PORTA_IRQHandler
                0x0000000000000246                PORTD_IRQHandler
                0x0000000000000400                . = 0x400
 *fill*         0x000000000000024e      0x1b2 ff
                0x0000000000000400                PROVIDE (__FLASH_CONFIG_START__ = .)
 *(SORT_BY_ALIGNMENT(.FlashConfig))
 .FlashConfig   0x0000000000000400       0x10 ./startup/startup_mkl25z4.o
                0x0000000000000400                Flash_Config
                0x0000000000000410                PROVIDE (__FLASH_CONFIG_END__ = .)
                0x0000000000000001                ASSERT (! ((__FLASH_CONFIG_START__ == __FLASH_CONFIG_END__)), Linker Flash Config Support Enabled, but no .FlashConfig section provided within application)
 *(SORT_BY_ALIGNMENT(.text*))
 .text.DbgConsole_Init
                0x0000000000000410       0xf0 ./utilities/fsl_debug_console.o
                0x0000000000000410                DbgConsole_Init
 .text.System_Init
                0x0000000000000500       0x18 ./source/System.o
                0x0000000000000500                System_Init
 .text.System_Shutdown
                0x0000000000000518       0x1c ./source/System.o
                0x0000000000000518                System_Shutdown
 .text.System_Safestate
                0x0000000000000534       0x1c ./source/System.o
                0x0000000000000534                System_Safestate
 .text.System_WriteInt
                0x0000000000000550       0x20 ./source/System.o
                0x0000000000000550                System_WriteInt
 .text.initBuffer
                0x0000000000000570       0x74 ./source/buffer.o
                0x0000000000000570                initBuffer
 .text.verifyInit
                0x00000000000005e4       0x44 ./source/buffer.o
                0x00000000000005e4                verifyInit
 .text.verifyValidPointer
                0x0000000000000628       0x2c ./source/buffer.o
                0x0000000000000628                verifyValidPointer
 .text.destroyBuffer
                0x0000000000000654       0x28 ./source/buffer.o
                0x0000000000000654                destroyBuffer
 .text.addItem  0x000000000000067c       0x6c ./source/buffer.o
                0x000000000000067c                addItem
 .text.removeItem
                0x00000000000006e8       0x68 ./source/buffer.o
                0x00000000000006e8                removeItem
 .text.isFull   0x0000000000000750       0x2c ./source/buffer.o
                0x0000000000000750                isFull
 .text.isEmpty  0x000000000000077c       0x2c ./source/buffer.o
                0x000000000000077c                isEmpty
 .text.init_LED
                0x00000000000007a8       0x38 ./source/led.o
                0x00000000000007a8                init_LED
 .text.turn_LED_green
                0x00000000000007e0       0xe0 ./source/led.o
                0x00000000000007e0                turn_LED_green
 .text.loggerGetTimestampHour
                0x00000000000008c0       0x30 ./source/logger.o
                0x00000000000008c0                loggerGetTimestampHour
 .text.loggerGetTimestampMinute
                0x00000000000008f0       0x30 ./source/logger.o
                0x00000000000008f0                loggerGetTimestampMinute
 .text.main     0x0000000000000920       0xa8 ./source/project_5.o
                0x0000000000000920                main
 .text.HardFault_Handler
                0x00000000000009c8       0x30 ./source/semihost_hardfault.o
                0x00000000000009c8                HardFault_Handler
 .text.Test     0x00000000000009f8      0xbe8 ./source/test.o
                0x00000000000009f8                Test
 .text.NVIC_SetPriority
                0x00000000000015e0       0xdc ./source/timer.o
 .text.SysTick_Handler
                0x00000000000016bc       0x4c ./source/timer.o
                0x00000000000016bc                SysTick_Handler
 .text.Init_SysTick
                0x0000000000001708       0x34 ./source/timer.o
                0x0000000000001708                Init_SysTick
 .text.mdelay   0x000000000000173c       0xf4 ./source/timer.o
                0x000000000000173c                mdelay
 .text.timerGetRunTimeMilliseconds
                0x0000000000001830       0x18 ./source/timer.o
                0x0000000000001830                timerGetRunTimeMilliseconds
 .text.CLOCK_SetEr32kClock
                0x0000000000001848       0x34 ./drivers/fsl_clock.o
 .text.CLOCK_SetPllFllSelClock
                0x000000000000187c       0x38 ./drivers/fsl_clock.o
 .text.CLOCK_GetMcgExtClkFreq
                0x00000000000018b4       0x28 ./drivers/fsl_clock.o
 .text.CLOCK_GetFllExtRefClkFreq
                0x00000000000018dc       0xa4 ./drivers/fsl_clock.o
 .text.CLOCK_GetFllRefClkFreq
                0x0000000000001980       0x2c ./drivers/fsl_clock.o
 .text.CLOCK_GetOscRangeFromFreq
                0x00000000000019ac       0x4c ./drivers/fsl_clock.o
 .text.CLOCK_GetPllFllSelClkFreq
                0x00000000000019f8       0x4c ./drivers/fsl_clock.o
                0x00000000000019f8                CLOCK_GetPllFllSelClkFreq
 .text.CLOCK_SetSimConfig
                0x0000000000001a44       0x38 ./drivers/fsl_clock.o
                0x0000000000001a44                CLOCK_SetSimConfig
 .text.CLOCK_GetFllFreq
                0x0000000000001a7c       0x84 ./drivers/fsl_clock.o
                0x0000000000001a7c                CLOCK_GetFllFreq
 .text.CLOCK_GetPll0Freq
                0x0000000000001b00       0x70 ./drivers/fsl_clock.o
                0x0000000000001b00                CLOCK_GetPll0Freq
 .text.CLOCK_SetInternalRefClkConfig
                0x0000000000001b70      0x124 ./drivers/fsl_clock.o
                0x0000000000001b70                CLOCK_SetInternalRefClkConfig
 .text.CLOCK_EnablePll0
                0x0000000000001c94       0x90 ./drivers/fsl_clock.o
                0x0000000000001c94                CLOCK_EnablePll0
 .text.CLOCK_InitOsc0
                0x0000000000001d24       0x94 ./drivers/fsl_clock.o
                0x0000000000001d24                CLOCK_InitOsc0
 .text.CLOCK_SetPbeMode
                0x0000000000001db8       0xb0 ./drivers/fsl_clock.o
                0x0000000000001db8                CLOCK_SetPbeMode
 .text.CLOCK_BootToPeeMode
                0x0000000000001e68       0x70 ./drivers/fsl_clock.o
                0x0000000000001e68                CLOCK_BootToPeeMode
 .text.I2C_TransferCommonIRQHandler
                0x0000000000001ed8       0x54 ./drivers/fsl_i2c.o
 .text.I2C0_DriverIRQHandler
                0x0000000000001f2c       0x20 ./drivers/fsl_i2c.o
                0x0000000000001f2c                I2C0_DriverIRQHandler
 .text.I2C1_DriverIRQHandler
                0x0000000000001f4c       0x20 ./drivers/fsl_i2c.o
                0x0000000000001f4c                I2C1_DriverIRQHandler
 .text.CLOCK_EnableClock
                0x0000000000001f6c       0x34 ./drivers/fsl_lpsci.o
 .text.LPSCI_GetInstance
                0x0000000000001fa0       0x48 ./drivers/fsl_lpsci.o
                0x0000000000001fa0                LPSCI_GetInstance
 .text.LPSCI_Init
                0x0000000000001fe8      0x258 ./drivers/fsl_lpsci.o
                0x0000000000001fe8                LPSCI_Init
 .text.LPSCI_GetDefaultConfig
                0x0000000000002240       0x44 ./drivers/fsl_lpsci.o
                0x0000000000002240                LPSCI_GetDefaultConfig
 .text.LPSCI_ClearStatusFlags
                0x0000000000002284       0x94 ./drivers/fsl_lpsci.o
                0x0000000000002284                LPSCI_ClearStatusFlags
 .text.LPSCI_WriteBlocking
                0x0000000000002318       0x4c ./drivers/fsl_lpsci.o
                0x0000000000002318                LPSCI_WriteBlocking
 .text.LPSCI_ReadBlocking
                0x0000000000002364       0xc0 ./drivers/fsl_lpsci.o
                0x0000000000002364                LPSCI_ReadBlocking
 .text.UART0_DriverIRQHandler
                0x0000000000002424       0x24 ./drivers/fsl_lpsci.o
                0x0000000000002424                UART0_DriverIRQHandler
 .text.SPI_CommonIRQHandler
                0x0000000000002448       0x54 ./drivers/fsl_spi.o
 .text.SPI0_DriverIRQHandler
                0x000000000000249c       0x30 ./drivers/fsl_spi.o
                0x000000000000249c                SPI0_DriverIRQHandler
 .text.SPI1_DriverIRQHandler
                0x00000000000024cc       0x30 ./drivers/fsl_spi.o
                0x00000000000024cc                SPI1_DriverIRQHandler
 .text.CLOCK_EnableClock
                0x00000000000024fc       0x34 ./drivers/fsl_uart.o
 .text.UART_GetInstance
                0x0000000000002530       0x54 ./drivers/fsl_uart.o
                0x0000000000002530                UART_GetInstance
 .text.UART_Init
                0x0000000000002584      0x1e0 ./drivers/fsl_uart.o
                0x0000000000002584                UART_Init
 .text.UART_GetDefaultConfig
                0x0000000000002764       0x44 ./drivers/fsl_uart.o
                0x0000000000002764                UART_GetDefaultConfig
 .text.UART_ReadBlocking
                0x00000000000027a8       0x98 ./drivers/fsl_uart.o
                0x00000000000027a8                UART_ReadBlocking
 .text.UART1_DriverIRQHandler
                0x0000000000002840       0x24 ./drivers/fsl_uart.o
                0x0000000000002840                UART1_DriverIRQHandler
 .text.UART2_DriverIRQHandler
                0x0000000000002864       0x24 ./drivers/fsl_uart.o
                0x0000000000002864                UART2_DriverIRQHandler
 .text.CLOCK_SetLpsci0Clock
                0x0000000000002888       0x38 ./board/board.o
 .text.BOARD_InitDebugConsole
                0x00000000000028c0       0x30 ./board/board.o
                0x00000000000028c0                BOARD_InitDebugConsole
 .text.CLOCK_SetSimSafeDivs
                0x00000000000028f0       0x20 ./board/clock_config.o
 .text.CLOCK_SetXtal0Freq
                0x0000000000002910       0x1c ./board/clock_config.o
 .text.CLOCK_CONFIG_SetFllExtRefDiv
                0x000000000000292c       0x3c ./board/clock_config.o
 .text.BOARD_BootClockRUN
                0x0000000000002968       0x64 ./board/clock_config.o
                0x0000000000002968                BOARD_BootClockRUN
 .text.CLOCK_EnableClock
                0x00000000000029cc       0x34 ./board/pin_mux.o
 .text.PORT_SetPinMux
                0x0000000000002a00       0x40 ./board/pin_mux.o
 .text.BOARD_InitPins
                0x0000000000002a40       0xa8 ./board/pin_mux.o
                0x0000000000002a40                BOARD_InitPins
 .text.SystemInit
                0x0000000000002ae8       0x18 ./CMSIS/system_MKL25Z4.o
                0x0000000000002ae8                SystemInit
 .text.__assertion_failed
                0x0000000000002b00       0x4c /usr/local/mcuxpressoide-11.1.0_3209/ide/plugins/com.nxp.mcuxpresso.tools.linux_11.1.0.201909161352/tools/bin/../lib/gcc/arm-none-eabi/8.3.1/../../../../arm-none-eabi/lib/thumb/v6-m/nofp/libcr_semihost_nf.a(_cr_assert.o)
                0x0000000000002b00                __assertion_failed
 .text.__sys_appexit
                0x0000000000002b4c        0xc /usr/local/mcuxpressoide-11.1.0_3209/ide/plugins/com.nxp.mcuxpresso.tools.linux_11.1.0.201909161352/tools/bin/../lib/gcc/arm-none-eabi/8.3.1/../../../../arm-none-eabi/lib/thumb/v6-m/nofp/libcr_semihost_nf.a(__sys_appexit.o)
                0x0000000000002b4c                __exit
                0x0000000000002b4c                __sys_appexit
 .text._deferredlazyseek
                0x0000000000002b58       0x40 /usr/local/mcuxpressoide-11.1.0_3209/ide/plugins/com.nxp.mcuxpresso.tools.linux_11.1.0.201909161352/tools/bin/../lib/gcc/arm-none-eabi/8.3.1/../../../../arm-none-eabi/lib/thumb/v6-m/nofp/libcr_c.a(_deferredlazyseek.o)
                0x0000000000002b58                _deferredlazyseek
 .text.__flsbuf
                0x0000000000002b98      0x14c /usr/local/mcuxpressoide-11.1.0_3209/ide/plugins/com.nxp.mcuxpresso.tools.linux_11.1.0.201909161352/tools/bin/../lib/gcc/arm-none-eabi/8.3.1/../../../../arm-none-eabi/lib/thumb/v6-m/nofp/libcr_c.a(_deferredlazyseek.o)
                0x0000000000002b98                __flsbuf
 .text._fflush  0x0000000000002ce4       0x5c /usr/local/mcuxpressoide-11.1.0_3209/ide/plugins/com.nxp.mcuxpresso.tools.linux_11.1.0.201909161352/tools/bin/../lib/gcc/arm-none-eabi/8.3.1/../../../../arm-none-eabi/lib/thumb/v6-m/nofp/libcr_c.a(_fflush.o)
                0x0000000000002ce4                _fflush
 .text._Cwritebuf
                0x0000000000002d40       0x68 /usr/local/mcuxpressoide-11.1.0_3209/ide/plugins/com.nxp.mcuxpresso.tools.linux_11.1.0.201909161352/tools/bin/../lib/gcc/arm-none-eabi/8.3.1/../../../../arm-none-eabi/lib/thumb/v6-m/nofp/libcr_c.a(_writebuf.o)
                0x0000000000002d40                _Cwritebuf
 .text.malloc   0x0000000000002da8       0xcc /usr/local/mcuxpressoide-11.1.0_3209/ide/plugins/com.nxp.mcuxpresso.tools.linux_11.1.0.201909161352/tools/bin/../lib/gcc/arm-none-eabi/8.3.1/../../../../arm-none-eabi/lib/thumb/v6-m/nofp/libcr_c.a(alloc.o)
                0x0000000000002da8                malloc
 .text._Csys_alloc
                0x0000000000002e74       0x20 /usr/local/mcuxpressoide-11.1.0_3209/ide/plugins/com.nxp.mcuxpresso.tools.linux_11.1.0.201909161352/tools/bin/../lib/gcc/arm-none-eabi/8.3.1/../../../../arm-none-eabi/lib/thumb/v6-m/nofp/libcr_c.a(alloc.o)
                0x0000000000002e74                _Csys_alloc
 .text.fseek    0x0000000000002e94       0xf0 /usr/local/mcuxpressoide-11.1.0_3209/ide/plugins/com.nxp.mcuxpresso.tools.linux_11.1.0.201909161352/tools/bin/../lib/gcc/arm-none-eabi/8.3.1/../../../../arm-none-eabi/lib/thumb/v6-m/nofp/libcr_c.a(fseek.o)
                0x0000000000002e94                fseek
 .text.ftell    0x0000000000002f84       0x48 /usr/local/mcuxpressoide-11.1.0_3209/ide/plugins/com.nxp.mcuxpresso.tools.linux_11.1.0.201909161352/tools/bin/../lib/gcc/arm-none-eabi/8.3.1/../../../../arm-none-eabi/lib/thumb/v6-m/nofp/libcr_c.a(ftell.o)
                0x0000000000002f84                ftell
 .text._initio  0x0000000000002fcc       0x7c /usr/local/mcuxpressoide-11.1.0_3209/ide/plugins/com.nxp.mcuxpresso.tools.linux_11.1.0.201909161352/tools/bin/../lib/gcc/arm-none-eabi/8.3.1/../../../../arm-none-eabi/lib/thumb/v6-m/nofp/libcr_c.a(initio.o)
                0x0000000000002fcc                _initio
 .text.__vfprintf
                0x0000000000003048      0xcd8 /usr/local/mcuxpressoide-11.1.0_3209/ide/plugins/com.nxp.mcuxpresso.tools.linux_11.1.0.201909161352/tools/bin/../lib/gcc/arm-none-eabi/8.3.1/../../../../arm-none-eabi/lib/thumb/v6-m/nofp/libcr_c.a(printf.o)
                0x0000000000003048                __vfprintf
 .text._vsnprintf
                0x0000000000003d20       0x70 /usr/local/mcuxpressoide-11.1.0_3209/ide/plugins/com.nxp.mcuxpresso.tools.linux_11.1.0.201909161352/tools/bin/../lib/gcc/arm-none-eabi/8.3.1/../../../../arm-none-eabi/lib/thumb/v6-m/nofp/libcr_c.a(printf.o)
                0x0000000000003d20                _vsnprintf
 .text._printf  0x0000000000003d90       0x50 /usr/local/mcuxpressoide-11.1.0_3209/ide/plugins/com.nxp.mcuxpresso.tools.linux_11.1.0.201909161352/tools/bin/../lib/gcc/arm-none-eabi/8.3.1/../../../../arm-none-eabi/lib/thumb/v6-m/nofp/libcr_c.a(printf.o)
                0x0000000000003d90                _printf
 .text.setvbuf  0x0000000000003de0       0x4c /usr/local/mcuxpressoide-11.1.0_3209/ide/plugins/com.nxp.mcuxpresso.tools.linux_11.1.0.201909161352/tools/bin/../lib/gcc/arm-none-eabi/8.3.1/../../../../arm-none-eabi/lib/thumb/v6-m/nofp/libcr_c.a(setvbuf.o)
                0x0000000000003de0                setvbuf
 .text.strlen   0x0000000000003e2c       0x58 /usr/local/mcuxpressoide-11.1.0_3209/ide/plugins/com.nxp.mcuxpresso.tools.linux_11.1.0.201909161352/tools/bin/../lib/gcc/arm-none-eabi/8.3.1/../../../../arm-none-eabi/lib/thumb/v6-m/nofp/libcr_c.a(strlen.o)
                0x0000000000003e2c                strlen
 .text._sbrk    0x0000000000003e84       0x40 /usr/local/mcuxpressoide-11.1.0_3209/ide/plugins/com.nxp.mcuxpresso.tools.linux_11.1.0.201909161352/tools/bin/../lib/gcc/arm-none-eabi/8.3.1/../../../../arm-none-eabi/lib/thumb/v6-m/nofp/libcr_c.a(_cr_sbrk.o)
                0x0000000000003e84                _sbrk
 .text._fdopen  0x0000000000003ec4       0x74 /usr/local/mcuxpressoide-11.1.0_3209/ide/plugins/com.nxp.mcuxpresso.tools.linux_11.1.0.201909161352/tools/bin/../lib/gcc/arm-none-eabi/8.3.1/../../../../arm-none-eabi/lib/thumb/v6-m/nofp/libcr_c.a(_fdopen.o)
                0x0000000000003ec4                _fdopen
 .text.fclose   0x0000000000003f38       0x5c /usr/local/mcuxpressoide-11.1.0_3209/ide/plugins/com.nxp.mcuxpresso.tools.linux_11.1.0.201909161352/tools/bin/../lib/gcc/arm-none-eabi/8.3.1/../../../../arm-none-eabi/lib/thumb/v6-m/nofp/libcr_c.a(fclose.o)
                0x0000000000003f38                fclose
 .text.fflush   0x0000000000003f94       0x44 /usr/local/mcuxpressoide-11.1.0_3209/ide/plugins/com.nxp.mcuxpresso.tools.linux_11.1.0.201909161352/tools/bin/../lib/gcc/arm-none-eabi/8.3.1/../../../../arm-none-eabi/lib/thumb/v6-m/nofp/libcr_c.a(fflush.o)
                0x0000000000003f94                fflush
 .text.__check_heap_overflow
                0x0000000000003fd8       0x14 /usr/local/mcuxpressoide-11.1.0_3209/ide/plugins/com.nxp.mcuxpresso.tools.linux_11.1.0.201909161352/tools/bin/../lib/gcc/arm-none-eabi/8.3.1/../../../../arm-none-eabi/lib/thumb/v6-m/nofp/libcr_c.a(_cr_check_heap.o)
                0x0000000000003fd8                __check_heap_overflow
 .text._do_fflush
                0x0000000000003fec       0x44 /usr/local/mcuxpressoide-11.1.0_3209/ide/plugins/com.nxp.mcuxpresso.tools.linux_11.1.0.201909161352/tools/bin/../lib/gcc/arm-none-eabi/8.3.1/../../../../arm-none-eabi/lib/thumb/v6-m/nofp/libcr_c.a(_do_fflush.o)
                0x0000000000003fec                _do_fflush
 .text.UART_EnableTx
                0x0000000000004030       0x40 ./utilities/fsl_debug_console.o
 .text.UART_EnableRx
                0x0000000000004070       0x40 ./utilities/fsl_debug_console.o
 .text.LPSCI_EnableTx
                0x00000000000040b0       0x40 ./utilities/fsl_debug_console.o
 .text.LPSCI_EnableRx
                0x00000000000040f0       0x40 ./utilities/fsl_debug_console.o
 .text.System_exit
                0x0000000000004130        0xc ./source/System.o
                0x0000000000004130                System_exit
 .text.System_WriteString
                0x000000000000413c       0x18 ./source/System.o
                0x000000000000413c                System_WriteString
 .text.set_GPIO_Pinout
                0x0000000000004154       0x20 ./source/gpio.o
                0x0000000000004154                set_GPIO_Pinout
 .text.clear_GPIO_Pinout
                0x0000000000004174       0x20 ./source/gpio.o
                0x0000000000004174                clear_GPIO_Pinout
 .text.toggle_GPIO_Pinout
                0x0000000000004194       0x20 ./source/gpio.o
                0x0000000000004194                toggle_GPIO_Pinout
 .text.init_GPIO_Pin
                0x00000000000041b4       0x78 ./source/gpio.o
                0x00000000000041b4                init_GPIO_Pin
 .text.loggerGetTimestampSecond
                0x000000000000422c       0x2c ./source/logger.o
                0x000000000000422c                loggerGetTimestampSecond
 .text.loggerGetTimestampTenthSec
                0x0000000000004258       0x2a ./source/logger.o
                0x0000000000004258                loggerGetTimestampTenthSec
 .text.OSC_SetExtRefClkConfig
                0x0000000000004282       0x3e ./drivers/fsl_clock.o
 .text.OSC_SetCapLoad
                0x00000000000042c0       0x42 ./drivers/fsl_clock.o
 .text.CLOCK_GetPll0RefFreq
                0x0000000000004302       0x10 ./drivers/fsl_clock.o
 .text.CLOCK_SetExternalRefClkConfig
                0x0000000000004312       0x16 ./drivers/fsl_clock.o
                0x0000000000004312                CLOCK_SetExternalRefClkConfig
 .text.LPSCI_GetStatusFlags
                0x0000000000004328       0x26 ./drivers/fsl_lpsci.o
                0x0000000000004328                LPSCI_GetStatusFlags
 .text.UART_GetStatusFlags
                0x000000000000434e       0x26 ./drivers/fsl_uart.o
                0x000000000000434e                UART_GetStatusFlags
 .text.UART_WriteBlocking
                0x0000000000004374       0x3a ./drivers/fsl_uart.o
                0x0000000000004374                UART_WriteBlocking
 .text.BOARD_InitBootClocks
                0x00000000000043ae        0xe ./board/clock_config.o
                0x00000000000043ae                BOARD_InitBootClocks
 .text.BOARD_InitBootPeripherals
                0x00000000000043bc        0xa ./board/peripherals.o
                0x00000000000043bc                BOARD_InitBootPeripherals
 .text.BOARD_InitBootPins
                0x00000000000043c6        0xe ./board/pin_mux.o
                0x00000000000043c6                BOARD_InitBootPins
 .text.__main   0x00000000000043d4        0xc /usr/local/mcuxpressoide-11.1.0_3209/ide/plugins/com.nxp.mcuxpresso.tools.linux_11.1.0.201909161352/tools/bin/../lib/gcc/arm-none-eabi/8.3.1/../../../../arm-none-eabi/lib/thumb/v6-m/nofp/libcr_semihost_nf.a(_cr__main.o)
                0x00000000000043d4                __main
                0x00000000000043d4                __CR_SEMIHOST
 .text.memset   0x00000000000043e0        0x8 /usr/local/mcuxpressoide-11.1.0_3209/ide/plugins/com.nxp.mcuxpresso.tools.linux_11.1.0.201909161352/tools/bin/../lib/gcc/arm-none-eabi/8.3.1/../../../../arm-none-eabi/lib/thumb/v6-m/nofp/libcr_c.a(memset.o)
                0x00000000000043e0                memset
 .text.free     0x00000000000043e8       0x2c /usr/local/mcuxpressoide-11.1.0_3209/ide/plugins/com.nxp.mcuxpresso.tools.linux_11.1.0.201909161352/tools/bin/../lib/gcc/arm-none-eabi/8.3.1/../../../../arm-none-eabi/lib/thumb/v6-m/nofp/libcr_c.a(alloc.o)
                0x00000000000043e8                free
 .text.fputs    0x0000000000004414       0x2e /usr/local/mcuxpressoide-11.1.0_3209/ide/plugins/com.nxp.mcuxpresso.tools.linux_11.1.0.201909161352/tools/bin/../lib/gcc/arm-none-eabi/8.3.1/../../../../arm-none-eabi/lib/thumb/v6-m/nofp/libcr_c.a(fputs.o)
                0x0000000000004414                fputs
 .text.no_fp_display
                0x0000000000004442        0x4 /usr/local/mcuxpressoide-11.1.0_3209/ide/plugins/com.nxp.mcuxpresso.tools.linux_11.1.0.201909161352/tools/bin/../lib/gcc/arm-none-eabi/8.3.1/../../../../arm-none-eabi/lib/thumb/v6-m/nofp/libcr_c.a(printf.o)
 .text.remove   0x0000000000004446       0x12 /usr/local/mcuxpressoide-11.1.0_3209/ide/plugins/com.nxp.mcuxpresso.tools.linux_11.1.0.201909161352/tools/bin/../lib/gcc/arm-none-eabi/8.3.1/../../../../arm-none-eabi/lib/thumb/v6-m/nofp/libcr_c.a(remove.o)
                0x0000000000004446                remove
 .text.__aeabi_division_idivmod
                0x0000000000004458       0x78 /usr/local/mcuxpressoide-11.1.0_3209/ide/plugins/com.nxp.mcuxpresso.tools.linux_11.1.0.201909161352/tools/bin/../lib/gcc/arm-none-eabi/8.3.1/thumb/v6-m/nofp/libcr_eabihelpers.a(division_32.o)
                0x0000000000004458                __aeabi_idiv
                0x0000000000004458                __aeabi_idivmod
                0x000000000000445e                __aeabi_uidiv
                0x000000000000445e                __aeabi_uidivmod
 .text.__aeabi_division_uldivmod
                0x00000000000044d0       0x5a /usr/local/mcuxpressoide-11.1.0_3209/ide/plugins/com.nxp.mcuxpresso.tools.linux_11.1.0.201909161352/tools/bin/../lib/gcc/arm-none-eabi/8.3.1/thumb/v6-m/nofp/libcr_eabihelpers.a(division_64.o)
                0x00000000000044d0                __aeabi_uldivmod
 .text.__aeabi_division_idiv0
                0x000000000000452a        0x2 /usr/local/mcuxpressoide-11.1.0_3209/ide/plugins/com.nxp.mcuxpresso.tools.linux_11.1.0.201909161352/tools/bin/../lib/gcc/arm-none-eabi/8.3.1/thumb/v6-m/nofp/libcr_eabihelpers.a(division_idiv0.o)
                0x000000000000452a                __aeabi_idiv0
 .text.__aeabi_llong_lmul
                0x000000000000452c       0x2e /usr/local/mcuxpressoide-11.1.0_3209/ide/plugins/com.nxp.mcuxpresso.tools.linux_11.1.0.201909161352/tools/bin/../lib/gcc/arm-none-eabi/8.3.1/thumb/v6-m/nofp/libcr_eabihelpers.a(llong.o)
                0x000000000000452c                __aeabi_lmul
 .text.__aeabi_memset_lowlevel
                0x000000000000455a       0x2a /usr/local/mcuxpressoide-11.1.0_3209/ide/plugins/com.nxp.mcuxpresso.tools.linux_11.1.0.201909161352/tools/bin/../lib/gcc/arm-none-eabi/8.3.1/thumb/v6-m/nofp/libcr_eabihelpers.a(memcpy.o)
                0x000000000000455a                __aeabi_lowlevel_memset
 .text.__sys_close
                0x0000000000004584        0xc /usr/local/mcuxpressoide-11.1.0_3209/ide/plugins/com.nxp.mcuxpresso.tools.linux_11.1.0.201909161352/tools/bin/../lib/gcc/arm-none-eabi/8.3.1/../../../../arm-none-eabi/lib/thumb/v6-m/nofp/libcr_semihost_nf.a(__sys_close.o)
                0x0000000000004584                __sys_close
 .text.__sys_flen
                0x0000000000004590        0xc /usr/local/mcuxpressoide-11.1.0_3209/ide/plugins/com.nxp.mcuxpresso.tools.linux_11.1.0.201909161352/tools/bin/../lib/gcc/arm-none-eabi/8.3.1/../../../../arm-none-eabi/lib/thumb/v6-m/nofp/libcr_semihost_nf.a(__sys_flen.o)
                0x0000000000004590                __sys_flen
 .text.__sys_istty
                0x000000000000459c        0xc /usr/local/mcuxpressoide-11.1.0_3209/ide/plugins/com.nxp.mcuxpresso.tools.linux_11.1.0.201909161352/tools/bin/../lib/gcc/arm-none-eabi/8.3.1/../../../../arm-none-eabi/lib/thumb/v6-m/nofp/libcr_semihost_nf.a(__sys_istty.o)
                0x000000000000459c                __sys_istty
 .text.__sys_remove
                0x00000000000045a8        0xc /usr/local/mcuxpressoide-11.1.0_3209/ide/plugins/com.nxp.mcuxpresso.tools.linux_11.1.0.201909161352/tools/bin/../lib/gcc/arm-none-eabi/8.3.1/../../../../arm-none-eabi/lib/thumb/v6-m/nofp/libcr_semihost_nf.a(__sys_remove.o)
                0x00000000000045a8                __sys_remove
 .text.__sys_seek
                0x00000000000045b4        0xc /usr/local/mcuxpressoide-11.1.0_3209/ide/plugins/com.nxp.mcuxpresso.tools.linux_11.1.0.201909161352/tools/bin/../lib/gcc/arm-none-eabi/8.3.1/../../../../arm-none-eabi/lib/thumb/v6-m/nofp/libcr_semihost_nf.a(__sys_seek.o)
                0x00000000000045b4                __sys_seek
 .text.__sys_tmpnam
                0x00000000000045c0        0xc /usr/local/mcuxpressoide-11.1.0_3209/ide/plugins/com.nxp.mcuxpresso.tools.linux_11.1.0.201909161352/tools/bin/../lib/gcc/arm-none-eabi/8.3.1/../../../../arm-none-eabi/lib/thumb/v6-m/nofp/libcr_semihost_nf.a(__sys_tmpnam.o)
                0x00000000000045c0                __sys_tmpnam
 .text.__sys_write
                0x00000000000045cc        0xc /usr/local/mcuxpressoide-11.1.0_3209/ide/plugins/com.nxp.mcuxpresso.tools.linux_11.1.0.201909161352/tools/bin/../lib/gcc/arm-none-eabi/8.3.1/../../../../arm-none-eabi/lib/thumb/v6-m/nofp/libcr_semihost_nf.a(__sys_write.o)
                0x00000000000045cc                __sys_write
 *(SORT_BY_ALIGNMENT(.rodata) SORT_BY_ALIGNMENT(.rodata.*) SORT_BY_ALIGNMENT(.constdata) SORT_BY_ALIGNMENT(.constdata.*))
 .rodata.System_Init.str1.4
                0x00000000000045d8       0x1c ./source/System.o
 .rodata.System_Shutdown.str1.4
                0x00000000000045f4       0x12 ./source/System.o
 *fill*         0x0000000000004606        0x2 ff
 .rodata.System_Safestate.str1.4
                0x0000000000004608       0x14 ./source/System.o
 .rodata.System_WriteInt.str1.4
                0x000000000000461c        0x3 ./source/System.o
 *fill*         0x000000000000461f        0x1 ff
 .rodata.str1.4
                0x0000000000004620        0xf ./source/led.o
 *fill*         0x000000000000462f        0x1 ff
 .rodata.turn_LED.str1.4
                0x0000000000004630       0x3a ./source/led.o
 *fill*         0x000000000000466a        0x2 ff
 .rodata.turn_LED_red.str1.4
                0x000000000000466c       0x32 ./source/led.o
 *fill*         0x000000000000469e        0x2 ff
 .rodata.turn_LED_green.str1.4
                0x00000000000046a0       0x2e ./source/led.o
 *fill*         0x00000000000046ce        0x2 ff
 .rodata.__func__.5361
                0x00000000000046d0        0xf ./source/led.o
 *fill*         0x00000000000046df        0x1 ff
 .rodata.main.str1.4
                0x00000000000046e0       0x8a ./source/project_5.o
 *fill*         0x000000000000476a        0x2 ff
 .rodata.__func__.5633
                0x000000000000476c        0x5 ./source/project_5.o
 *fill*         0x0000000000004771        0x3 ff
 .rodata.Test.str1.4
                0x0000000000004774      0x281 ./source/test.o
                                        0x289 (size before relaxing)
 *fill*         0x00000000000049f5        0x3 ff
 .rodata.mdelay.str1.4
                0x00000000000049f8       0x8b ./source/timer.o
                                         0x9a (size before relaxing)
 *fill*         0x0000000000004a83        0x1 ff
 .rodata.__func__.5465
                0x0000000000004a84        0x7 ./source/timer.o
 *fill*         0x0000000000004a8b        0x1 ff
 .rodata.CLOCK_GetMcgExtClkFreq.str1.4
                0x0000000000004a8c       0x1f ./drivers/fsl_clock.o
 *fill*         0x0000000000004aab        0x1 ff
 .rodata.CLOCK_GetPll0Freq.str1.4
                0x0000000000004aac       0x1e ./drivers/fsl_clock.o
 *fill*         0x0000000000004aca        0x2 ff
 .rodata.CLOCK_EnablePll0.str1.4
                0x0000000000004acc       0x1a ./drivers/fsl_clock.o
 *fill*         0x0000000000004ae6        0x2 ff
 .rodata.CLOCK_SetPbeMode.str1.4
                0x0000000000004ae8       0x1b ./drivers/fsl_clock.o
 *fill*         0x0000000000004b03        0x1 ff
 .rodata.CLOCK_BootToPeeMode.str1.4
                0x0000000000004b04       0x1b ./drivers/fsl_clock.o
 *fill*         0x0000000000004b1f        0x1 ff
 .rodata.fllFactorTable.5230
                0x0000000000004b20       0x10 ./drivers/fsl_clock.o
 .rodata.LPSCI_GetInstance.str1.4
                0x0000000000004b30       0x37 ./drivers/fsl_lpsci.o
 *fill*         0x0000000000004b67        0x1 ff
 .rodata.LPSCI_Init.str1.4
                0x0000000000004b68       0x44 ./drivers/fsl_lpsci.o
 .rodata.LPSCI_GetDefaultConfig.str1.4
                0x0000000000004bac       0x1a ./drivers/fsl_lpsci.o
 *fill*         0x0000000000004bc6        0x2 ff
 .rodata.LPSCI_WriteBlocking.str1.4
                0x0000000000004bc8       0x18 ./drivers/fsl_lpsci.o
 .rodata.LPSCI_ReadBlocking.str1.4
                0x0000000000004be0       0x18 ./drivers/fsl_lpsci.o
 .rodata.SPI0_DriverIRQHandler.str1.4
                0x0000000000004bf8       0x21 ./drivers/fsl_spi.o
 *fill*         0x0000000000004c19        0x3 ff
 .rodata.SPI1_DriverIRQHandler.str1.4
                0x0000000000004c1c       0x21 ./drivers/fsl_spi.o
 *fill*         0x0000000000004c3d        0x3 ff
 .rodata.s_uartBases
                0x0000000000004c40        0xc ./drivers/fsl_uart.o
 .rodata.s_uartClock
                0x0000000000004c4c        0xc ./drivers/fsl_uart.o
 .rodata.UART_GetInstance.str1.4
                0x0000000000004c58       0x2c ./drivers/fsl_uart.o
 .rodata.UART_Init.str1.4
                0x0000000000004c84       0x43 ./drivers/fsl_uart.o
 *fill*         0x0000000000004cc7        0x1 ff
 .rodata.UART_GetDefaultConfig.str1.4
                0x0000000000004cc8       0x19 ./drivers/fsl_uart.o
 *fill*         0x0000000000004ce1        0x3 ff
 .rodata.UART_ReadBlocking.str1.4
                0x0000000000004ce4       0x18 ./drivers/fsl_uart.o
                                         0x17 (size before relaxing)
 .rodata.mcgConfig_BOARD_BootClockRUN
                0x0000000000004cfc        0xa ./board/clock_config.o
                0x0000000000004cfc                mcgConfig_BOARD_BootClockRUN
 *fill*         0x0000000000004d06        0x2 ff
 .rodata.simConfig_BOARD_BootClockRUN
                0x0000000000004d08        0x8 ./board/clock_config.o
                0x0000000000004d08                simConfig_BOARD_BootClockRUN
 .rodata.oscConfig_BOARD_BootClockRUN
                0x0000000000004d10        0x8 ./board/clock_config.o
                0x0000000000004d10                oscConfig_BOARD_BootClockRUN
 .rodata.__num_Ciob_streams
                0x0000000000004d18        0x4 /usr/local/mcuxpressoide-11.1.0_3209/ide/plugins/com.nxp.mcuxpresso.tools.linux_11.1.0.201909161352/tools/bin/../lib/gcc/arm-none-eabi/8.3.1/../../../../arm-none-eabi/lib/thumb/v6-m/nofp/libcr_semihost_nf.a(__ciob.o)
                0x0000000000004d18                __num_Ciob_streams
 .rodata.__assertion_failed.str1.1
                0x0000000000004d1c       0x15 /usr/local/mcuxpressoide-11.1.0_3209/ide/plugins/com.nxp.mcuxpresso.tools.linux_11.1.0.201909161352/tools/bin/../lib/gcc/arm-none-eabi/8.3.1/../../../../arm-none-eabi/lib/thumb/v6-m/nofp/libcr_semihost_nf.a(_cr_assert.o)
 .rodata._Csys_alloc.str1.1
                0x0000000000004d31       0x18 /usr/local/mcuxpressoide-11.1.0_3209/ide/plugins/com.nxp.mcuxpresso.tools.linux_11.1.0.201909161352/tools/bin/../lib/gcc/arm-none-eabi/8.3.1/../../../../arm-none-eabi/lib/thumb/v6-m/nofp/libcr_c.a(alloc.o)
 .rodata._initio.str1.1
                0x0000000000004d49        0x4 /usr/local/mcuxpressoide-11.1.0_3209/ide/plugins/com.nxp.mcuxpresso.tools.linux_11.1.0.201909161352/tools/bin/../lib/gcc/arm-none-eabi/8.3.1/../../../../arm-none-eabi/lib/thumb/v6-m/nofp/libcr_c.a(initio.o)
 .rodata.__vfprintf.str1.1
                0x0000000000004d4d       0x35 /usr/local/mcuxpressoide-11.1.0_3209/ide/plugins/com.nxp.mcuxpresso.tools.linux_11.1.0.201909161352/tools/bin/../lib/gcc/arm-none-eabi/8.3.1/../../../../arm-none-eabi/lib/thumb/v6-m/nofp/libcr_c.a(printf.o)
                                         0x38 (size before relaxing)
                0x0000000000004d84                . = ALIGN (0x4)
 *fill*         0x0000000000004d82        0x2 ff

.glue_7         0x0000000000004d84        0x0
 .glue_7        0x0000000000004d84        0x0 linker stubs

.glue_7t        0x0000000000004d84        0x0
 .glue_7t       0x0000000000004d84        0x0 linker stubs

.vfp11_veneer   0x0000000000004d84        0x0
 .vfp11_veneer  0x0000000000004d84        0x0 linker stubs

.v4_bx          0x0000000000004d84        0x0
 .v4_bx         0x0000000000004d84        0x0 linker stubs

.iplt           0x0000000000004d84        0x0
 .iplt          0x0000000000004d84        0x0 ./utilities/fsl_debug_console.o

.rel.dyn        0x0000000000004d84        0x0
 .rel.iplt      0x0000000000004d84        0x0 ./utilities/fsl_debug_console.o

.ARM.extab
 *(SORT_BY_ALIGNMENT(.ARM.extab*) SORT_BY_ALIGNMENT(.gnu.linkonce.armextab.*))
                0x0000000000004d84                __exidx_start = .

.ARM.exidx
 *(SORT_BY_ALIGNMENT(.ARM.exidx*) SORT_BY_ALIGNMENT(.gnu.linkonce.armexidx.*))
                0x0000000000004d84                __exidx_end = .
                0x0000000000004d84                _etext = .

.m_usb_data
 *(SORT_BY_ALIGNMENT(m_usb_bdt))

.mtb_buffer_default
                0x000000001ffff000       0x80
 *(SORT_BY_ALIGNMENT(.mtb*))
 .mtb.$RAM1     0x000000001ffff000       0x80 ./source/mtb.o
                0x000000001ffff000                __mtb_buffer__

.uninit_RESERVED
                0x000000001ffff080        0x0
                0x000000001ffff080                _start_uninit_RESERVED = .
 *(SORT_BY_ALIGNMENT(.bss.$RESERVED*))
                0x000000001ffff080                . = ALIGN (0x4)
                0x000000001ffff080                _end_uninit_RESERVED = .

.data           0x000000001ffff080       0x14 load address 0x0000000000004d84
 FILL mask 0xff
                0x000000001ffff080                _data = .
                [!provide]                        PROVIDE (__start_data_RAM = .)
                [!provide]                        PROVIDE (__start_data_SRAM = .)
 *(SORT_BY_ALIGNMENT(vtable))
 *(SORT_BY_ALIGNMENT(.ramfunc*))
 *(SORT_BY_ALIGNMENT(CodeQuickAccess))
 *(SORT_BY_ALIGNMENT(DataQuickAccess))
 *(SORT_BY_ALIGNMENT(RamFunction))
 *(SORT_BY_ALIGNMENT(.data*))
 .data.led_color_string
                0x000000001ffff080        0xc ./source/led.o
                0x000000001ffff080                led_color_string
 .data.s_slowIrcFreq
                0x000000001ffff08c        0x4 ./drivers/fsl_clock.o
 .data.SystemCoreClock
                0x000000001ffff090        0x4 ./CMSIS/system_MKL25Z4.o
                0x000000001ffff090                SystemCoreClock
                0x000000001ffff094                . = ALIGN (0x4)
                0x000000001ffff094                _edata = .
                [!provide]                        PROVIDE (__end_data_RAM = .)
                [!provide]                        PROVIDE (__end_data_SRAM = .)

.igot.plt       0x000000001ffff094        0x0 load address 0x0000000000004d98
 .igot.plt      0x000000001ffff094        0x0 ./utilities/fsl_debug_console.o

.bss            0x000000001ffff098      0x13c
                0x000000001ffff098                _bss = .
                [!provide]                        PROVIDE (__start_bss_RAM = .)
                [!provide]                        PROVIDE (__start_bss_SRAM = .)
 *(SORT_BY_ALIGNMENT(.bss*))
 .bss.msec_count
                0x000000001ffff098        0x8 ./source/timer.o
                0x000000001ffff098                msec_count
 .bss.target_msec_count
                0x000000001ffff0a0        0x8 ./source/timer.o
                0x000000001ffff0a0                target_msec_count
 .bss.s_debugConsole
                0x000000001ffff0a8       0x10 ./utilities/fsl_debug_console.o
 .bss.ucunit_checks_failed
                0x000000001ffff0b8        0x4 ./source/test.o
 .bss.ucunit_checks_passed
                0x000000001ffff0bc        0x4 ./source/test.o
 .bss.ucunit_testcases_failed
                0x000000001ffff0c0        0x4 ./source/test.o
 .bss.ucunit_testcases_passed
                0x000000001ffff0c4        0x4 ./source/test.o
 .bss.ucunit_testcases_failed_checks
                0x000000001ffff0c8        0x4 ./source/test.o
 .bss.ucunit_checklist_failed_checks
                0x000000001ffff0cc        0x4 ./source/test.o
 .bss.ucunit_action
                0x000000001ffff0d0        0x4 ./source/test.o
 .bss.g_xtal0Freq
                0x000000001ffff0d4        0x4 ./drivers/fsl_clock.o
                0x000000001ffff0d4                g_xtal0Freq
 .bss.s_i2cHandle
                0x000000001ffff0d8        0x8 ./drivers/fsl_i2c.o
 .bss.s_i2cMasterIsr
                0x000000001ffff0e0        0x4 ./drivers/fsl_i2c.o
 .bss.s_i2cSlaveIsr
                0x000000001ffff0e4        0x4 ./drivers/fsl_i2c.o
 .bss.s_lpsciHandle
                0x000000001ffff0e8        0x4 ./drivers/fsl_lpsci.o
 .bss.s_lpsciIsr
                0x000000001ffff0ec        0x4 ./drivers/fsl_lpsci.o
 .bss.s_spiHandle
                0x000000001ffff0f0        0x8 ./drivers/fsl_spi.o
 .bss.s_spiMasterIsr
                0x000000001ffff0f8        0x4 ./drivers/fsl_spi.o
 .bss.s_spiSlaveIsr
                0x000000001ffff0fc        0x4 ./drivers/fsl_spi.o
 .bss.s_uartHandle
                0x000000001ffff100        0xc ./drivers/fsl_uart.o
 .bss.s_uartIsr
                0x000000001ffff10c        0x4 ./drivers/fsl_uart.o
 .bss.__Ciob    0x000000001ffff110       0xb4 /usr/local/mcuxpressoide-11.1.0_3209/ide/plugins/com.nxp.mcuxpresso.tools.linux_11.1.0.201909161352/tools/bin/../lib/gcc/arm-none-eabi/8.3.1/../../../../arm-none-eabi/lib/thumb/v6-m/nofp/libcr_semihost_nf.a(__ciob.o)
                0x000000001ffff110                __Ciob
 .bss.__end_of_heap
                0x000000001ffff1c4        0x4 /usr/local/mcuxpressoide-11.1.0_3209/ide/plugins/com.nxp.mcuxpresso.tools.linux_11.1.0.201909161352/tools/bin/../lib/gcc/arm-none-eabi/8.3.1/../../../../arm-none-eabi/lib/thumb/v6-m/nofp/libcr_c.a(__init_alloc.o)
                0x000000001ffff1c4                __end_of_heap
 .bss.__heaps   0x000000001ffff1c8        0x4 /usr/local/mcuxpressoide-11.1.0_3209/ide/plugins/com.nxp.mcuxpresso.tools.linux_11.1.0.201909161352/tools/bin/../lib/gcc/arm-none-eabi/8.3.1/../../../../arm-none-eabi/lib/thumb/v6-m/nofp/libcr_c.a(__init_alloc.o)
                0x000000001ffff1c8                __heaps
 .bss.errno     0x000000001ffff1cc        0x4 /usr/local/mcuxpressoide-11.1.0_3209/ide/plugins/com.nxp.mcuxpresso.tools.linux_11.1.0.201909161352/tools/bin/../lib/gcc/arm-none-eabi/8.3.1/../../../../arm-none-eabi/lib/thumb/v6-m/nofp/libcr_c.a(errno.o)
                0x000000001ffff1cc                errno
 .bss.error     0x000000001ffff1d0        0x1 ./source/buffer.o
                0x000000001ffff1d0                error
 .bss.color     0x000000001ffff1d1        0x1 ./source/led.o
                0x000000001ffff1d1                color
 .bss.delay_flag
                0x000000001ffff1d2        0x1 ./source/timer.o
                0x000000001ffff1d2                delay_flag
 *(SORT_BY_ALIGNMENT(COMMON))
                0x000000001ffff1d4                . = ALIGN (0x4)
 *fill*         0x000000001ffff1d3        0x1 
                0x000000001ffff1d4                _ebss = .
                [!provide]                        PROVIDE (__end_bss_RAM = .)
                [!provide]                        PROVIDE (__end_bss_SRAM = .)
                [!provide]                        PROVIDE (end = .)

.noinit         0x000000001ffff1d4        0x0
                0x000000001ffff1d4                _noinit = .
                [!provide]                        PROVIDE (__start_noinit_RAM = .)
                [!provide]                        PROVIDE (__start_noinit_SRAM = .)
 *(SORT_BY_ALIGNMENT(.noinit*))
                0x000000001ffff1d4                . = ALIGN (0x4)
                0x000000001ffff1d4                _end_noinit = .
                [!provide]                        PROVIDE (__end_noinit_RAM = .)
                [!provide]                        PROVIDE (__end_noinit_SRAM = .)
                0x0000000000000400                _HeapSize = 0x400

.heap           0x000000001ffff1d4      0x400
                0x000000001ffff1d4                _pvHeapStart = .
                0x000000001ffff5d4                . = (. + _HeapSize)
 *fill*         0x000000001ffff1d4      0x400 
                0x000000001ffff5d4                . = ALIGN (0x4)
                0x000000001ffff5d4                _pvHeapLimit = .
                0x0000000000000400                _StackSize = 0x400

.heap2stackfill
                0x000000001ffff5d4      0x400
                0x000000001ffff9d4                . = (. + _StackSize)
 *fill*         0x000000001ffff5d4      0x400 

.stack          0x0000000020002c00        0x0
                0x0000000020002c00                _vStackBase = .
                0x0000000020002c00                . = ALIGN (0x4)
                0x0000000020003000                _vStackTop = (. + _StackSize)
                0x0000000000000000                _image_start = LOADADDR (.text)
                0x0000000000004d98                _image_end = (LOADADDR (.data) + SIZEOF (.data))
                0x0000000000004d98                _image_size = (_image_end - _image_start)
OUTPUT(project_5.axf elf32-littlearm)

.debug_info     0x0000000000000000     0xc350
 .debug_info    0x0000000000000000      0x9b5 ./utilities/fsl_debug_console.o
 .debug_info    0x00000000000009b5      0x4df ./startup/startup_mkl25z4.o
 .debug_info    0x0000000000000e94      0x2aa ./source/System.o
 .debug_info    0x000000000000113e      0x401 ./source/buffer.o
 .debug_info    0x000000000000153f      0x372 ./source/gpio.o
 .debug_info    0x00000000000018b1      0x5e8 ./source/led.o
 .debug_info    0x0000000000001e99      0x511 ./source/logger.o
 .debug_info    0x00000000000023aa       0x53 ./source/mtb.o
 .debug_info    0x00000000000023fd      0x56e ./source/project_5.o
 .debug_info    0x000000000000296b       0x3c ./source/semihost_hardfault.o
 .debug_info    0x00000000000029a7      0x329 ./source/test.o
 .debug_info    0x0000000000002cd0      0x7aa ./source/timer.o
 .debug_info    0x000000000000347a     0x1a97 ./drivers/fsl_clock.o
 .debug_info    0x0000000000004f11     0x1a9a ./drivers/fsl_i2c.o
 .debug_info    0x00000000000069ab     0x1469 ./drivers/fsl_lpsci.o
 .debug_info    0x0000000000007e14     0x1411 ./drivers/fsl_spi.o
 .debug_info    0x0000000000009225     0x140a ./drivers/fsl_uart.o
 .debug_info    0x000000000000a62f      0x80b ./board/board.o
 .debug_info    0x000000000000ae3a      0xafe ./board/clock_config.o
 .debug_info    0x000000000000b938       0x3c ./board/peripherals.o
 .debug_info    0x000000000000b974      0x5a3 ./board/pin_mux.o
 .debug_info    0x000000000000bf17      0x439 ./CMSIS/system_MKL25Z4.o

.debug_abbrev   0x0000000000000000     0x26eb
 .debug_abbrev  0x0000000000000000      0x21b ./utilities/fsl_debug_console.o
 .debug_abbrev  0x000000000000021b      0x18d ./startup/startup_mkl25z4.o
 .debug_abbrev  0x00000000000003a8      0x10c ./source/System.o
 .debug_abbrev  0x00000000000004b4      0x15f ./source/buffer.o
 .debug_abbrev  0x0000000000000613      0x17a ./source/gpio.o
 .debug_abbrev  0x000000000000078d      0x192 ./source/led.o
 .debug_abbrev  0x000000000000091f      0x1a0 ./source/logger.o
 .debug_abbrev  0x0000000000000abf       0x46 ./source/mtb.o
 .debug_abbrev  0x0000000000000b05      0x15b ./source/project_5.o
 .debug_abbrev  0x0000000000000c60       0x31 ./source/semihost_hardfault.o
 .debug_abbrev  0x0000000000000c91       0xfb ./source/test.o
 .debug_abbrev  0x0000000000000d8c      0x239 ./source/timer.o
 .debug_abbrev  0x0000000000000fc5      0x36f ./drivers/fsl_clock.o
 .debug_abbrev  0x0000000000001334      0x36e ./drivers/fsl_i2c.o
 .debug_abbrev  0x00000000000016a2      0x309 ./drivers/fsl_lpsci.o
 .debug_abbrev  0x00000000000019ab      0x323 ./drivers/fsl_spi.o
 .debug_abbrev  0x0000000000001cce      0x323 ./drivers/fsl_uart.o
 .debug_abbrev  0x0000000000001ff1      0x1a7 ./board/board.o
 .debug_abbrev  0x0000000000002198      0x211 ./board/clock_config.o
 .debug_abbrev  0x00000000000023a9       0x31 ./board/peripherals.o
 .debug_abbrev  0x00000000000023da      0x1bb ./board/pin_mux.o
 .debug_abbrev  0x0000000000002595      0x156 ./CMSIS/system_MKL25Z4.o

.debug_aranges  0x0000000000000000      0xbc0
 .debug_aranges
                0x0000000000000000       0x48 ./utilities/fsl_debug_console.o
 .debug_aranges
                0x0000000000000048      0x160 ./startup/startup_mkl25z4.o
 .debug_aranges
                0x00000000000001a8       0x50 ./source/System.o
 .debug_aranges
                0x00000000000001f8       0x58 ./source/buffer.o
 .debug_aranges
                0x0000000000000250       0x38 ./source/gpio.o
 .debug_aranges
                0x0000000000000288       0x48 ./source/led.o
 .debug_aranges
                0x00000000000002d0       0x70 ./source/logger.o
 .debug_aranges
                0x0000000000000340       0x18 ./source/mtb.o
 .debug_aranges
                0x0000000000000358       0x20 ./source/project_5.o
 .debug_aranges
                0x0000000000000378       0x20 ./source/semihost_hardfault.o
 .debug_aranges
                0x0000000000000398       0x20 ./source/test.o
 .debug_aranges
                0x00000000000003b8       0x40 ./source/timer.o
 .debug_aranges
                0x00000000000003f8      0x1d8 ./drivers/fsl_clock.o
 .debug_aranges
                0x00000000000005d0      0x178 ./drivers/fsl_i2c.o
 .debug_aranges
                0x0000000000000748      0x118 ./drivers/fsl_lpsci.o
 .debug_aranges
                0x0000000000000860      0x130 ./drivers/fsl_spi.o
 .debug_aranges
                0x0000000000000990      0x130 ./drivers/fsl_uart.o
 .debug_aranges
                0x0000000000000ac0       0x28 ./board/board.o
 .debug_aranges
                0x0000000000000ae8       0x58 ./board/clock_config.o
 .debug_aranges
                0x0000000000000b40       0x20 ./board/peripherals.o
 .debug_aranges
                0x0000000000000b60       0x38 ./board/pin_mux.o
 .debug_aranges
                0x0000000000000b98       0x28 ./CMSIS/system_MKL25Z4.o

.debug_ranges   0x0000000000000000      0xa58
 .debug_ranges  0x0000000000000000       0x38 ./utilities/fsl_debug_console.o
 .debug_ranges  0x0000000000000038      0x150 ./startup/startup_mkl25z4.o
 .debug_ranges  0x0000000000000188       0x40 ./source/System.o
 .debug_ranges  0x00000000000001c8       0x48 ./source/buffer.o
 .debug_ranges  0x0000000000000210       0x28 ./source/gpio.o
 .debug_ranges  0x0000000000000238       0x38 ./source/led.o
 .debug_ranges  0x0000000000000270       0x60 ./source/logger.o
 .debug_ranges  0x00000000000002d0       0x10 ./source/project_5.o
 .debug_ranges  0x00000000000002e0       0x10 ./source/semihost_hardfault.o
 .debug_ranges  0x00000000000002f0       0x10 ./source/test.o
 .debug_ranges  0x0000000000000300       0x30 ./source/timer.o
 .debug_ranges  0x0000000000000330      0x1c8 ./drivers/fsl_clock.o
 .debug_ranges  0x00000000000004f8      0x168 ./drivers/fsl_i2c.o
 .debug_ranges  0x0000000000000660      0x108 ./drivers/fsl_lpsci.o
 .debug_ranges  0x0000000000000768      0x120 ./drivers/fsl_spi.o
 .debug_ranges  0x0000000000000888      0x120 ./drivers/fsl_uart.o
 .debug_ranges  0x00000000000009a8       0x18 ./board/board.o
 .debug_ranges  0x00000000000009c0       0x48 ./board/clock_config.o
 .debug_ranges  0x0000000000000a08       0x10 ./board/peripherals.o
 .debug_ranges  0x0000000000000a18       0x28 ./board/pin_mux.o
 .debug_ranges  0x0000000000000a40       0x18 ./CMSIS/system_MKL25Z4.o

.debug_macro    0x0000000000000000     0x9780
 .debug_macro   0x0000000000000000      0x13a ./utilities/fsl_debug_console.o
 .debug_macro   0x000000000000013a      0xab4 ./utilities/fsl_debug_console.o
 .debug_macro   0x0000000000000bee       0x10 ./utilities/fsl_debug_console.o
 .debug_macro   0x0000000000000bfe       0x16 ./utilities/fsl_debug_console.o
 .debug_macro   0x0000000000000c14       0x10 ./utilities/fsl_debug_console.o
 .debug_macro   0x0000000000000c24      0x12e ./utilities/fsl_debug_console.o
 .debug_macro   0x0000000000000d52       0x28 ./utilities/fsl_debug_console.o
 .debug_macro   0x0000000000000d7a       0xc4 ./utilities/fsl_debug_console.o
 .debug_macro   0x0000000000000e3e       0x16 ./utilities/fsl_debug_console.o
 .debug_macro   0x0000000000000e54       0x22 ./utilities/fsl_debug_console.o
 .debug_macro   0x0000000000000e76      0x5b3 ./utilities/fsl_debug_console.o
 .debug_macro   0x0000000000001429       0x10 ./utilities/fsl_debug_console.o
 .debug_macro   0x0000000000001439       0x3f ./utilities/fsl_debug_console.o
 .debug_macro   0x0000000000001478       0x3a ./utilities/fsl_debug_console.o
 .debug_macro   0x00000000000014b2       0x26 ./utilities/fsl_debug_console.o
 .debug_macro   0x00000000000014d8      0x329 ./utilities/fsl_debug_console.o
 .debug_macro   0x0000000000001801       0x30 ./utilities/fsl_debug_console.o
 .debug_macro   0x0000000000001831     0x51e2 ./utilities/fsl_debug_console.o
 .debug_macro   0x0000000000006a13     0x1352 ./utilities/fsl_debug_console.o
 .debug_macro   0x0000000000007d65       0x3a ./utilities/fsl_debug_console.o
 .debug_macro   0x0000000000007d9f       0xf4 ./utilities/fsl_debug_console.o
 .debug_macro   0x0000000000007e93       0x35 ./utilities/fsl_debug_console.o
 .debug_macro   0x0000000000007ec8       0xd2 ./utilities/fsl_debug_console.o
 .debug_macro   0x0000000000007f9a       0x2e ./utilities/fsl_debug_console.o
 .debug_macro   0x0000000000007fc8       0x10 ./utilities/fsl_debug_console.o
 .debug_macro   0x0000000000007fd8       0x10 ./utilities/fsl_debug_console.o
 .debug_macro   0x0000000000007fe8       0x29 ./startup/startup_mkl25z4.o
 .debug_macro   0x0000000000008011      0x11b ./source/System.o
 .debug_macro   0x000000000000812c       0xd8 ./source/System.o
 .debug_macro   0x0000000000008204       0x22 ./source/System.o
 .debug_macro   0x0000000000008226       0x8e ./source/buffer.o
 .debug_macro   0x00000000000082b4       0x16 ./source/buffer.o
 .debug_macro   0x00000000000082ca       0x1c ./source/buffer.o
 .debug_macro   0x00000000000082e6       0xa3 ./source/gpio.o
 .debug_macro   0x0000000000008389      0x131 ./source/led.o
 .debug_macro   0x00000000000084ba       0x16 ./source/led.o
 .debug_macro   0x00000000000084d0      0x120 ./source/logger.o
 .debug_macro   0x00000000000085f0       0x10 ./source/logger.o
 .debug_macro   0x0000000000008600       0x2f ./source/mtb.o
 .debug_macro   0x000000000000862f       0x82 ./source/mtb.o
 .debug_macro   0x00000000000086b1       0x10 ./source/mtb.o
 .debug_macro   0x00000000000086c1      0x1d9 ./source/project_5.o
 .debug_macro   0x000000000000889a       0x16 ./source/project_5.o
 .debug_macro   0x00000000000088b0       0x10 ./source/project_5.o
 .debug_macro   0x00000000000088c0      0x112 ./source/project_5.o
 .debug_macro   0x00000000000089d2       0x8e ./source/project_5.o
 .debug_macro   0x0000000000008a60       0x34 ./source/project_5.o
 .debug_macro   0x0000000000008a94       0x1c ./source/project_5.o
 .debug_macro   0x0000000000008ab0       0x34 ./source/project_5.o
 .debug_macro   0x0000000000008ae4       0x11 ./source/semihost_hardfault.o
 .debug_macro   0x0000000000008af5       0xa7 ./source/test.o
 .debug_macro   0x0000000000008b9c      0x111 ./source/test.o
 .debug_macro   0x0000000000008cad       0x10 ./source/test.o
 .debug_macro   0x0000000000008cbd      0x142 ./source/timer.o
 .debug_macro   0x0000000000008dff      0x196 ./drivers/fsl_clock.o
 .debug_macro   0x0000000000008f95       0x1c ./drivers/fsl_clock.o
 .debug_macro   0x0000000000008fb1       0xeb ./drivers/fsl_i2c.o
 .debug_macro   0x000000000000909c       0x10 ./drivers/fsl_i2c.o
 .debug_macro   0x00000000000090ac       0xec ./drivers/fsl_lpsci.o
 .debug_macro   0x0000000000009198       0xeb ./drivers/fsl_spi.o
 .debug_macro   0x0000000000009283       0x10 ./drivers/fsl_spi.o
 .debug_macro   0x0000000000009293       0xf2 ./drivers/fsl_uart.o
 .debug_macro   0x0000000000009385      0x12b ./board/board.o
 .debug_macro   0x00000000000094b0      0x123 ./board/clock_config.o
 .debug_macro   0x00000000000095d3       0x1b ./board/peripherals.o
 .debug_macro   0x00000000000095ee       0xee ./board/pin_mux.o
 .debug_macro   0x00000000000096dc       0x10 ./board/pin_mux.o
 .debug_macro   0x00000000000096ec       0x94 ./CMSIS/system_MKL25Z4.o

.debug_line     0x0000000000000000     0x8264
 .debug_line    0x0000000000000000      0x48e ./utilities/fsl_debug_console.o
 .debug_line    0x000000000000048e      0x1e7 ./startup/startup_mkl25z4.o
 .debug_line    0x0000000000000675      0x404 ./source/System.o
 .debug_line    0x0000000000000a79      0x33d ./source/buffer.o
 .debug_line    0x0000000000000db6      0x2c0 ./source/gpio.o
 .debug_line    0x0000000000001076      0x4ec ./source/led.o
 .debug_line    0x0000000000001562      0x476 ./source/logger.o
 .debug_line    0x00000000000019d8       0xd5 ./source/mtb.o
 .debug_line    0x0000000000001aad      0x49a ./source/project_5.o
 .debug_line    0x0000000000001f47       0x5a ./source/semihost_hardfault.o
 .debug_line    0x0000000000001fa1      0x38b ./source/test.o
 .debug_line    0x000000000000232c      0x4db ./source/timer.o
 .debug_line    0x0000000000002807     0x12f7 ./drivers/fsl_clock.o
 .debug_line    0x0000000000003afe     0x12bc ./drivers/fsl_i2c.o
 .debug_line    0x0000000000004dba      0xd78 ./drivers/fsl_lpsci.o
 .debug_line    0x0000000000005b32      0xafa ./drivers/fsl_spi.o
 .debug_line    0x000000000000662c      0xd67 ./drivers/fsl_uart.o
 .debug_line    0x0000000000007393      0x3b0 ./board/board.o
 .debug_line    0x0000000000007743      0x3f7 ./board/clock_config.o
 .debug_line    0x0000000000007b3a       0x5c ./board/peripherals.o
 .debug_line    0x0000000000007b96      0x387 ./board/pin_mux.o
 .debug_line    0x0000000000007f1d      0x347 ./CMSIS/system_MKL25Z4.o

.debug_str      0x0000000000000000    0x38eb0
 .debug_str     0x0000000000000000    0x315d0 ./utilities/fsl_debug_console.o
                                      0x3182e (size before relaxing)
 .debug_str     0x00000000000315d0      0x3e1 ./startup/startup_mkl25z4.o
                                       0x31f2 (size before relaxing)
 .debug_str     0x00000000000319b1       0x89 ./source/System.o
                                      0x30a0d (size before relaxing)
 .debug_str     0x0000000000031a3a      0x170 ./source/buffer.o
                                       0x4a79 (size before relaxing)
 .debug_str     0x0000000000031baa       0xdb ./source/gpio.o
                                      0x291af (size before relaxing)
 .debug_str     0x0000000000031c85      0x374 ./source/led.o
                                      0x3116f (size before relaxing)
 .debug_str     0x0000000000031ff9       0xf2 ./source/logger.o
                                      0x310bd (size before relaxing)
 .debug_str     0x00000000000320eb      0x532 ./source/mtb.o
                                       0x32fe (size before relaxing)
 .debug_str     0x000000000003261d     0x131e ./source/project_5.o
                                      0x32032 (size before relaxing)
 .debug_str     0x000000000003393b       0x1f ./source/semihost_hardfault.o
                                       0x2deb (size before relaxing)
 .debug_str     0x000000000003395a     0x11ac ./source/test.o
                                       0x5b5e (size before relaxing)
 .debug_str     0x0000000000034b06      0x327 ./source/timer.o
                                      0x313cb (size before relaxing)
 .debug_str     0x0000000000034e2d     0x15b1 ./drivers/fsl_clock.o
                                      0x322f9 (size before relaxing)
 .debug_str     0x00000000000363de      0xc57 ./drivers/fsl_i2c.o
                                      0x31ad3 (size before relaxing)
 .debug_str     0x0000000000037035      0x926 ./drivers/fsl_lpsci.o
                                      0x31901 (size before relaxing)
 .debug_str     0x000000000003795b      0x7b1 ./drivers/fsl_spi.o
                                      0x316c3 (size before relaxing)
 .debug_str     0x000000000003810c      0x832 ./drivers/fsl_uart.o
                                      0x31924 (size before relaxing)
 .debug_str     0x000000000003893e       0x4c ./board/board.o
                                      0x31771 (size before relaxing)
 .debug_str     0x000000000003898a      0x300 ./board/clock_config.o
                                      0x31227 (size before relaxing)
 .debug_str     0x0000000000038c8a       0x31 ./board/peripherals.o
                                       0x2dfc (size before relaxing)
 .debug_str     0x0000000000038cbb      0x1a6 ./board/pin_mux.o
                                      0x30c4c (size before relaxing)
 .debug_str     0x0000000000038e61       0x4f ./CMSIS/system_MKL25Z4.o
                                      0x2fc63 (size before relaxing)

.comment        0x0000000000000000       0x76
 .comment       0x0000000000000000       0x76 ./utilities/fsl_debug_console.o
                                         0x77 (size before relaxing)
 .comment       0x0000000000000076       0x77 ./startup/startup_mkl25z4.o
 .comment       0x0000000000000076       0x77 ./source/System.o
 .comment       0x0000000000000076       0x77 ./source/buffer.o
 .comment       0x0000000000000076       0x77 ./source/gpio.o
 .comment       0x0000000000000076       0x77 ./source/led.o
 .comment       0x0000000000000076       0x77 ./source/logger.o
 .comment       0x0000000000000076       0x77 ./source/mtb.o
 .comment       0x0000000000000076       0x77 ./source/project_5.o
 .comment       0x0000000000000076       0x77 ./source/semihost_hardfault.o
 .comment       0x0000000000000076       0x77 ./source/test.o
 .comment       0x0000000000000076       0x77 ./source/timer.o
 .comment       0x0000000000000076       0x77 ./drivers/fsl_clock.o
 .comment       0x0000000000000076       0x77 ./drivers/fsl_i2c.o
 .comment       0x0000000000000076       0x77 ./drivers/fsl_lpsci.o
 .comment       0x0000000000000076       0x77 ./drivers/fsl_spi.o
 .comment       0x0000000000000076       0x77 ./drivers/fsl_uart.o
 .comment       0x0000000000000076       0x77 ./board/board.o
 .comment       0x0000000000000076       0x77 ./board/clock_config.o
 .comment       0x0000000000000076       0x77 ./board/peripherals.o
 .comment       0x0000000000000076       0x77 ./board/pin_mux.o
 .comment       0x0000000000000076       0x77 ./CMSIS/system_MKL25Z4.o
 .comment       0x0000000000000076       0x77 /usr/local/mcuxpressoide-11.1.0_3209/ide/plugins/com.nxp.mcuxpresso.tools.linux_11.1.0.201909161352/tools/bin/../lib/gcc/arm-none-eabi/8.3.1/../../../../arm-none-eabi/lib/thumb/v6-m/nofp/libcr_semihost_nf.a(__ciob.o)
 .comment       0x0000000000000076       0x77 /usr/local/mcuxpressoide-11.1.0_3209/ide/plugins/com.nxp.mcuxpresso.tools.linux_11.1.0.201909161352/tools/bin/../lib/gcc/arm-none-eabi/8.3.1/../../../../arm-none-eabi/lib/thumb/v6-m/nofp/libcr_semihost_nf.a(_cr__main.o)
 .comment       0x0000000000000076       0x77 /usr/local/mcuxpressoide-11.1.0_3209/ide/plugins/com.nxp.mcuxpresso.tools.linux_11.1.0.201909161352/tools/bin/../lib/gcc/arm-none-eabi/8.3.1/../../../../arm-none-eabi/lib/thumb/v6-m/nofp/libcr_semihost_nf.a(_cr_assert.o)
 .comment       0x0000000000000076       0x77 /usr/local/mcuxpressoide-11.1.0_3209/ide/plugins/com.nxp.mcuxpresso.tools.linux_11.1.0.201909161352/tools/bin/../lib/gcc/arm-none-eabi/8.3.1/../../../../arm-none-eabi/lib/thumb/v6-m/nofp/libcr_c.a(memset.o)
 .comment       0x0000000000000076       0x77 /usr/local/mcuxpressoide-11.1.0_3209/ide/plugins/com.nxp.mcuxpresso.tools.linux_11.1.0.201909161352/tools/bin/../lib/gcc/arm-none-eabi/8.3.1/../../../../arm-none-eabi/lib/thumb/v6-m/nofp/libcr_c.a(_deferredlazyseek.o)
 .comment       0x0000000000000076       0x77 /usr/local/mcuxpressoide-11.1.0_3209/ide/plugins/com.nxp.mcuxpresso.tools.linux_11.1.0.201909161352/tools/bin/../lib/gcc/arm-none-eabi/8.3.1/../../../../arm-none-eabi/lib/thumb/v6-m/nofp/libcr_c.a(_fflush.o)
 .comment       0x0000000000000076       0x77 /usr/local/mcuxpressoide-11.1.0_3209/ide/plugins/com.nxp.mcuxpresso.tools.linux_11.1.0.201909161352/tools/bin/../lib/gcc/arm-none-eabi/8.3.1/../../../../arm-none-eabi/lib/thumb/v6-m/nofp/libcr_c.a(_writebuf.o)
 .comment       0x0000000000000076       0x77 /usr/local/mcuxpressoide-11.1.0_3209/ide/plugins/com.nxp.mcuxpresso.tools.linux_11.1.0.201909161352/tools/bin/../lib/gcc/arm-none-eabi/8.3.1/../../../../arm-none-eabi/lib/thumb/v6-m/nofp/libcr_c.a(alloc.o)
 .comment       0x0000000000000076       0x77 /usr/local/mcuxpressoide-11.1.0_3209/ide/plugins/com.nxp.mcuxpresso.tools.linux_11.1.0.201909161352/tools/bin/../lib/gcc/arm-none-eabi/8.3.1/../../../../arm-none-eabi/lib/thumb/v6-m/nofp/libcr_c.a(fputs.o)
 .comment       0x0000000000000076       0x77 /usr/local/mcuxpressoide-11.1.0_3209/ide/plugins/com.nxp.mcuxpresso.tools.linux_11.1.0.201909161352/tools/bin/../lib/gcc/arm-none-eabi/8.3.1/../../../../arm-none-eabi/lib/thumb/v6-m/nofp/libcr_c.a(fseek.o)
 .comment       0x0000000000000076       0x77 /usr/local/mcuxpressoide-11.1.0_3209/ide/plugins/com.nxp.mcuxpresso.tools.linux_11.1.0.201909161352/tools/bin/../lib/gcc/arm-none-eabi/8.3.1/../../../../arm-none-eabi/lib/thumb/v6-m/nofp/libcr_c.a(ftell.o)
 .comment       0x0000000000000076       0x77 /usr/local/mcuxpressoide-11.1.0_3209/ide/plugins/com.nxp.mcuxpresso.tools.linux_11.1.0.201909161352/tools/bin/../lib/gcc/arm-none-eabi/8.3.1/../../../../arm-none-eabi/lib/thumb/v6-m/nofp/libcr_c.a(initio.o)
 .comment       0x0000000000000076       0x77 /usr/local/mcuxpressoide-11.1.0_3209/ide/plugins/com.nxp.mcuxpresso.tools.linux_11.1.0.201909161352/tools/bin/../lib/gcc/arm-none-eabi/8.3.1/../../../../arm-none-eabi/lib/thumb/v6-m/nofp/libcr_c.a(printf.o)
 .comment       0x0000000000000076       0x77 /usr/local/mcuxpressoide-11.1.0_3209/ide/plugins/com.nxp.mcuxpresso.tools.linux_11.1.0.201909161352/tools/bin/../lib/gcc/arm-none-eabi/8.3.1/../../../../arm-none-eabi/lib/thumb/v6-m/nofp/libcr_c.a(setvbuf.o)
 .comment       0x0000000000000076       0x77 /usr/local/mcuxpressoide-11.1.0_3209/ide/plugins/com.nxp.mcuxpresso.tools.linux_11.1.0.201909161352/tools/bin/../lib/gcc/arm-none-eabi/8.3.1/../../../../arm-none-eabi/lib/thumb/v6-m/nofp/libcr_c.a(strlen.o)
 .comment       0x0000000000000076       0x77 /usr/local/mcuxpressoide-11.1.0_3209/ide/plugins/com.nxp.mcuxpresso.tools.linux_11.1.0.201909161352/tools/bin/../lib/gcc/arm-none-eabi/8.3.1/../../../../arm-none-eabi/lib/thumb/v6-m/nofp/libcr_c.a(__init_alloc.o)
 .comment       0x0000000000000076       0x77 /usr/local/mcuxpressoide-11.1.0_3209/ide/plugins/com.nxp.mcuxpresso.tools.linux_11.1.0.201909161352/tools/bin/../lib/gcc/arm-none-eabi/8.3.1/../../../../arm-none-eabi/lib/thumb/v6-m/nofp/libcr_c.a(_cr_sbrk.o)
 .comment       0x0000000000000076       0x77 /usr/local/mcuxpressoide-11.1.0_3209/ide/plugins/com.nxp.mcuxpresso.tools.linux_11.1.0.201909161352/tools/bin/../lib/gcc/arm-none-eabi/8.3.1/../../../../arm-none-eabi/lib/thumb/v6-m/nofp/libcr_c.a(_fdopen.o)
 .comment       0x0000000000000076       0x77 /usr/local/mcuxpressoide-11.1.0_3209/ide/plugins/com.nxp.mcuxpresso.tools.linux_11.1.0.201909161352/tools/bin/../lib/gcc/arm-none-eabi/8.3.1/../../../../arm-none-eabi/lib/thumb/v6-m/nofp/libcr_c.a(errno.o)
 .comment       0x0000000000000076       0x77 /usr/local/mcuxpressoide-11.1.0_3209/ide/plugins/com.nxp.mcuxpresso.tools.linux_11.1.0.201909161352/tools/bin/../lib/gcc/arm-none-eabi/8.3.1/../../../../arm-none-eabi/lib/thumb/v6-m/nofp/libcr_c.a(fclose.o)
 .comment       0x0000000000000076       0x77 /usr/local/mcuxpressoide-11.1.0_3209/ide/plugins/com.nxp.mcuxpresso.tools.linux_11.1.0.201909161352/tools/bin/../lib/gcc/arm-none-eabi/8.3.1/../../../../arm-none-eabi/lib/thumb/v6-m/nofp/libcr_c.a(fflush.o)
 .comment       0x0000000000000076       0x77 /usr/local/mcuxpressoide-11.1.0_3209/ide/plugins/com.nxp.mcuxpresso.tools.linux_11.1.0.201909161352/tools/bin/../lib/gcc/arm-none-eabi/8.3.1/../../../../arm-none-eabi/lib/thumb/v6-m/nofp/libcr_c.a(remove.o)
 .comment       0x0000000000000076       0x77 /usr/local/mcuxpressoide-11.1.0_3209/ide/plugins/com.nxp.mcuxpresso.tools.linux_11.1.0.201909161352/tools/bin/../lib/gcc/arm-none-eabi/8.3.1/../../../../arm-none-eabi/lib/thumb/v6-m/nofp/libcr_c.a(_cr_check_heap.o)
 .comment       0x0000000000000076       0x77 /usr/local/mcuxpressoide-11.1.0_3209/ide/plugins/com.nxp.mcuxpresso.tools.linux_11.1.0.201909161352/tools/bin/../lib/gcc/arm-none-eabi/8.3.1/../../../../arm-none-eabi/lib/thumb/v6-m/nofp/libcr_c.a(_do_fflush.o)

.ARM.attributes
                0x0000000000000000       0x2a
 .ARM.attributes
                0x0000000000000000       0x2c ./utilities/fsl_debug_console.o
 .ARM.attributes
                0x000000000000002c       0x2c ./startup/startup_mkl25z4.o
 .ARM.attributes
                0x0000000000000058       0x2c ./source/System.o
 .ARM.attributes
                0x0000000000000084       0x2c ./source/buffer.o
 .ARM.attributes
                0x00000000000000b0       0x2c ./source/gpio.o
 .ARM.attributes
                0x00000000000000dc       0x2c ./source/led.o
 .ARM.attributes
                0x0000000000000108       0x2c ./source/logger.o
 .ARM.attributes
                0x0000000000000134       0x32 ./source/mtb.o
 .ARM.attributes
                0x0000000000000166       0x2c ./source/project_5.o
 .ARM.attributes
                0x0000000000000192       0x2c ./source/semihost_hardfault.o
 .ARM.attributes
                0x00000000000001be       0x2c ./source/test.o
 .ARM.attributes
                0x00000000000001ea       0x2c ./source/timer.o
 .ARM.attributes
                0x0000000000000216       0x2c ./drivers/fsl_clock.o
 .ARM.attributes
                0x0000000000000242       0x2c ./drivers/fsl_i2c.o
 .ARM.attributes
                0x000000000000026e       0x2c ./drivers/fsl_lpsci.o
 .ARM.attributes
                0x000000000000029a       0x2c ./drivers/fsl_spi.o
 .ARM.attributes
                0x00000000000002c6       0x2c ./drivers/fsl_uart.o
 .ARM.attributes
                0x00000000000002f2       0x2c ./board/board.o
 .ARM.attributes
                0x000000000000031e       0x2c ./board/clock_config.o
 .ARM.attributes
                0x000000000000034a       0x2c ./board/peripherals.o
 .ARM.attributes
                0x0000000000000376       0x2c ./board/pin_mux.o
 .ARM.attributes
                0x00000000000003a2       0x2c ./CMSIS/system_MKL25Z4.o
 .ARM.attributes
                0x00000000000003ce       0x31 /usr/local/mcuxpressoide-11.1.0_3209/ide/plugins/com.nxp.mcuxpresso.tools.linux_11.1.0.201909161352/tools/bin/../lib/gcc/arm-none-eabi/8.3.1/../../../../arm-none-eabi/lib/thumb/v6-m/nofp/libcr_semihost_nf.a(__ciob.o)
 .ARM.attributes
                0x00000000000003ff       0x2c /usr/local/mcuxpressoide-11.1.0_3209/ide/plugins/com.nxp.mcuxpresso.tools.linux_11.1.0.201909161352/tools/bin/../lib/gcc/arm-none-eabi/8.3.1/../../../../arm-none-eabi/lib/thumb/v6-m/nofp/libcr_semihost_nf.a(_cr__main.o)
 .ARM.attributes
                0x000000000000042b       0x2c /usr/local/mcuxpressoide-11.1.0_3209/ide/plugins/com.nxp.mcuxpresso.tools.linux_11.1.0.201909161352/tools/bin/../lib/gcc/arm-none-eabi/8.3.1/../../../../arm-none-eabi/lib/thumb/v6-m/nofp/libcr_semihost_nf.a(_cr_assert.o)
 .ARM.attributes
                0x0000000000000457       0x1c /usr/local/mcuxpressoide-11.1.0_3209/ide/plugins/com.nxp.mcuxpresso.tools.linux_11.1.0.201909161352/tools/bin/../lib/gcc/arm-none-eabi/8.3.1/../../../../arm-none-eabi/lib/thumb/v6-m/nofp/libcr_semihost_nf.a(__sys_appexit.o)
 .ARM.attributes
                0x0000000000000473       0x2c /usr/local/mcuxpressoide-11.1.0_3209/ide/plugins/com.nxp.mcuxpresso.tools.linux_11.1.0.201909161352/tools/bin/../lib/gcc/arm-none-eabi/8.3.1/../../../../arm-none-eabi/lib/thumb/v6-m/nofp/libcr_c.a(memset.o)
 .ARM.attributes
                0x000000000000049f       0x2c /usr/local/mcuxpressoide-11.1.0_3209/ide/plugins/com.nxp.mcuxpresso.tools.linux_11.1.0.201909161352/tools/bin/../lib/gcc/arm-none-eabi/8.3.1/../../../../arm-none-eabi/lib/thumb/v6-m/nofp/libcr_c.a(_deferredlazyseek.o)
 .ARM.attributes
                0x00000000000004cb       0x2c /usr/local/mcuxpressoide-11.1.0_3209/ide/plugins/com.nxp.mcuxpresso.tools.linux_11.1.0.201909161352/tools/bin/../lib/gcc/arm-none-eabi/8.3.1/../../../../arm-none-eabi/lib/thumb/v6-m/nofp/libcr_c.a(_fflush.o)
 .ARM.attributes
                0x00000000000004f7       0x2c /usr/local/mcuxpressoide-11.1.0_3209/ide/plugins/com.nxp.mcuxpresso.tools.linux_11.1.0.201909161352/tools/bin/../lib/gcc/arm-none-eabi/8.3.1/../../../../arm-none-eabi/lib/thumb/v6-m/nofp/libcr_c.a(_writebuf.o)
 .ARM.attributes
                0x0000000000000523       0x2c /usr/local/mcuxpressoide-11.1.0_3209/ide/plugins/com.nxp.mcuxpresso.tools.linux_11.1.0.201909161352/tools/bin/../lib/gcc/arm-none-eabi/8.3.1/../../../../arm-none-eabi/lib/thumb/v6-m/nofp/libcr_c.a(alloc.o)
 .ARM.attributes
                0x000000000000054f       0x2c /usr/local/mcuxpressoide-11.1.0_3209/ide/plugins/com.nxp.mcuxpresso.tools.linux_11.1.0.201909161352/tools/bin/../lib/gcc/arm-none-eabi/8.3.1/../../../../arm-none-eabi/lib/thumb/v6-m/nofp/libcr_c.a(fputs.o)
 .ARM.attributes
                0x000000000000057b       0x2c /usr/local/mcuxpressoide-11.1.0_3209/ide/plugins/com.nxp.mcuxpresso.tools.linux_11.1.0.201909161352/tools/bin/../lib/gcc/arm-none-eabi/8.3.1/../../../../arm-none-eabi/lib/thumb/v6-m/nofp/libcr_c.a(fseek.o)
 .ARM.attributes
                0x00000000000005a7       0x2c /usr/local/mcuxpressoide-11.1.0_3209/ide/plugins/com.nxp.mcuxpresso.tools.linux_11.1.0.201909161352/tools/bin/../lib/gcc/arm-none-eabi/8.3.1/../../../../arm-none-eabi/lib/thumb/v6-m/nofp/libcr_c.a(ftell.o)
 .ARM.attributes
                0x00000000000005d3       0x2c /usr/local/mcuxpressoide-11.1.0_3209/ide/plugins/com.nxp.mcuxpresso.tools.linux_11.1.0.201909161352/tools/bin/../lib/gcc/arm-none-eabi/8.3.1/../../../../arm-none-eabi/lib/thumb/v6-m/nofp/libcr_c.a(initio.o)
 .ARM.attributes
                0x00000000000005ff       0x2c /usr/local/mcuxpressoide-11.1.0_3209/ide/plugins/com.nxp.mcuxpresso.tools.linux_11.1.0.201909161352/tools/bin/../lib/gcc/arm-none-eabi/8.3.1/../../../../arm-none-eabi/lib/thumb/v6-m/nofp/libcr_c.a(printf.o)
 .ARM.attributes
                0x000000000000062b       0x2c /usr/local/mcuxpressoide-11.1.0_3209/ide/plugins/com.nxp.mcuxpresso.tools.linux_11.1.0.201909161352/tools/bin/../lib/gcc/arm-none-eabi/8.3.1/../../../../arm-none-eabi/lib/thumb/v6-m/nofp/libcr_c.a(setvbuf.o)
 .ARM.attributes
                0x0000000000000657       0x2c /usr/local/mcuxpressoide-11.1.0_3209/ide/plugins/com.nxp.mcuxpresso.tools.linux_11.1.0.201909161352/tools/bin/../lib/gcc/arm-none-eabi/8.3.1/../../../../arm-none-eabi/lib/thumb/v6-m/nofp/libcr_c.a(strlen.o)
 .ARM.attributes
                0x0000000000000683       0x2c /usr/local/mcuxpressoide-11.1.0_3209/ide/plugins/com.nxp.mcuxpresso.tools.linux_11.1.0.201909161352/tools/bin/../lib/gcc/arm-none-eabi/8.3.1/../../../../arm-none-eabi/lib/thumb/v6-m/nofp/libcr_c.a(__init_alloc.o)
 .ARM.attributes
                0x00000000000006af       0x2c /usr/local/mcuxpressoide-11.1.0_3209/ide/plugins/com.nxp.mcuxpresso.tools.linux_11.1.0.201909161352/tools/bin/../lib/gcc/arm-none-eabi/8.3.1/../../../../arm-none-eabi/lib/thumb/v6-m/nofp/libcr_c.a(_cr_sbrk.o)
 .ARM.attributes
                0x00000000000006db       0x2c /usr/local/mcuxpressoide-11.1.0_3209/ide/plugins/com.nxp.mcuxpresso.tools.linux_11.1.0.201909161352/tools/bin/../lib/gcc/arm-none-eabi/8.3.1/../../../../arm-none-eabi/lib/thumb/v6-m/nofp/libcr_c.a(_fdopen.o)
 .ARM.attributes
                0x0000000000000707       0x31 /usr/local/mcuxpressoide-11.1.0_3209/ide/plugins/com.nxp.mcuxpresso.tools.linux_11.1.0.201909161352/tools/bin/../lib/gcc/arm-none-eabi/8.3.1/../../../../arm-none-eabi/lib/thumb/v6-m/nofp/libcr_c.a(errno.o)
 .ARM.attributes
                0x0000000000000738       0x2c /usr/local/mcuxpressoide-11.1.0_3209/ide/plugins/com.nxp.mcuxpresso.tools.linux_11.1.0.201909161352/tools/bin/../lib/gcc/arm-none-eabi/8.3.1/../../../../arm-none-eabi/lib/thumb/v6-m/nofp/libcr_c.a(fclose.o)
 .ARM.attributes
                0x0000000000000764       0x2c /usr/local/mcuxpressoide-11.1.0_3209/ide/plugins/com.nxp.mcuxpresso.tools.linux_11.1.0.201909161352/tools/bin/../lib/gcc/arm-none-eabi/8.3.1/../../../../arm-none-eabi/lib/thumb/v6-m/nofp/libcr_c.a(fflush.o)
 .ARM.attributes
                0x0000000000000790       0x2c /usr/local/mcuxpressoide-11.1.0_3209/ide/plugins/com.nxp.mcuxpresso.tools.linux_11.1.0.201909161352/tools/bin/../lib/gcc/arm-none-eabi/8.3.1/../../../../arm-none-eabi/lib/thumb/v6-m/nofp/libcr_c.a(remove.o)
 .ARM.attributes
                0x00000000000007bc       0x2c /usr/local/mcuxpressoide-11.1.0_3209/ide/plugins/com.nxp.mcuxpresso.tools.linux_11.1.0.201909161352/tools/bin/../lib/gcc/arm-none-eabi/8.3.1/../../../../arm-none-eabi/lib/thumb/v6-m/nofp/libcr_c.a(_cr_check_heap.o)
 .ARM.attributes
                0x00000000000007e8       0x2c /usr/local/mcuxpressoide-11.1.0_3209/ide/plugins/com.nxp.mcuxpresso.tools.linux_11.1.0.201909161352/tools/bin/../lib/gcc/arm-none-eabi/8.3.1/../../../../arm-none-eabi/lib/thumb/v6-m/nofp/libcr_c.a(_do_fflush.o)
 .ARM.attributes
                0x0000000000000814       0x1c /usr/local/mcuxpressoide-11.1.0_3209/ide/plugins/com.nxp.mcuxpresso.tools.linux_11.1.0.201909161352/tools/bin/../lib/gcc/arm-none-eabi/8.3.1/thumb/v6-m/nofp/libcr_eabihelpers.a(division_32.o)
 .ARM.attributes
                0x0000000000000830       0x1c /usr/local/mcuxpressoide-11.1.0_3209/ide/plugins/com.nxp.mcuxpresso.tools.linux_11.1.0.201909161352/tools/bin/../lib/gcc/arm-none-eabi/8.3.1/thumb/v6-m/nofp/libcr_eabihelpers.a(division_64.o)
 .ARM.attributes
                0x000000000000084c       0x1c /usr/local/mcuxpressoide-11.1.0_3209/ide/plugins/com.nxp.mcuxpresso.tools.linux_11.1.0.201909161352/tools/bin/../lib/gcc/arm-none-eabi/8.3.1/thumb/v6-m/nofp/libcr_eabihelpers.a(division_idiv0.o)
 .ARM.attributes
                0x0000000000000868       0x1c /usr/local/mcuxpressoide-11.1.0_3209/ide/plugins/com.nxp.mcuxpresso.tools.linux_11.1.0.201909161352/tools/bin/../lib/gcc/arm-none-eabi/8.3.1/thumb/v6-m/nofp/libcr_eabihelpers.a(llong.o)
 .ARM.attributes
                0x0000000000000884       0x1c /usr/local/mcuxpressoide-11.1.0_3209/ide/plugins/com.nxp.mcuxpresso.tools.linux_11.1.0.201909161352/tools/bin/../lib/gcc/arm-none-eabi/8.3.1/thumb/v6-m/nofp/libcr_eabihelpers.a(memcpy.o)
 .ARM.attributes
                0x00000000000008a0       0x1c /usr/local/mcuxpressoide-11.1.0_3209/ide/plugins/com.nxp.mcuxpresso.tools.linux_11.1.0.201909161352/tools/bin/../lib/gcc/arm-none-eabi/8.3.1/../../../../arm-none-eabi/lib/thumb/v6-m/nofp/libcr_semihost_nf.a(__sys_close.o)
 .ARM.attributes
                0x00000000000008bc       0x1c /usr/local/mcuxpressoide-11.1.0_3209/ide/plugins/com.nxp.mcuxpresso.tools.linux_11.1.0.201909161352/tools/bin/../lib/gcc/arm-none-eabi/8.3.1/../../../../arm-none-eabi/lib/thumb/v6-m/nofp/libcr_semihost_nf.a(__sys_flen.o)
 .ARM.attributes
                0x00000000000008d8       0x1c /usr/local/mcuxpressoide-11.1.0_3209/ide/plugins/com.nxp.mcuxpresso.tools.linux_11.1.0.201909161352/tools/bin/../lib/gcc/arm-none-eabi/8.3.1/../../../../arm-none-eabi/lib/thumb/v6-m/nofp/libcr_semihost_nf.a(__sys_istty.o)
 .ARM.attributes
                0x00000000000008f4       0x1c /usr/local/mcuxpressoide-11.1.0_3209/ide/plugins/com.nxp.mcuxpresso.tools.linux_11.1.0.201909161352/tools/bin/../lib/gcc/arm-none-eabi/8.3.1/../../../../arm-none-eabi/lib/thumb/v6-m/nofp/libcr_semihost_nf.a(__sys_remove.o)
 .ARM.attributes
                0x0000000000000910       0x1c /usr/local/mcuxpressoide-11.1.0_3209/ide/plugins/com.nxp.mcuxpresso.tools.linux_11.1.0.201909161352/tools/bin/../lib/gcc/arm-none-eabi/8.3.1/../../../../arm-none-eabi/lib/thumb/v6-m/nofp/libcr_semihost_nf.a(__sys_seek.o)
 .ARM.attributes
                0x000000000000092c       0x1c /usr/local/mcuxpressoide-11.1.0_3209/ide/plugins/com.nxp.mcuxpresso.tools.linux_11.1.0.201909161352/tools/bin/../lib/gcc/arm-none-eabi/8.3.1/../../../../arm-none-eabi/lib/thumb/v6-m/nofp/libcr_semihost_nf.a(__sys_tmpnam.o)
 .ARM.attributes
                0x0000000000000948       0x1c /usr/local/mcuxpressoide-11.1.0_3209/ide/plugins/com.nxp.mcuxpresso.tools.linux_11.1.0.201909161352/tools/bin/../lib/gcc/arm-none-eabi/8.3.1/../../../../arm-none-eabi/lib/thumb/v6-m/nofp/libcr_semihost_nf.a(__sys_write.o)

.debug_frame    0x0000000000000000     0x260c
 .debug_frame   0x0000000000000000       0xcc ./utilities/fsl_debug_console.o
 .debug_frame   0x00000000000000cc      0x3b0 ./startup/startup_mkl25z4.o
 .debug_frame   0x000000000000047c       0xe0 ./source/System.o
 .debug_frame   0x000000000000055c      0x110 ./source/buffer.o
 .debug_frame   0x000000000000066c       0x90 ./source/gpio.o
 .debug_frame   0x00000000000006fc       0xdc ./source/led.o
 .debug_frame   0x00000000000007d8      0x164 ./source/logger.o
 .debug_frame   0x000000000000093c       0x34 ./source/project_5.o
 .debug_frame   0x0000000000000970       0x20 ./source/semihost_hardfault.o
 .debug_frame   0x0000000000000990       0x30 ./source/test.o
 .debug_frame   0x00000000000009c0       0xa8 ./source/timer.o
 .debug_frame   0x0000000000000a68      0x6e0 ./drivers/fsl_clock.o
 .debug_frame   0x0000000000001148      0x58c ./drivers/fsl_i2c.o
 .debug_frame   0x00000000000016d4      0x418 ./drivers/fsl_lpsci.o
 .debug_frame   0x0000000000001aec      0x468 ./drivers/fsl_spi.o
 .debug_frame   0x0000000000001f54      0x468 ./drivers/fsl_uart.o
 .debug_frame   0x00000000000023bc       0x50 ./board/board.o
 .debug_frame   0x000000000000240c      0x100 ./board/clock_config.o
 .debug_frame   0x000000000000250c       0x2c ./board/peripherals.o
 .debug_frame   0x0000000000002538       0x88 ./board/pin_mux.o
 .debug_frame   0x00000000000025c0       0x4c ./CMSIS/system_MKL25Z4.o

Cross Reference Table

Symbol                                            File
ADC0_DriverIRQHandler                             ./startup/startup_mkl25z4.o
ADC0_IRQHandler                                   ./startup/startup_mkl25z4.o
BOARD_BootClockRUN                                ./board/clock_config.o
BOARD_BootClockVLPR                               ./board/clock_config.o
BOARD_InitBootClocks                              ./board/clock_config.o
                                                  ./source/project_5.o
BOARD_InitBootPeripherals                         ./board/peripherals.o
                                                  ./source/project_5.o
BOARD_InitBootPins                                ./board/pin_mux.o
                                                  ./source/project_5.o
BOARD_InitDebugConsole                            ./board/board.o
                                                  ./source/project_5.o
BOARD_InitPins                                    ./board/pin_mux.o
CLOCK_BootToBlpeMode                              ./drivers/fsl_clock.o
CLOCK_BootToBlpiMode                              ./drivers/fsl_clock.o
                                                  ./board/clock_config.o
CLOCK_BootToFeeMode                               ./drivers/fsl_clock.o
CLOCK_BootToFeiMode                               ./drivers/fsl_clock.o
CLOCK_BootToPeeMode                               ./drivers/fsl_clock.o
                                                  ./board/clock_config.o
CLOCK_CalcPllDiv                                  ./drivers/fsl_clock.o
CLOCK_ClearStatusFlags                            ./drivers/fsl_clock.o
CLOCK_DeinitOsc0                                  ./drivers/fsl_clock.o
CLOCK_EnablePll0                                  ./drivers/fsl_clock.o
CLOCK_EnableUsbfs0Clock                           ./drivers/fsl_clock.o
CLOCK_ExternalModeToFbeModeQuick                  ./drivers/fsl_clock.o
CLOCK_FllStableDelay                              ./drivers/fsl_clock.o
CLOCK_GetBusClkFreq                               ./drivers/fsl_clock.o
CLOCK_GetCoreSysClkFreq                           ./drivers/fsl_clock.o
CLOCK_GetEr32kClkFreq                             ./drivers/fsl_clock.o
CLOCK_GetFixedFreqClkFreq                         ./drivers/fsl_clock.o
CLOCK_GetFlashClkFreq                             ./drivers/fsl_clock.o
CLOCK_GetFllFreq                                  ./drivers/fsl_clock.o
CLOCK_GetFreq                                     ./drivers/fsl_clock.o
CLOCK_GetInternalRefClkFreq                       ./drivers/fsl_clock.o
CLOCK_GetMode                                     ./drivers/fsl_clock.o
CLOCK_GetOsc0ErClkFreq                            ./drivers/fsl_clock.o
CLOCK_GetOutClkFreq                               ./drivers/fsl_clock.o
CLOCK_GetPlatClkFreq                              ./drivers/fsl_clock.o
CLOCK_GetPll0Freq                                 ./drivers/fsl_clock.o
CLOCK_GetPllFllSelClkFreq                         ./drivers/fsl_clock.o
                                                  ./board/board.o
CLOCK_GetStatusFlags                              ./drivers/fsl_clock.o
CLOCK_InitOsc0                                    ./drivers/fsl_clock.o
                                                  ./board/clock_config.o
CLOCK_InternalModeToFbiModeQuick                  ./drivers/fsl_clock.o
CLOCK_SetBlpeMode                                 ./drivers/fsl_clock.o
CLOCK_SetBlpiMode                                 ./drivers/fsl_clock.o
CLOCK_SetExternalRefClkConfig                     ./drivers/fsl_clock.o
CLOCK_SetFbeMode                                  ./drivers/fsl_clock.o
CLOCK_SetFbiMode                                  ./drivers/fsl_clock.o
CLOCK_SetFeeMode                                  ./drivers/fsl_clock.o
CLOCK_SetFeiMode                                  ./drivers/fsl_clock.o
CLOCK_SetInternalRefClkConfig                     ./drivers/fsl_clock.o
                                                  ./board/clock_config.o
CLOCK_SetMcgConfig                                ./drivers/fsl_clock.o
CLOCK_SetOsc0MonitorMode                          ./drivers/fsl_clock.o
CLOCK_SetPbeMode                                  ./drivers/fsl_clock.o
CLOCK_SetPeeMode                                  ./drivers/fsl_clock.o
CLOCK_SetPll0MonitorMode                          ./drivers/fsl_clock.o
CLOCK_SetSimConfig                                ./drivers/fsl_clock.o
                                                  ./board/clock_config.o
CLOCK_TrimInternalRefClk                          ./drivers/fsl_clock.o
CMP0_DriverIRQHandler                             ./startup/startup_mkl25z4.o
CMP0_IRQHandler                                   ./startup/startup_mkl25z4.o
DAC0_DriverIRQHandler                             ./startup/startup_mkl25z4.o
DAC0_IRQHandler                                   ./startup/startup_mkl25z4.o
DMA0_DriverIRQHandler                             ./startup/startup_mkl25z4.o
DMA0_IRQHandler                                   ./startup/startup_mkl25z4.o
DMA1_DriverIRQHandler                             ./startup/startup_mkl25z4.o
DMA1_IRQHandler                                   ./startup/startup_mkl25z4.o
DMA2_DriverIRQHandler                             ./startup/startup_mkl25z4.o
DMA2_IRQHandler                                   ./startup/startup_mkl25z4.o
DMA3_DriverIRQHandler                             ./startup/startup_mkl25z4.o
DMA3_IRQHandler                                   ./startup/startup_mkl25z4.o
DbgConsole_Deinit                                 ./utilities/fsl_debug_console.o
DbgConsole_Init                                   ./utilities/fsl_debug_console.o
                                                  ./board/board.o
FLASH_Erase                                       ./drivers/fsl_flash.o
FLASH_EraseAll                                    ./drivers/fsl_flash.o
FLASH_EraseAllExecuteOnlySegments                 ./drivers/fsl_flash.o
FLASH_GetProperty                                 ./drivers/fsl_flash.o